Component: Arm Compiler for Embedded 6.23 Tool: armlink [5f102400]

==============================================================================

Section Cross References

    main.o(.text.main) refers to at32f415_wk_config.o(.text.wk_system_clock_config) for wk_system_clock_config
    main.o(.text.main) refers to at32f415_wk_config.o(.text.wk_periph_clock_config) for wk_periph_clock_config
    main.o(.text.main) refers to wk_debug.o(.text.wk_debug_config) for wk_debug_config
    main.o(.text.main) refers to at32f415_wk_config.o(.text.wk_nvic_config) for wk_nvic_config
    main.o(.text.main) refers to wk_system.o(.text.wk_timebase_init) for wk_timebase_init
    main.o(.text.main) refers to wk_gpio.o(.text.wk_gpio_config) for wk_gpio_config
    main.o(.text.main) refers to wk_usart.o(.text.wk_usart1_init) for wk_usart1_init
    main.o(.text.main) refers to wk_crc.o(.text.wk_crc_init) for wk_crc_init
    main.o(.text.main) refers to flash.o(.text.flash_upgrade_flag_read) for flash_upgrade_flag_read
    main.o(.text.main) refers to iap.o(.text.app_load) for app_load
    main.o(.text.main) refers to at32f415_int.o(.text.usart1_send_ok) for usart1_send_ok
    main.o(.text.main) refers to main.o(.bss.iap_done) for iap_done
    main.o(.text.main) refers to at32f415_crm.o(.text.crm_reset) for crm_reset
    main.o(.ARM.exidx.text.main) refers to main.o(.text.main) for [Anonymous Symbol]
    at32f415_wk_config.o(.text.wk_system_clock_config) refers to at32f415_crm.o(.text.crm_reset) for crm_reset
    at32f415_wk_config.o(.text.wk_system_clock_config) refers to at32f415_crm.o(.text.crm_clock_source_enable) for crm_clock_source_enable
    at32f415_wk_config.o(.text.wk_system_clock_config) refers to at32f415_crm.o(.text.crm_flag_get) for crm_flag_get
    at32f415_wk_config.o(.text.wk_system_clock_config) refers to at32f415_crm.o(.text.crm_hext_stable_wait) for crm_hext_stable_wait
    at32f415_wk_config.o(.text.wk_system_clock_config) refers to at32f415_crm.o(.text.crm_pll_config2) for crm_pll_config2
    at32f415_wk_config.o(.text.wk_system_clock_config) refers to at32f415_crm.o(.text.crm_ahb_div_set) for crm_ahb_div_set
    at32f415_wk_config.o(.text.wk_system_clock_config) refers to at32f415_crm.o(.text.crm_apb2_div_set) for crm_apb2_div_set
    at32f415_wk_config.o(.text.wk_system_clock_config) refers to at32f415_crm.o(.text.crm_apb1_div_set) for crm_apb1_div_set
    at32f415_wk_config.o(.text.wk_system_clock_config) refers to at32f415_crm.o(.text.crm_auto_step_mode_enable) for crm_auto_step_mode_enable
    at32f415_wk_config.o(.text.wk_system_clock_config) refers to at32f415_crm.o(.text.crm_sysclk_switch) for crm_sysclk_switch
    at32f415_wk_config.o(.text.wk_system_clock_config) refers to at32f415_crm.o(.text.crm_sysclk_switch_status_get) for crm_sysclk_switch_status_get
    at32f415_wk_config.o(.text.wk_system_clock_config) refers to system_at32f415.o(.text.system_core_clock_update) for system_core_clock_update
    at32f415_wk_config.o(.ARM.exidx.text.wk_system_clock_config) refers to at32f415_wk_config.o(.text.wk_system_clock_config) for [Anonymous Symbol]
    at32f415_wk_config.o(.text.wk_periph_clock_config) refers to at32f415_crm.o(.text.crm_periph_clock_enable) for crm_periph_clock_enable
    at32f415_wk_config.o(.ARM.exidx.text.wk_periph_clock_config) refers to at32f415_wk_config.o(.text.wk_periph_clock_config) for [Anonymous Symbol]
    at32f415_wk_config.o(.text.wk_nvic_config) refers to at32f415_misc.o(.text.nvic_priority_group_config) for nvic_priority_group_config
    at32f415_wk_config.o(.text.wk_nvic_config) refers to at32f415_misc.o(.text.nvic_irq_enable) for nvic_irq_enable
    at32f415_wk_config.o(.ARM.exidx.text.wk_nvic_config) refers to at32f415_wk_config.o(.text.wk_nvic_config) for [Anonymous Symbol]
    at32f415_int.o(.ARM.exidx.text.NMI_Handler) refers to at32f415_int.o(.text.NMI_Handler) for [Anonymous Symbol]
    at32f415_int.o(.ARM.exidx.text.HardFault_Handler) refers to at32f415_int.o(.text.HardFault_Handler) for [Anonymous Symbol]
    at32f415_int.o(.ARM.exidx.text.MemManage_Handler) refers to at32f415_int.o(.text.MemManage_Handler) for [Anonymous Symbol]
    at32f415_int.o(.ARM.exidx.text.BusFault_Handler) refers to at32f415_int.o(.text.BusFault_Handler) for [Anonymous Symbol]
    at32f415_int.o(.ARM.exidx.text.UsageFault_Handler) refers to at32f415_int.o(.text.UsageFault_Handler) for [Anonymous Symbol]
    at32f415_int.o(.ARM.exidx.text.SVC_Handler) refers to at32f415_int.o(.text.SVC_Handler) for [Anonymous Symbol]
    at32f415_int.o(.ARM.exidx.text.DebugMon_Handler) refers to at32f415_int.o(.text.DebugMon_Handler) for [Anonymous Symbol]
    at32f415_int.o(.ARM.exidx.text.PendSV_Handler) refers to at32f415_int.o(.text.PendSV_Handler) for [Anonymous Symbol]
    at32f415_int.o(.text.SysTick_Handler) refers to wk_system.o(.text.wk_timebase_handler) for wk_timebase_handler
[...]
    at32f415_crm.o(.ARM.exidx.text.crm_auto_step_mode_enable) refers to at32f415_crm.o(.text.crm_auto_step_mode_enable) for [Anonymous Symbol]
    at32f415_crm.o(.ARM.exidx.text.crm_hick_divider_select) refers to at32f415_crm.o(.text.crm_hick_divider_select) for [Anonymous Symbol]
    at32f415_crm.o(.ARM.exidx.text.crm_hick_sclk_frequency_select) refers to at32f415_crm.o(.text.crm_hick_sclk_frequency_select) for [Anonymous Symbol]
    at32f415_crm.o(.ARM.exidx.text.crm_usb_clock_source_select) refers to at32f415_crm.o(.text.crm_usb_clock_source_select) for [Anonymous Symbol]
    at32f415_crm.o(.ARM.exidx.text.crm_clkout_div_set) refers to at32f415_crm.o(.text.crm_clkout_div_set) for [Anonymous Symbol]
    at32f415_crm.o(.ARM.exidx.text.crm_otgfs_ep3_remap_enable) refers to at32f415_crm.o(.text.crm_otgfs_ep3_remap_enable) for [Anonymous Symbol]
    at32f415_crm.o(.ARM.exidx.text.crm_usbdiv_reset) refers to at32f415_crm.o(.text.crm_usbdiv_reset) for [Anonymous Symbol]
    at32f415_flash.o(.ARM.exidx.text.flash_flag_get) refers to at32f415_flash.o(.text.flash_flag_get) for [Anonymous Symbol]
    at32f415_flash.o(.ARM.exidx.text.flash_flag_clear) refers to at32f415_flash.o(.text.flash_flag_clear) for [Anonymous Symbol]
    at32f415_flash.o(.ARM.exidx.text.flash_operation_status_get) refers to at32f415_flash.o(.text.flash_operation_status_get) for [Anonymous Symbol]
    at32f415_flash.o(.ARM.exidx.text.flash_operation_wait_for) refers to at32f415_flash.o(.text.flash_operation_wait_for) for [Anonymous Symbol]
    at32f415_flash.o(.ARM.exidx.text.flash_unlock) refers to at32f415_flash.o(.text.flash_unlock) for [Anonymous Symbol]
    at32f415_flash.o(.ARM.exidx.text.flash_lock) refers to at32f415_flash.o(.text.flash_lock) for [Anonymous Symbol]
    at32f415_flash.o(.ARM.exidx.text.flash_sector_erase) refers to at32f415_flash.o(.text.flash_sector_erase) for [Anonymous Symbol]
    at32f415_flash.o(.ARM.exidx.text.flash_internal_all_erase) refers to at32f415_flash.o(.text.flash_internal_all_erase) for [Anonymous Symbol]
    at32f415_flash.o(.ARM.exidx.text.flash_user_system_data_erase) refers to at32f415_flash.o(.text.flash_user_system_data_erase) for [Anonymous Symbol]
    at32f415_flash.o(.ARM.exidx.text.flash_fap_status_get) refers to at32f415_flash.o(.text.flash_fap_status_get) for [Anonymous Symbol]
    at32f415_flash.o(.ARM.exidx.text.flash_word_program) refers to at32f415_flash.o(.text.flash_word_program) for [Anonymous Symbol]
    at32f415_flash.o(.ARM.exidx.text.flash_halfword_program) refers to at32f415_flash.o(.text.flash_halfword_program) for [Anonymous Symbol]
    at32f415_flash.o(.ARM.exidx.text.flash_byte_program) refers to at32f415_flash.o(.text.flash_byte_program) for [Anonymous Symbol]
    at32f415_flash.o(.ARM.exidx.text.flash_user_system_data_program) refers to at32f415_flash.o(.text.flash_user_system_data_program) for [Anonymous Symbol]
    at32f415_flash.o(.ARM.exidx.text.flash_epp_set) refers to at32f415_flash.o(.text.flash_epp_set) for [Anonymous Symbol]
    at32f415_flash.o(.ARM.exidx.text.flash_epp_status_get) refers to at32f415_flash.o(.text.flash_epp_status_get) for [Anonymous Symbol]
    at32f415_flash.o(.ARM.exidx.text.flash_fap_enable) refers to at32f415_flash.o(.text.flash_fap_enable) for [Anonymous Symbol]
    at32f415_flash.o(.ARM.exidx.text.flash_fap_high_level_enable) refers to at32f415_flash.o(.text.flash_fap_high_level_enable) for [Anonymous Symbol]
    at32f415_flash.o(.ARM.exidx.text.flash_fap_high_level_status_get) refers to at32f415_flash.o(.text.flash_fap_high_level_status_get) for [Anonymous Symbol]
    at32f415_flash.o(.ARM.exidx.text.flash_ssb_set) refers to at32f415_flash.o(.text.flash_ssb_set) for [Anonymous Symbol]
    at32f415_flash.o(.ARM.exidx.text.flash_ssb_status_get) refers to at32f415_flash.o(.text.flash_ssb_status_get) for [Anonymous Symbol]
    at32f415_flash.o(.ARM.exidx.text.flash_interrupt_enable) refers to at32f415_flash.o(.text.flash_interrupt_enable) for [Anonymous Symbol]
    at32f415_flash.o(.ARM.exidx.text.flash_slib_enable) refers to at32f415_flash.o(.text.flash_slib_enable) for [Anonymous Symbol]
    at32f415_flash.o(.ARM.exidx.text.flash_slib_disable) refers to at32f415_flash.o(.text.flash_slib_disable) for [Anonymous Symbol]
    at32f415_flash.o(.ARM.exidx.text.flash_slib_state_get) refers to at32f415_flash.o(.text.flash_slib_state_get) for [Anonymous Symbol]
    at32f415_flash.o(.ARM.exidx.text.flash_slib_start_sector_get) refers to at32f415_flash.o(.text.flash_slib_start_sector_get) for [Anonymous Symbol]
    at32f415_flash.o(.ARM.exidx.text.flash_slib_datastart_sector_get) refers to at32f415_flash.o(.text.flash_slib_datastart_sector_get) for [Anonymous Symbol]
    at32f415_flash.o(.ARM.exidx.text.flash_slib_end_sector_get) refers to at32f415_flash.o(.text.flash_slib_end_sector_get) for [Anonymous Symbol]
    at32f415_flash.o(.ARM.exidx.text.flash_crc_calibrate) refers to at32f415_flash.o(.text.flash_crc_calibrate) for [Anonymous Symbol]
    at32f415_flash.o(.ARM.exidx.text.flash_boot_memory_extension_mode_enable) refers to at32f415_flash.o(.text.flash_boot_memory_extension_mode_enable) for [Anonymous Symbol]
    at32f415_flash.o(.ARM.exidx.text.flash_extension_memory_slib_enable) refers to at32f415_flash.o(.text.flash_extension_memory_slib_enable) for [Anonymous Symbol]
    at32f415_flash.o(.ARM.exidx.text.flash_extension_memory_slib_state_get) refers to at32f415_flash.o(.text.flash_extension_memory_slib_state_get) for [Anonymous Symbol]
    at32f415_flash.o(.ARM.exidx.text.flash_em_slib_datastart_sector_get) refers to at32f415_flash.o(.text.flash_em_slib_datastart_sector_get) for [Anonymous Symbol]
    at32f415_gpio.o(.text.gpio_reset) refers to at32f415_gpio.o(.rodata..Lswitch.table.gpio_reset.1) for .Lswitch.table.gpio_reset.1
    at32f415_gpio.o(.text.gpio_reset) refers to at32f415_crm.o(.text.crm_periph_reset) for crm_periph_reset
    at32f415_gpio.o(.ARM.exidx.text.gpio_reset) refers to at32f415_gpio.o(.text.gpio_reset) for [Anonymous Symbol]
    at32f415_gpio.o(.text.gpio_iomux_reset) refers to at32f415_crm.o(.text.crm_periph_reset) for crm_periph_reset
    at32f415_gpio.o(.ARM.exidx.text.gpio_iomux_reset) refers to at32f415_gpio.o(.text.gpio_iomux_reset) for [Anonymous Symbol]
    at32f415_gpio.o(.ARM.exidx.text.gpio_init) refers to at32f415_gpio.o(.text.gpio_init) for [Anonymous Symbol]
    at32f415_gpio.o(.ARM.exidx.text.gpio_default_para_init) refers to at32f415_gpio.o(.text.gpio_default_para_init) for [Anonymous Symbol]
    at32f415_gpio.o(.ARM.exidx.text.gpio_input_data_bit_read) refers to at32f415_gpio.o(.text.gpio_input_data_bit_read) for [Anonymous Symbol]
    at32f415_gpio.o(.ARM.exidx.text.gpio_input_data_read) refers to at32f415_gpio.o(.text.gpio_input_data_read) for [Anonymous Symbol]
    at32f415_gpio.o(.ARM.exidx.text.gpio_output_data_bit_read) refers to at32f415_gpio.o(.text.gpio_output_data_bit_read) for [Anonymous Symbol]
    at32f415_gpio.o(.ARM.exidx.text.gpio_output_data_read) refers to at32f415_gpio.o(.text.gpio_output_data_read) for [Anonymous Symbol]
    at32f415_gpio.o(.ARM.exidx.text.gpio_bits_set) refers to at32f415_gpio.o(.text.gpio_bits_set) for [Anonymous Symbol]
    at32f415_gpio.o(.ARM.exidx.text.gpio_bits_reset) refers to at32f415_gpio.o(.text.gpio_bits_reset) for [Anonymous Symbol]
    at32f415_gpio.o(.ARM.exidx.text.gpio_bits_write) refers to at32f415_gpio.o(.text.gpio_bits_write) for [Anonymous Symbol]
    at32f415_gpio.o(.ARM.exidx.text.gpio_port_write) refers to at32f415_gpio.o(.text.gpio_port_write) for [Anonymous Symbol]
    at32f415_gpio.o(.ARM.exidx.text.gpio_pin_wp_config) refers to at32f415_gpio.o(.text.gpio_pin_wp_config) for [Anonymous Symbol]
    at32f415_gpio.o(.ARM.exidx.text.gpio_event_output_config) refers to at32f415_gpio.o(.text.gpio_event_output_config) for [Anonymous Symbol]
    at32f415_gpio.o(.ARM.exidx.text.gpio_event_output_enable) refers to at32f415_gpio.o(.text.gpio_event_output_enable) for [Anonymous Symbol]
    at32f415_gpio.o(.ARM.exidx.text.gpio_pin_remap_config) refers to at32f415_gpio.o(.text.gpio_pin_remap_config) for [Anonymous Symbol]
    at32f415_gpio.o(.ARM.exidx.text.gpio_exint_line_config) refers to at32f415_gpio.o(.text.gpio_exint_line_config) for [Anonymous Symbol]
    at32f415_misc.o(.text.nvic_system_reset) refers to at32f415_misc.o(.text.__NVIC_SystemReset) for __NVIC_SystemReset
    at32f415_misc.o(.ARM.exidx.text.nvic_system_reset) refers to at32f415_misc.o(.text.nvic_system_reset) for [Anonymous Symbol]
    at32f415_misc.o(.ARM.exidx.text.__NVIC_SystemReset) refers to at32f415_misc.o(.text.__NVIC_SystemReset) for [Anonymous Symbol]
    at32f415_misc.o(.ARM.exidx.text.nvic_irq_enable) refers to at32f415_misc.o(.text.nvic_irq_enable) for [Anonymous Symbol]
    at32f415_misc.o(.ARM.exidx.text.nvic_irq_disable) refers to at32f415_misc.o(.text.nvic_irq_disable) for [Anonymous Symbol]
    at32f415_misc.o(.ARM.exidx.text.nvic_priority_group_config) refers to at32f415_misc.o(.text.nvic_priority_group_config) for [Anonymous Symbol]
    at32f415_misc.o(.ARM.exidx.text.nvic_vector_table_set) refers to at32f415_misc.o(.text.nvic_vector_table_set) for [Anonymous Symbol]
    at32f415_misc.o(.ARM.exidx.text.nvic_lowpower_mode_config) refers to at32f415_misc.o(.text.nvic_lowpower_mode_config) for [Anonymous Symbol]
    at32f415_misc.o(.ARM.exidx.text.systick_clock_source_config) refers to at32f415_misc.o(.text.systick_clock_source_config) for [Anonymous Symbol]
    at32f415_pwc.o(.text.pwc_reset) refers to at32f415_crm.o(.text.crm_periph_reset) for crm_periph_reset
    at32f415_pwc.o(.ARM.exidx.text.pwc_reset) refers to at32f415_pwc.o(.text.pwc_reset) for [Anonymous Symbol]
    at32f415_pwc.o(.ARM.exidx.text.pwc_battery_powered_domain_access) refers to at32f415_pwc.o(.text.pwc_battery_powered_domain_access) for [Anonymous Symbol]
    at32f415_pwc.o(.ARM.exidx.text.pwc_pvm_level_select) refers to at32f415_pwc.o(.text.pwc_pvm_level_select) for [Anonymous Symbol]
    at32f415_pwc.o(.ARM.exidx.text.pwc_power_voltage_monitor_enable) refers to at32f415_pwc.o(.text.pwc_power_voltage_monitor_enable) for [Anonymous Symbol]
    at32f415_pwc.o(.ARM.exidx.text.pwc_wakeup_pin_enable) refers to at32f415_pwc.o(.text.pwc_wakeup_pin_enable) for [Anonymous Symbol]
    at32f415_pwc.o(.ARM.exidx.text.pwc_flag_clear) refers to at32f415_pwc.o(.text.pwc_flag_clear) for [Anonymous Symbol]
    at32f415_pwc.o(.ARM.exidx.text.pwc_flag_get) refers to at32f415_pwc.o(.text.pwc_flag_get) for [Anonymous Symbol]
    at32f415_pwc.o(.ARM.exidx.text.pwc_sleep_mode_enter) refers to at32f415_pwc.o(.text.pwc_sleep_mode_enter) for [Anonymous Symbol]
    at32f415_pwc.o(.ARM.exidx.text.pwc_deep_sleep_mode_enter) refers to at32f415_pwc.o(.text.pwc_deep_sleep_mode_enter) for [Anonymous Symbol]
    at32f415_pwc.o(.ARM.exidx.text.pwc_voltage_regulate_set) refers to at32f415_pwc.o(.text.pwc_voltage_regulate_set) for [Anonymous Symbol]
    at32f415_pwc.o(.ARM.exidx.text.pwc_standby_mode_enter) refers to at32f415_pwc.o(.text.pwc_standby_mode_enter) for [Anonymous Symbol]
    at32f415_usart.o(.text.usart_reset) refers to at32f415_crm.o(.text.crm_periph_reset) for crm_periph_reset
    at32f415_usart.o(.ARM.exidx.text.usart_reset) refers to at32f415_usart.o(.text.usart_reset) for [Anonymous Symbol]
    at32f415_usart.o(.text.usart_init) refers to at32f415_crm.o(.text.crm_clocks_freq_get) for crm_clocks_freq_get
    at32f415_usart.o(.ARM.exidx.text.usart_init) refers to at32f415_usart.o(.text.usart_init) for [Anonymous Symbol]
    at32f415_usart.o(.ARM.exidx.text.usart_parity_selection_config) refers to at32f415_usart.o(.text.usart_parity_selection_config) for [Anonymous Symbol]
    at32f415_usart.o(.ARM.exidx.text.usart_enable) refers to at32f415_usart.o(.text.usart_enable) for [Anonymous Symbol]
    at32f415_usart.o(.ARM.exidx.text.usart_transmitter_enable) refers to at32f415_usart.o(.text.usart_transmitter_enable) for [Anonymous Symbol]
    at32f415_usart.o(.ARM.exidx.text.usart_receiver_enable) refers to at32f415_usart.o(.text.usart_receiver_enable) for [Anonymous Symbol]
    at32f415_usart.o(.ARM.exidx.text.usart_clock_config) refers to at32f415_usart.o(.text.usart_clock_config) for [Anonymous Symbol]
    at32f415_usart.o(.ARM.exidx.text.usart_clock_enable) refers to at32f415_usart.o(.text.usart_clock_enable) for [Anonymous Symbol]
    at32f415_usart.o(.ARM.exidx.text.usart_interrupt_enable) refers to at32f415_usart.o(.text.usart_interrupt_enable) for [Anonymous Symbol]
    at32f415_usart.o(.ARM.exidx.text.usart_dma_transmitter_enable) refers to at32f415_usart.o(.text.usart_dma_transmitter_enable) for [Anonymous Symbol]
    at32f415_usart.o(.ARM.exidx.text.usart_dma_receiver_enable) refers to at32f415_usart.o(.text.usart_dma_receiver_enable) for [Anonymous Symbol]
    at32f415_usart.o(.ARM.exidx.text.usart_wakeup_id_set) refers to at32f415_usart.o(.text.usart_wakeup_id_set) for [Anonymous Symbol]
    at32f415_usart.o(.ARM.exidx.text.usart_wakeup_mode_set) refers to at32f415_usart.o(.text.usart_wakeup_mode_set) for [Anonymous Symbol]
    at32f415_usart.o(.ARM.exidx.text.usart_receiver_mute_enable) refers to at32f415_usart.o(.text.usart_receiver_mute_enable) for [Anonymous Symbol]
    at32f415_usart.o(.ARM.exidx.text.usart_break_bit_num_set) refers to at32f415_usart.o(.text.usart_break_bit_num_set) for [Anonymous Symbol]
    at32f415_usart.o(.ARM.exidx.text.usart_lin_mode_enable) refers to at32f415_usart.o(.text.usart_lin_mode_enable) for [Anonymous Symbol]
    at32f415_usart.o(.ARM.exidx.text.usart_data_transmit) refers to at32f415_usart.o(.text.usart_data_transmit) for [Anonymous Symbol]
    at32f415_usart.o(.ARM.exidx.text.usart_data_receive) refers to at32f415_usart.o(.text.usart_data_receive) for [Anonymous Symbol]
    at32f415_usart.o(.ARM.exidx.text.usart_break_send) refers to at32f415_usart.o(.text.usart_break_send) for [Anonymous Symbol]
    at32f415_usart.o(.ARM.exidx.text.usart_smartcard_guard_time_set) refers to at32f415_usart.o(.text.usart_smartcard_guard_time_set) for [Anonymous Symbol]
    at32f415_usart.o(.ARM.exidx.text.usart_irda_smartcard_division_set) refers to at32f415_usart.o(.text.usart_irda_smartcard_division_set) for [Anonymous Symbol]
    at32f415_usart.o(.ARM.exidx.text.usart_smartcard_mode_enable) refers to at32f415_usart.o(.text.usart_smartcard_mode_enable) for [Anonymous Symbol]
    at32f415_usart.o(.ARM.exidx.text.usart_smartcard_nack_set) refers to at32f415_usart.o(.text.usart_smartcard_nack_set) for [Anonymous Symbol]
    at32f415_usart.o(.ARM.exidx.text.usart_single_line_halfduplex_select) refers to at32f415_usart.o(.text.usart_single_line_halfduplex_select) for [Anonymous Symbol]
    at32f415_usart.o(.ARM.exidx.text.usart_irda_mode_enable) refers to at32f415_usart.o(.text.usart_irda_mode_enable) for [Anonymous Symbol]
    at32f415_usart.o(.ARM.exidx.text.usart_irda_low_power_enable) refers to at32f415_usart.o(.text.usart_irda_low_power_enable) for [Anonymous Symbol]
    at32f415_usart.o(.ARM.exidx.text.usart_hardware_flow_control_set) refers to at32f415_usart.o(.text.usart_hardware_flow_control_set) for [Anonymous Symbol]
    at32f415_usart.o(.ARM.exidx.text.usart_flag_get) refers to at32f415_usart.o(.text.usart_flag_get) for [Anonymous Symbol]
    at32f415_usart.o(.ARM.exidx.text.usart_interrupt_flag_get) refers to at32f415_usart.o(.text.usart_interrupt_flag_get) for [Anonymous Symbol]
    at32f415_usart.o(.ARM.exidx.text.usart_flag_clear) refers to at32f415_usart.o(.text.usart_flag_clear) for [Anonymous Symbol]
    at32f415_debug.o(.ARM.exidx.text.debug_device_id_get) refers to at32f415_debug.o(.text.debug_device_id_get) for [Anonymous Symbol]
    at32f415_debug.o(.ARM.exidx.text.debug_periph_mode_set) refers to at32f415_debug.o(.text.debug_periph_mode_set) for [Anonymous Symbol]
    system_at32f415.o(.ARM.exidx.text.SystemInit) refers to system_at32f415.o(.text.SystemInit) for [Anonymous Symbol]
    system_at32f415.o(.text.system_core_clock_update) refers to at32f415_crm.o(.text.crm_sysclk_switch_status_get) for crm_sysclk_switch_status_get
    system_at32f415.o(.text.system_core_clock_update) refers to system_at32f415.o(.data.system_core_clock) for system_core_clock
    system_at32f415.o(.ARM.exidx.text.system_core_clock_update) refers to system_at32f415.o(.text.system_core_clock_update) for [Anonymous Symbol]
    startup_at32f415.o(RESET) refers to startup_at32f415.o(STACK) for __initial_sp
    startup_at32f415.o(RESET) refers to startup_at32f415.o(.text) for Reset_Handler
    startup_at32f415.o(RESET) refers to at32f415_int.o(.text.NMI_Handler) for NMI_Handler
    startup_at32f415.o(RESET) refers to at32f415_int.o(.text.HardFault_Handler) for HardFault_Handler
    startup_at32f415.o(RESET) refers to at32f415_int.o(.text.MemManage_Handler) for MemManage_Handler
    startup_at32f415.o(RESET) refers to at32f415_int.o(.text.BusFault_Handler) for BusFault_Handler
    startup_at32f415.o(RESET) refers to at32f415_int.o(.text.UsageFault_Handler) for UsageFault_Handler
    startup_at32f415.o(RESET) refers to at32f415_int.o(.text.SVC_Handler) for SVC_Handler
    startup_at32f415.o(RESET) refers to at32f415_int.o(.text.DebugMon_Handler) for DebugMon_Handler
    startup_at32f415.o(RESET) refers to at32f415_int.o(.text.PendSV_Handler) for PendSV_Handler
    startup_at32f415.o(RESET) refers to at32f415_int.o(.text.SysTick_Handler) for SysTick_Handler
    startup_at32f415.o(RESET) refers to at32f415_int.o(.text.USART1_IRQHandler) for USART1_IRQHandler
    startup_at32f415.o(.text) refers to system_at32f415.o(.text.SystemInit) for SystemInit
    startup_at32f415.o(.text) refers to entry.o(.ARM.Collect$$$$00000000) for __main
    entry.o(.ARM.Collect$$$$00000000) refers (Special) to entry10a.o(.ARM.Collect$$$$0000000D) for __rt_final_cpp
    entry.o(.ARM.Collect$$$$00000000) refers (Special) to entry11a.o(.ARM.Collect$$$$0000000F) for __rt_final_exit
    entry.o(.ARM.Collect$$$$00000000) refers (Special) to entry7b.o(.ARM.Collect$$$$00000008) for _main_clock
    entry.o(.ARM.Collect$$$$00000000) refers (Special) to entry8b.o(.ARM.Collect$$$$0000000A) for _main_cpp_init
    entry.o(.ARM.Collect$$$$00000000) refers (Special) to entry9a.o(.ARM.Collect$$$$0000000B) for _main_init
    entry.o(.ARM.Collect$$$$00000000) refers (Special) to entry5.o(.ARM.Collect$$$$00000004) for _main_scatterload
    entry.o(.ARM.Collect$$$$00000000) refers (Special) to entry2.o(.ARM.Collect$$$$00000001) for _main_stk
    entry2.o(.ARM.Collect$$$$00000001) refers to entry2.o(.ARM.Collect$$$$00002712) for __lit__00000000
    entry2.o(.ARM.Collect$$$$00002712) refers to startup_at32f415.o(STACK) for __initial_sp
    entry2.o(__vectab_stack_and_reset_area) refers to startup_at32f415.o(STACK) for __initial_sp
    entry2.o(__vectab_stack_and_reset_area) refers to entry.o(.ARM.Collect$$$$00000000) for __main
    entry5.o(.ARM.Collect$$$$00000004) refers to init.o(.text) for __scatterload
    entry9a.o(.ARM.Collect$$$$0000000B) refers to main.o(.text.main) for main
    entry9b.o(.ARM.Collect$$$$0000000C) refers to main.o(.text.main) for main
    init.o(.text) refers to entry5.o(.ARM.Collect$$$$00000004) for __main_after_scatterload


==============================================================================

Removing Unused input sections from the image.

    Removing main.o(.text), (0 bytes).
    Removing main.o(.ARM.exidx.text.main), (8 bytes).
    Removing main.o(.ARM.use_no_argv), (4 bytes).
    Removing at32f415_wk_config.o(.text), (0 bytes).
    Removing at32f415_wk_config.o(.ARM.exidx.text.wk_system_clock_config), (8 bytes).
    Removing at32f415_wk_config.o(.ARM.exidx.text.wk_periph_clock_config), (8 bytes).
    Removing at32f415_wk_config.o(.ARM.exidx.text.wk_nvic_config), (8 bytes).
    Removing at32f415_int.o(.text), (0 bytes).
    Removing at32f415_int.o(.ARM.exidx.text.NMI_Handler), (8 bytes).
    Removing at32f415_int.o(.ARM.exidx.text.HardFault_Handler), (8 bytes).
    Removing at32f415_int.o(.ARM.exidx.text.MemManage_Handler), (8 bytes).
    Removing at32f415_int.o(.ARM.exidx.text.BusFault_Handler), (8 bytes).
    Removing at32f415_int.o(.ARM.exidx.text.UsageFault_Handler), (8 bytes).
    Removing at32f415_int.o(.ARM.exidx.text.SVC_Handler), (8 bytes).
    Removing at32f415_int.o(.ARM.exidx.text.DebugMon_Handler), (8 bytes).
    Removing at32f415_int.o(.ARM.exidx.text.PendSV_Handler), (8 bytes).
    Removing at32f415_int.o(.ARM.exidx.text.SysTick_Handler), (8 bytes).
    Removing at32f415_int.o(.ARM.exidx.text.USART1_IRQHandler), (8 bytes).
    Removing at32f415_int.o(.text.convert_data), (132 bytes).
    Removing at32f415_int.o(.ARM.exidx.text.convert_data), (8 bytes).
    Removing at32f415_int.o(.ARM.exidx.text.usart1_connet_pc), (8 bytes).
    Removing at32f415_int.o(.ARM.exidx.text.usart1_send_ok), (8 bytes).
    Removing at32f415_int.o(.text.copy_array), (36 bytes).
    Removing at32f415_int.o(.ARM.exidx.text.copy_array), (8 bytes).
    Removing at32f415_int.o(.ARM.exidx.text.usart1_send_error), (8 bytes).
    Removing at32f415_int.o(.text.copy_uint8_array), (126 bytes).
    Removing at32f415_int.o(.ARM.exidx.text.copy_uint8_array), (8 bytes).
    Removing wk_system.o(.text), (0 bytes).
    Removing wk_system.o(.ARM.exidx.text.wk_timebase_increase), (8 bytes).
    Removing wk_system.o(.text.wk_timebase_get), (12 bytes).
    Removing wk_system.o(.ARM.exidx.text.wk_timebase_get), (8 bytes).
    Removing wk_system.o(.text.wk_delay_ms), (32 bytes).
    Removing wk_system.o(.ARM.exidx.text.wk_delay_ms), (8 bytes).
    Removing wk_system.o(.ARM.exidx.text.wk_timebase_init), (8 bytes).
    Removing wk_system.o(.ARM.exidx.text.wk_timebase_handler), (8 bytes).
    Removing wk_crc.o(.text), (0 bytes).
    Removing wk_crc.o(.ARM.exidx.text.wk_crc_init), (8 bytes).
    Removing wk_usart.o(.text), (0 bytes).
    Removing wk_usart.o(.ARM.exidx.text.wk_usart1_init), (8 bytes).
    Removing wk_debug.o(.text), (0 bytes).
    Removing wk_debug.o(.ARM.exidx.text.wk_debug_config), (8 bytes).
    Removing flash.o(.text), (0 bytes).
    Removing flash.o(.ARM.exidx.text.flash_2kb_write), (8 bytes).
    Removing flash.o(.text.flash_1kb_write), (76 bytes).
    Removing flash.o(.ARM.exidx.text.flash_1kb_write), (8 bytes).
    Removing flash.o(.ARM.exidx.text.flash_upgrade_flag_read), (8 bytes).
    Removing iap.o(.text), (0 bytes).
    Removing iap.o(.ARM.exidx.text.app_load), (8 bytes).
    Removing iap.o(.ARM.exidx.text.__NVIC_ClearPendingIRQ), (8 bytes).
    Removing wk_gpio.o(.text), (0 bytes).
    Removing wk_gpio.o(.ARM.exidx.text.wk_gpio_config), (8 bytes).
    Removing at32f415_crc.o(.text), (0 bytes).
    Removing at32f415_crc.o(.ARM.exidx.text.crc_data_reset), (8 bytes).
    Removing at32f415_crc.o(.text.crc_one_word_calculate), (14 bytes).
    Removing at32f415_crc.o(.ARM.exidx.text.crc_one_word_calculate), (8 bytes).
    Removing at32f415_crc.o(.ARM.exidx.text.crc_block_calculate), (8 bytes).
    Removing at32f415_crc.o(.text.crc_data_get), (12 bytes).
    Removing at32f415_crc.o(.ARM.exidx.text.crc_data_get), (8 bytes).
    Removing at32f415_crc.o(.text.crc_common_data_set), (20 bytes).
    Removing at32f415_crc.o(.ARM.exidx.text.crc_common_data_set), (8 bytes).
    Removing at32f415_crc.o(.text.crc_common_data_get), (14 bytes).
    Removing at32f415_crc.o(.ARM.exidx.text.crc_common_data_get), (8 bytes).
    Removing at32f415_crc.o(.ARM.exidx.text.crc_init_data_set), (8 bytes).
    Removing at32f415_crc.o(.ARM.exidx.text.crc_reverse_input_data_set), (8 bytes).
    Removing at32f415_crc.o(.ARM.exidx.text.crc_reverse_output_data_set), (8 bytes).
    Removing at32f415_crc.o(.ARM.exidx.text.crc_poly_value_set), (8 bytes).
    Removing at32f415_crc.o(.text.crc_poly_value_get), (12 bytes).
    Removing at32f415_crc.o(.ARM.exidx.text.crc_poly_value_get), (8 bytes).
    Removing at32f415_crc.o(.ARM.exidx.text.crc_poly_size_set), (8 bytes).
    Removing at32f415_crc.o(.text.crc_poly_size_get), (16 bytes).
    Removing at32f415_crc.o(.ARM.exidx.text.crc_poly_size_get), (8 bytes).
    Removing at32f415_crm.o(.text), (0 bytes).
    Removing at32f415_crm.o(.ARM.exidx.text.crm_reset), (8 bytes).
    Removing at32f415_crm.o(.text.crm_lext_bypass), (26 bytes).
    Removing at32f415_crm.o(.ARM.exidx.text.crm_lext_bypass), (8 bytes).
    Removing at32f415_crm.o(.text.crm_hext_bypass), (26 bytes).
    Removing at32f415_crm.o(.ARM.exidx.text.crm_hext_bypass), (8 bytes).
    Removing at32f415_crm.o(.ARM.exidx.text.crm_flag_get), (8 bytes).
    Removing at32f415_crm.o(.text.crm_interrupt_flag_get), (164 bytes).
    Removing at32f415_crm.o(.ARM.exidx.text.crm_interrupt_flag_get), (8 bytes).
    Removing at32f415_crm.o(.ARM.exidx.text.crm_hext_stable_wait), (8 bytes).
    Removing at32f415_crm.o(.text.crm_hick_clock_trimming_set), (26 bytes).
    Removing at32f415_crm.o(.ARM.exidx.text.crm_hick_clock_trimming_set), (8 bytes).
    Removing at32f415_crm.o(.text.crm_hick_clock_calibration_set), (44 bytes).
    Removing at32f415_crm.o(.ARM.exidx.text.crm_hick_clock_calibration_set), (8 bytes).
    Removing at32f415_crm.o(.ARM.exidx.text.crm_periph_clock_enable), (8 bytes).
    Removing at32f415_crm.o(.text.crm_periph_reset), (40 bytes).
    Removing at32f415_crm.o(.ARM.exidx.text.crm_periph_reset), (8 bytes).
    Removing at32f415_crm.o(.text.crm_periph_sleep_mode_clock_enable), (40 bytes).
    Removing at32f415_crm.o(.ARM.exidx.text.crm_periph_sleep_mode_clock_enable), (8 bytes).
    Removing at32f415_crm.o(.ARM.exidx.text.crm_clock_source_enable), (8 bytes).
    Removing at32f415_crm.o(.text.crm_flag_clear), (124 bytes).
    Removing at32f415_crm.o(.ARM.exidx.text.crm_flag_clear), (8 bytes).
    Removing at32f415_crm.o(.text.crm_ertc_clock_select), (26 bytes).
    Removing at32f415_crm.o(.ARM.exidx.text.crm_ertc_clock_select), (8 bytes).
    Removing at32f415_crm.o(.text.crm_ertc_clock_enable), (26 bytes).
    Removing at32f415_crm.o(.ARM.exidx.text.crm_ertc_clock_enable), (8 bytes).
    Removing at32f415_crm.o(.ARM.exidx.text.crm_ahb_div_set), (8 bytes).
    Removing at32f415_crm.o(.ARM.exidx.text.crm_apb1_div_set), (8 bytes).
    Removing at32f415_crm.o(.ARM.exidx.text.crm_apb2_div_set), (8 bytes).
    Removing at32f415_crm.o(.text.crm_adc_clock_div_set), (28 bytes).
    Removing at32f415_crm.o(.ARM.exidx.text.crm_adc_clock_div_set), (8 bytes).
    Removing at32f415_crm.o(.text.crm_usb_clock_div_set), (28 bytes).
    Removing at32f415_crm.o(.ARM.exidx.text.crm_usb_clock_div_set), (8 bytes).
    Removing at32f415_crm.o(.text.crm_clock_failure_detection_enable), (26 bytes).
    Removing at32f415_crm.o(.ARM.exidx.text.crm_clock_failure_detection_enable), (8 bytes).
    Removing at32f415_crm.o(.text.crm_battery_powered_domain_reset), (26 bytes).
    Removing at32f415_crm.o(.ARM.exidx.text.crm_battery_powered_domain_reset), (8 bytes).
    Removing at32f415_crm.o(.text.crm_pll_config), (90 bytes).
    Removing at32f415_crm.o(.ARM.exidx.text.crm_pll_config), (8 bytes).
    Removing at32f415_crm.o(.ARM.exidx.text.crm_pll_config2), (8 bytes).
    Removing at32f415_crm.o(.ARM.exidx.text.crm_sysclk_switch), (8 bytes).
    Removing at32f415_crm.o(.ARM.exidx.text.crm_sysclk_switch_status_get), (8 bytes).
    Removing at32f415_crm.o(.ARM.exidx.text.crm_clocks_freq_get), (8 bytes).
    Removing at32f415_crm.o(.text.crm_clock_out_set), (28 bytes).
    Removing at32f415_crm.o(.ARM.exidx.text.crm_clock_out_set), (8 bytes).
    Removing at32f415_crm.o(.text.crm_interrupt_enable), (24 bytes).
    Removing at32f415_crm.o(.ARM.exidx.text.crm_interrupt_enable), (8 bytes).
    Removing at32f415_crm.o(.ARM.exidx.text.crm_auto_step_mode_enable), (8 bytes).
    Removing at32f415_crm.o(.text.crm_hick_divider_select), (26 bytes).
    Removing at32f415_crm.o(.ARM.exidx.text.crm_hick_divider_select), (8 bytes).
    Removing at32f415_crm.o(.text.crm_hick_sclk_frequency_select), (34 bytes).
    Removing at32f415_crm.o(.ARM.exidx.text.crm_hick_sclk_frequency_select), (8 bytes).
    Removing at32f415_crm.o(.text.crm_usb_clock_source_select), (50 bytes).
    Removing at32f415_crm.o(.ARM.exidx.text.crm_usb_clock_source_select), (8 bytes).
    Removing at32f415_crm.o(.text.crm_clkout_div_set), (22 bytes).
    Removing at32f415_crm.o(.ARM.exidx.text.crm_clkout_div_set), (8 bytes).
    Removing at32f415_crm.o(.text.crm_otgfs_ep3_remap_enable), (22 bytes).
    Removing at32f415_crm.o(.ARM.exidx.text.crm_otgfs_ep3_remap_enable), (8 bytes).
    Removing at32f415_crm.o(.text.crm_usbdiv_reset), (26 bytes).
    Removing at32f415_crm.o(.ARM.exidx.text.crm_usbdiv_reset), (8 bytes).
    Removing at32f415_flash.o(.text), (0 bytes).
    Removing at32f415_flash.o(.text.flash_flag_get), (40 bytes).
    Removing at32f415_flash.o(.ARM.exidx.text.flash_flag_get), (8 bytes).
    Removing at32f415_flash.o(.text.flash_flag_clear), (12 bytes).
    Removing at32f415_flash.o(.ARM.exidx.text.flash_flag_clear), (8 bytes).
    Removing at32f415_flash.o(.text.flash_operation_status_get), (42 bytes).
    Removing at32f415_flash.o(.ARM.exidx.text.flash_operation_status_get), (8 bytes).
    Removing at32f415_flash.o(.text.flash_operation_wait_for), (108 bytes).
    Removing at32f415_flash.o(.ARM.exidx.text.flash_operation_wait_for), (8 bytes).
    Removing at32f415_flash.o(.ARM.exidx.text.flash_unlock), (8 bytes).
    Removing at32f415_flash.o(.ARM.exidx.text.flash_lock), (8 bytes).
    Removing at32f415_flash.o(.ARM.exidx.text.flash_sector_erase), (8 bytes).
    Removing at32f415_flash.o(.text.flash_internal_all_erase), (130 bytes).
    Removing at32f415_flash.o(.ARM.exidx.text.flash_internal_all_erase), (8 bytes).
    Removing at32f415_flash.o(.text.flash_user_system_data_erase), (314 bytes).
    Removing at32f415_flash.o(.ARM.exidx.text.flash_user_system_data_erase), (8 bytes).
    Removing at32f415_flash.o(.text.flash_fap_status_get), (16 bytes).
    Removing at32f415_flash.o(.ARM.exidx.text.flash_fap_status_get), (8 bytes).
    Removing at32f415_flash.o(.text.flash_word_program), (122 bytes).
    Removing at32f415_flash.o(.ARM.exidx.text.flash_word_program), (8 bytes).
    Removing at32f415_flash.o(.ARM.exidx.text.flash_halfword_program), (8 bytes).
    Removing at32f415_flash.o(.text.flash_byte_program), (122 bytes).
    Removing at32f415_flash.o(.ARM.exidx.text.flash_byte_program), (8 bytes).
    Removing at32f415_flash.o(.text.flash_user_system_data_program), (154 bytes).
    Removing at32f415_flash.o(.ARM.exidx.text.flash_user_system_data_program), (8 bytes).
    Removing at32f415_flash.o(.text.flash_epp_set), (514 bytes).
    Removing at32f415_flash.o(.ARM.exidx.text.flash_epp_set), (8 bytes).
    Removing at32f415_flash.o(.text.flash_epp_status_get), (14 bytes).
    Removing at32f415_flash.o(.ARM.exidx.text.flash_epp_status_get), (8 bytes).
    Removing at32f415_flash.o(.text.flash_fap_enable), (298 bytes).
    Removing at32f415_flash.o(.ARM.exidx.text.flash_fap_enable), (8 bytes).
    Removing at32f415_flash.o(.text.flash_fap_high_level_enable), (602 bytes).
    Removing at32f415_flash.o(.ARM.exidx.text.flash_fap_high_level_enable), (8 bytes).
    Removing at32f415_flash.o(.text.flash_fap_high_level_status_get), (16 bytes).
    Removing at32f415_flash.o(.ARM.exidx.text.flash_fap_high_level_status_get), (8 bytes).
    Removing at32f415_flash.o(.text.flash_ssb_set), (162 bytes).
    Removing at32f415_flash.o(.ARM.exidx.text.flash_ssb_set), (8 bytes).
    Removing at32f415_flash.o(.text.flash_ssb_status_get), (16 bytes).
    Removing at32f415_flash.o(.ARM.exidx.text.flash_ssb_status_get), (8 bytes).
    Removing at32f415_flash.o(.text.flash_interrupt_enable), (60 bytes).
    Removing at32f415_flash.o(.ARM.exidx.text.flash_interrupt_enable), (8 bytes).
    Removing at32f415_flash.o(.text.flash_slib_enable), (322 bytes).
    Removing at32f415_flash.o(.ARM.exidx.text.flash_slib_enable), (8 bytes).
    Removing at32f415_flash.o(.text.flash_slib_disable), (130 bytes).
    Removing at32f415_flash.o(.ARM.exidx.text.flash_slib_disable), (8 bytes).
    Removing at32f415_flash.o(.text.flash_slib_state_get), (16 bytes).
    Removing at32f415_flash.o(.ARM.exidx.text.flash_slib_state_get), (8 bytes).
    Removing at32f415_flash.o(.text.flash_slib_start_sector_get), (16 bytes).
    Removing at32f415_flash.o(.ARM.exidx.text.flash_slib_start_sector_get), (8 bytes).
    Removing at32f415_flash.o(.text.flash_slib_datastart_sector_get), (16 bytes).
    Removing at32f415_flash.o(.ARM.exidx.text.flash_slib_datastart_sector_get), (8 bytes).
    Removing at32f415_flash.o(.text.flash_slib_end_sector_get), (14 bytes).
    Removing at32f415_flash.o(.ARM.exidx.text.flash_slib_end_sector_get), (8 bytes).
    Removing at32f415_flash.o(.text.flash_crc_calibrate), (70 bytes).
    Removing at32f415_flash.o(.ARM.exidx.text.flash_crc_calibrate), (8 bytes).
    Removing at32f415_flash.o(.text.flash_boot_memory_extension_mode_enable), (98 bytes).
    Removing at32f415_flash.o(.ARM.exidx.text.flash_boot_memory_extension_mode_enable), (8 bytes).
    Removing at32f415_flash.o(.text.flash_extension_memory_slib_enable), (266 bytes).
    Removing at32f415_flash.o(.ARM.exidx.text.flash_extension_memory_slib_enable), (8 bytes).
    Removing at32f415_flash.o(.text.flash_extension_memory_slib_state_get), (16 bytes).
    Removing at32f415_flash.o(.ARM.exidx.text.flash_extension_memory_slib_state_get), (8 bytes).
    Removing at32f415_flash.o(.text.flash_em_slib_datastart_sector_get), (16 bytes).
    Removing at32f415_flash.o(.ARM.exidx.text.flash_em_slib_datastart_sector_get), (8 bytes).
    Removing at32f415_gpio.o(.text), (0 bytes).
    Removing at32f415_gpio.o(.text.gpio_reset), (66 bytes).
    Removing at32f415_gpio.o(.ARM.exidx.text.gpio_reset), (8 bytes).
    Removing at32f415_gpio.o(.text.gpio_iomux_reset), (26 bytes).
    Removing at32f415_gpio.o(.ARM.exidx.text.gpio_iomux_reset), (8 bytes).
    Removing at32f415_gpio.o(.ARM.exidx.text.gpio_init), (8 bytes).
    Removing at32f415_gpio.o(.ARM.exidx.text.gpio_default_para_init), (8 bytes).
    Removing at32f415_gpio.o(.text.gpio_input_data_bit_read), (14 bytes).
    Removing at32f415_gpio.o(.ARM.exidx.text.gpio_input_data_bit_read), (8 bytes).
    Removing at32f415_gpio.o(.text.gpio_input_data_read), (6 bytes).
    Removing at32f415_gpio.o(.ARM.exidx.text.gpio_input_data_read), (8 bytes).
    Removing at32f415_gpio.o(.text.gpio_output_data_bit_read), (10 bytes).
    Removing at32f415_gpio.o(.ARM.exidx.text.gpio_output_data_bit_read), (8 bytes).
    Removing at32f415_gpio.o(.text.gpio_output_data_read), (6 bytes).
    Removing at32f415_gpio.o(.ARM.exidx.text.gpio_output_data_read), (8 bytes).
    Removing at32f415_gpio.o(.text.gpio_bits_set), (4 bytes).
    Removing at32f415_gpio.o(.ARM.exidx.text.gpio_bits_set), (8 bytes).
    Removing at32f415_gpio.o(.text.gpio_bits_reset), (4 bytes).
    Removing at32f415_gpio.o(.ARM.exidx.text.gpio_bits_reset), (8 bytes).
    Removing at32f415_gpio.o(.text.gpio_bits_write), (12 bytes).
    Removing at32f415_gpio.o(.ARM.exidx.text.gpio_bits_write), (8 bytes).
    Removing at32f415_gpio.o(.text.gpio_port_write), (4 bytes).
    Removing at32f415_gpio.o(.ARM.exidx.text.gpio_port_write), (8 bytes).
    Removing at32f415_gpio.o(.text.gpio_pin_wp_config), (16 bytes).
    Removing at32f415_gpio.o(.ARM.exidx.text.gpio_pin_wp_config), (8 bytes).
    Removing at32f415_gpio.o(.text.gpio_event_output_config), (22 bytes).
    Removing at32f415_gpio.o(.ARM.exidx.text.gpio_event_output_config), (8 bytes).
    Removing at32f415_gpio.o(.text.gpio_event_output_enable), (24 bytes).
    Removing at32f415_gpio.o(.ARM.exidx.text.gpio_event_output_enable), (8 bytes).
    Removing at32f415_gpio.o(.ARM.exidx.text.gpio_pin_remap_config), (8 bytes).
    Removing at32f415_gpio.o(.text.gpio_exint_line_config), (156 bytes).
    Removing at32f415_gpio.o(.ARM.exidx.text.gpio_exint_line_config), (8 bytes).
    Removing at32f415_gpio.o(.rodata..Lswitch.table.gpio_reset.1), (24 bytes).
    Removing at32f415_misc.o(.text), (0 bytes).
    Removing at32f415_misc.o(.text.nvic_system_reset), (4 bytes).
    Removing at32f415_misc.o(.ARM.exidx.text.nvic_system_reset), (8 bytes).
    Removing at32f415_misc.o(.text.__NVIC_SystemReset), (36 bytes).
    Removing at32f415_misc.o(.ARM.exidx.text.__NVIC_SystemReset), (8 bytes).
    Removing at32f415_misc.o(.ARM.exidx.text.nvic_irq_enable), (8 bytes).
    Removing at32f415_misc.o(.ARM.exidx.text.nvic_irq_disable), (8 bytes).
    Removing at32f415_misc.o(.ARM.exidx.text.nvic_priority_group_config), (8 bytes).
    Removing at32f415_misc.o(.text.nvic_vector_table_set), (24 bytes).
    Removing at32f415_misc.o(.ARM.exidx.text.nvic_vector_table_set), (8 bytes).
    Removing at32f415_misc.o(.text.nvic_lowpower_mode_config), (24 bytes).
    Removing at32f415_misc.o(.ARM.exidx.text.nvic_lowpower_mode_config), (8 bytes).
    Removing at32f415_misc.o(.ARM.exidx.text.systick_clock_source_config), (8 bytes).
    Removing at32f415_pwc.o(.text), (0 bytes).
    Removing at32f415_pwc.o(.text.pwc_reset), (28 bytes).
    Removing at32f415_pwc.o(.ARM.exidx.text.pwc_reset), (8 bytes).
    Removing at32f415_pwc.o(.text.pwc_battery_powered_domain_access), (26 bytes).
    Removing at32f415_pwc.o(.ARM.exidx.text.pwc_battery_powered_domain_access), (8 bytes).
    Removing at32f415_pwc.o(.text.pwc_pvm_level_select), (26 bytes).
    Removing at32f415_pwc.o(.ARM.exidx.text.pwc_pvm_level_select), (8 bytes).
    Removing at32f415_pwc.o(.text.pwc_power_voltage_monitor_enable), (26 bytes).
    Removing at32f415_pwc.o(.ARM.exidx.text.pwc_power_voltage_monitor_enable), (8 bytes).
    Removing at32f415_pwc.o(.text.pwc_wakeup_pin_enable), (24 bytes).
    Removing at32f415_pwc.o(.ARM.exidx.text.pwc_wakeup_pin_enable), (8 bytes).
    Removing at32f415_pwc.o(.text.pwc_flag_clear), (36 bytes).
    Removing at32f415_pwc.o(.ARM.exidx.text.pwc_flag_clear), (8 bytes).
    Removing at32f415_pwc.o(.text.pwc_flag_get), (18 bytes).
    Removing at32f415_pwc.o(.ARM.exidx.text.pwc_flag_get), (8 bytes).
    Removing at32f415_pwc.o(.text.pwc_sleep_mode_enter), (36 bytes).
    Removing at32f415_pwc.o(.ARM.exidx.text.pwc_sleep_mode_enter), (8 bytes).
    Removing at32f415_pwc.o(.text.pwc_deep_sleep_mode_enter), (42 bytes).
    Removing at32f415_pwc.o(.ARM.exidx.text.pwc_deep_sleep_mode_enter), (8 bytes).
    Removing at32f415_pwc.o(.text.pwc_voltage_regulate_set), (18 bytes).
    Removing at32f415_pwc.o(.ARM.exidx.text.pwc_voltage_regulate_set), (8 bytes).
    Removing at32f415_pwc.o(.text.pwc_standby_mode_enter), (44 bytes).
    Removing at32f415_pwc.o(.ARM.exidx.text.pwc_standby_mode_enter), (8 bytes).
    Removing at32f415_usart.o(.text), (0 bytes).
    Removing at32f415_usart.o(.text.usart_reset), (84 bytes).
    Removing at32f415_usart.o(.ARM.exidx.text.usart_reset), (8 bytes).
    Removing at32f415_usart.o(.ARM.exidx.text.usart_init), (8 bytes).
    Removing at32f415_usart.o(.ARM.exidx.text.usart_parity_selection_config), (8 bytes).
    Removing at32f415_usart.o(.ARM.exidx.text.usart_enable), (8 bytes).
    Removing at32f415_usart.o(.ARM.exidx.text.usart_transmitter_enable), (8 bytes).
    Removing at32f415_usart.o(.ARM.exidx.text.usart_receiver_enable), (8 bytes).
    Removing at32f415_usart.o(.text.usart_clock_config), (54 bytes).
    Removing at32f415_usart.o(.ARM.exidx.text.usart_clock_config), (8 bytes).
    Removing at32f415_usart.o(.text.usart_clock_enable), (18 bytes).
    Removing at32f415_usart.o(.ARM.exidx.text.usart_clock_enable), (8 bytes).
    Removing at32f415_usart.o(.ARM.exidx.text.usart_interrupt_enable), (8 bytes).
    Removing at32f415_usart.o(.text.usart_dma_transmitter_enable), (18 bytes).
    Removing at32f415_usart.o(.ARM.exidx.text.usart_dma_transmitter_enable), (8 bytes).
    Removing at32f415_usart.o(.text.usart_dma_receiver_enable), (18 bytes).
    Removing at32f415_usart.o(.ARM.exidx.text.usart_dma_receiver_enable), (8 bytes).
    Removing at32f415_usart.o(.text.usart_wakeup_id_set), (10 bytes).
    Removing at32f415_usart.o(.ARM.exidx.text.usart_wakeup_id_set), (8 bytes).
    Removing at32f415_usart.o(.text.usart_wakeup_mode_set), (18 bytes).
    Removing at32f415_usart.o(.ARM.exidx.text.usart_wakeup_mode_set), (8 bytes).
    Removing at32f415_usart.o(.text.usart_receiver_mute_enable), (18 bytes).
    Removing at32f415_usart.o(.ARM.exidx.text.usart_receiver_mute_enable), (8 bytes).
    Removing at32f415_usart.o(.text.usart_break_bit_num_set), (18 bytes).
    Removing at32f415_usart.o(.ARM.exidx.text.usart_break_bit_num_set), (8 bytes).
    Removing at32f415_usart.o(.text.usart_lin_mode_enable), (18 bytes).
    Removing at32f415_usart.o(.ARM.exidx.text.usart_lin_mode_enable), (8 bytes).
    Removing at32f415_usart.o(.ARM.exidx.text.usart_data_transmit), (8 bytes).
    Removing at32f415_usart.o(.ARM.exidx.text.usart_data_receive), (8 bytes).
    Removing at32f415_usart.o(.text.usart_break_send), (10 bytes).
    Removing at32f415_usart.o(.ARM.exidx.text.usart_break_send), (8 bytes).
    Removing at32f415_usart.o(.text.usart_smartcard_guard_time_set), (14 bytes).
    Removing at32f415_usart.o(.ARM.exidx.text.usart_smartcard_guard_time_set), (8 bytes).
    Removing at32f415_usart.o(.text.usart_irda_smartcard_division_set), (12 bytes).
    Removing at32f415_usart.o(.ARM.exidx.text.usart_irda_smartcard_division_set), (8 bytes).
    Removing at32f415_usart.o(.text.usart_smartcard_mode_enable), (18 bytes).
    Removing at32f415_usart.o(.ARM.exidx.text.usart_smartcard_mode_enable), (8 bytes).
    Removing at32f415_usart.o(.text.usart_smartcard_nack_set), (18 bytes).
    Removing at32f415_usart.o(.ARM.exidx.text.usart_smartcard_nack_set), (8 bytes).
    Removing at32f415_usart.o(.text.usart_single_line_halfduplex_select), (18 bytes).
    Removing at32f415_usart.o(.ARM.exidx.text.usart_single_line_halfduplex_select), (8 bytes).
    Removing at32f415_usart.o(.text.usart_irda_mode_enable), (18 bytes).
    Removing at32f415_usart.o(.ARM.exidx.text.usart_irda_mode_enable), (8 bytes).
    Removing at32f415_usart.o(.text.usart_irda_low_power_enable), (18 bytes).
    Removing at32f415_usart.o(.ARM.exidx.text.usart_irda_low_power_enable), (8 bytes).
    Removing at32f415_usart.o(.ARM.exidx.text.usart_hardware_flow_control_set), (8 bytes).
    Removing at32f415_usart.o(.ARM.exidx.text.usart_flag_get), (8 bytes).
    Removing at32f415_usart.o(.ARM.exidx.text.usart_interrupt_flag_get), (8 bytes).
    Removing at32f415_usart.o(.text.usart_flag_clear), (16 bytes).
    Removing at32f415_usart.o(.ARM.exidx.text.usart_flag_clear), (8 bytes).
    Removing at32f415_debug.o(.text), (0 bytes).
    Removing at32f415_debug.o(.text.debug_device_id_get), (12 bytes).
    Removing at32f415_debug.o(.ARM.exidx.text.debug_device_id_get), (8 bytes).
    Removing at32f415_debug.o(.text.debug_periph_mode_set), (24 bytes).
    Removing at32f415_debug.o(.ARM.exidx.text.debug_periph_mode_set), (8 bytes).
    Removing system_at32f415.o(.text), (0 bytes).
    Removing system_at32f415.o(.ARM.exidx.text.SystemInit), (8 bytes).
    Removing system_at32f415.o(.ARM.exidx.text.system_core_clock_update), (8 bytes).
    Removing startup_at32f415.o(HEAP), (512 bytes).

322 unused section(s) (total 8458 bytes) removed from the image.

==============================================================================

Image Symbol Table

    Local Symbols

    Symbol Name                              Value     Ov Type        Size  Object(Section)

    ../clib/microlib/init/entry.s            0x00000000   Number         0  entry.o ABSOLUTE
    ../clib/microlib/init/entry.s            0x00000000   Number         0  entry2.o ABSOLUTE
    ../clib/microlib/init/entry.s            0x00000000   Number         0  entry5.o ABSOLUTE
    ../clib/microlib/init/entry.s            0x00000000   Number         0  entry7a.o ABSOLUTE
    ../clib/microlib/init/entry.s            0x00000000   Number         0  entry7b.o ABSOLUTE
    ../clib/microlib/init/entry.s            0x00000000   Number         0  entry8a.o ABSOLUTE
    ../clib/microlib/init/entry.s            0x00000000   Number         0  entry8b.o ABSOLUTE
    ../clib/microlib/init/entry.s            0x00000000   Number         0  entry9a.o ABSOLUTE
    ../clib/microlib/init/entry.s            0x00000000   Number         0  entry9b.o ABSOLUTE
    ../clib/microlib/init/entry.s            0x00000000   Number         0  entry10a.o ABSOLUTE
    ../clib/microlib/init/entry.s            0x00000000   Number         0  entry10b.o ABSOLUTE
    ../clib/microlib/init/entry.s            0x00000000   Number         0  entry11a.o ABSOLUTE
    ../clib/microlib/init/entry.s            0x00000000   Number         0  entry11b.o ABSOLUTE
    ../clib/microlib/string/memcpy.c         0x00000000   Number         0  memcpya.o ABSOLUTE
    ../clib/microlib/string/memcpy.c         0x00000000   Number         0  memcpyb.o ABSOLUTE
    at32f415_crc.c                           0x00000000   Number         0  at32f415_crc.o ABSOLUTE
    at32f415_crm.c                           0x00000000   Number         0  at32f415_crm.o ABSOLUTE
    at32f415_debug.c                         0x00000000   Number         0  at32f415_debug.o ABSOLUTE
    at32f415_flash.c                         0x00000000   Number         0  at32f415_flash.o ABSOLUTE
    at32f415_gpio.c                          0x00000000   Number         0  at32f415_gpio.o ABSOLUTE
    at32f415_int.c                           0x00000000   Number         0  at32f415_int.o ABSOLUTE
    at32f415_misc.c                          0x00000000   Number         0  at32f415_misc.o ABSOLUTE
    at32f415_pwc.c                           0x00000000   Number         0  at32f415_pwc.o ABSOLUTE
    at32f415_usart.c                         0x00000000   Number         0  at32f415_usart.o ABSOLUTE
    at32f415_wk_config.c                     0x00000000   Number         0  at32f415_wk_config.o ABSOLUTE
    dc.s                                     0x00000000   Number         0  dc.o ABSOLUTE
    flash.c                                  0x00000000   Number         0  flash.o ABSOLUTE
    handlers.s                               0x00000000   Number         0  handlers.o ABSOLUTE
    iap.c                                    0x00000000   Number         0  iap.o ABSOLUTE
    init.s                                   0x00000000   Number         0  init.o ABSOLUTE
    main.c                                   0x00000000   Number         0  main.o ABSOLUTE
    startup_at32f415.s                       0x00000000   Number         0  startup_at32f415.o ABSOLUTE
    system_at32f415.c                        0x00000000   Number         0  system_at32f415.o ABSOLUTE
    wk_crc.c                                 0x00000000   Number         0  wk_crc.o ABSOLUTE
    wk_debug.c                               0x00000000   Number         0  wk_debug.o ABSOLUTE
    wk_gpio.c                                0x00000000   Number         0  wk_gpio.o ABSOLUTE
    wk_system.c                              0x00000000   Number         0  wk_system.o ABSOLUTE
    wk_usart.c                               0x00000000   Number         0  wk_usart.o ABSOLUTE
    RESET                                    0x08000000   Section      368  startup_at32f415.o(RESET)
    .ARM.Collect$$$$00000000                 0x08000170   Section        0  entry.o(.ARM.Collect$$$$00000000)
    .ARM.Collect$$$$00000001                 0x08000170   Section        4  entry2.o(.ARM.Collect$$$$00000001)
    .ARM.Collect$$$$00000004                 0x08000174   Section        4  entry5.o(.ARM.Collect$$$$00000004)
    .ARM.Collect$$$$00000008                 0x08000178   Section        0  entry7b.o(.ARM.Collect$$$$00000008)
    .ARM.Collect$$$$0000000A                 0x08000178   Section        0  entry8b.o(.ARM.Collect$$$$0000000A)
    .ARM.Collect$$$$0000000B                 0x08000178   Section        8  entry9a.o(.ARM.Collect$$$$0000000B)
    __lit__00000000                          0x08000180   Data           4  entry2.o(.ARM.Collect$$$$00002712)
    .ARM.Collect$$$$0000000D                 0x08000180   Section        0  entry10a.o(.ARM.Collect$$$$0000000D)
    .ARM.Collect$$$$0000000F                 0x08000180   Section        0  entry11a.o(.ARM.Collect$$$$0000000F)
    .ARM.Collect$$$$00002712                 0x08000180   Section        4  entry2.o(.ARM.Collect$$$$00002712)
    .text                                    0x08000184   Section       36  startup_at32f415.o(.text)
    .text                                    0x080001a8   Section        0  memcpya.o(.text)
    .text                                    0x080001cc   Section       48  init.o(.text)
    [Anonymous Symbol]                       0x080001fc   Section        0  at32f415_int.o(.text.BusFault_Handler)
    [Anonymous Symbol]                       0x08000200   Section        0  at32f415_int.o(.text.DebugMon_Handler)
    [Anonymous Symbol]                       0x08000204   Section        0  at32f415_int.o(.text.HardFault_Handler)
    [Anonymous Symbol]                       0x08000208   Section        0  at32f415_int.o(.text.MemManage_Handler)
    [Anonymous Symbol]                       0x0800020c   Section        0  at32f415_int.o(.text.NMI_Handler)
    [Anonymous Symbol]                       0x08000210   Section        0  at32f415_int.o(.text.PendSV_Handler)
    [Anonymous Symbol]                       0x08000214   Section        0  at32f415_int.o(.text.SVC_Handler)
    [Anonymous Symbol]                       0x08000218   Section        0  at32f415_int.o(.text.SysTick_Handler)
    [Anonymous Symbol]                       0x0800021c   Section        0  system_at32f415.o(.text.SystemInit)
    [Anonymous Symbol]                       0x08000298   Section        0  at32f415_int.o(.text.USART1_IRQHandler)
    [Anonymous Symbol]                       0x08000478   Section        0  at32f415_int.o(.text.UsageFault_Handler)
    __NVIC_ClearPendingIRQ                   0x0800047d   Thumb Code    28  iap.o(.text.__NVIC_ClearPendingIRQ)
    [Anonymous Symbol]                       0x0800047c   Section        0  iap.o(.text.__NVIC_ClearPendingIRQ)
    [Anonymous Symbol]                       0x08000498   Section        0  iap.o(.text.app_load)
    [Anonymous Symbol]                       0x080005d8   Section        0  at32f415_crc.o(.text.crc_block_calculate)
    [Anonymous Symbol]                       0x080005f4   Section        0  at32f415_crc.o(.text.crc_data_reset)
    [Anonymous Symbol]                       0x08000608   Section        0  at32f415_crc.o(.text.crc_init_data_set)
    [Anonymous Symbol]                       0x08000614   Section        0  at32f415_crc.o(.text.crc_poly_size_set)
    [Anonymous Symbol]                       0x08000630   Section        0  at32f415_crc.o(.text.crc_poly_value_set)
    [Anonymous Symbol]                       0x0800063c   Section        0  at32f415_crc.o(.text.crc_reverse_input_data_set)
    [Anonymous Symbol]                       0x08000658   Section        0  at32f415_crc.o(.text.crc_reverse_output_data_set)
    [Anonymous Symbol]                       0x08000674   Section        0  at32f415_crm.o(.text.crm_ahb_div_set)
    [Anonymous Symbol]                       0x08000690   Section        0  at32f415_crm.o(.text.crm_apb1_div_set)
    [Anonymous Symbol]                       0x080006ac   Section        0  at32f415_crm.o(.text.crm_apb2_div_set)
    [Anonymous Symbol]                       0x080006c8   Section        0  at32f415_crm.o(.text.crm_auto_step_mode_enable)
    [Anonymous Symbol]                       0x080006e0   Section        0  at32f415_crm.o(.text.crm_clock_source_enable)
    [Anonymous Symbol]                       0x0800075c   Section        0  at32f415_crm.o(.text.crm_clocks_freq_get)
    crm_clocks_freq_get.sclk_ahb_div_table   0x08000860   Number         0  at32f415_crm.o(.text.crm_clocks_freq_get)
    crm_clocks_freq_get.adc_div_table        0x08000870   Number         0  at32f415_crm.o(.text.crm_clocks_freq_get)
    [Anonymous Symbol]                       0x08000878   Section        0  at32f415_crm.o(.text.crm_flag_get)
    [Anonymous Symbol]                       0x08000894   Section        0  at32f415_crm.o(.text.crm_hext_stable_wait)
    [Anonymous Symbol]                       0x080008b8   Section        0  at32f415_crm.o(.text.crm_periph_clock_enable)
    [Anonymous Symbol]                       0x080008e0   Section        0  at32f415_crm.o(.text.crm_pll_config2)
    [Anonymous Symbol]                       0x08000964   Section        0  at32f415_crm.o(.text.crm_reset)
    [Anonymous Symbol]                       0x080009b4   Section        0  at32f415_crm.o(.text.crm_sysclk_switch)
    [Anonymous Symbol]                       0x080009f0   Section        0  at32f415_crm.o(.text.crm_sysclk_switch_status_get)
    [Anonymous Symbol]                       0x08000a00   Section        0  flash.o(.text.flash_2kb_write)
    [Anonymous Symbol]                       0x08000a4c   Section        0  at32f415_flash.o(.text.flash_halfword_program)
    [Anonymous Symbol]                       0x08000ac8   Section        0  at32f415_flash.o(.text.flash_lock)
    [Anonymous Symbol]                       0x08000adc   Section        0  at32f415_flash.o(.text.flash_sector_erase)
    [Anonymous Symbol]                       0x08000b60   Section        0  at32f415_flash.o(.text.flash_unlock)
    [Anonymous Symbol]                       0x08000b80   Section        0  flash.o(.text.flash_upgrade_flag_read)
    [Anonymous Symbol]                       0x08000b9c   Section        0  at32f415_gpio.o(.text.gpio_default_para_init)
    [Anonymous Symbol]                       0x08000bb0   Section        0  at32f415_gpio.o(.text.gpio_init)
    [Anonymous Symbol]                       0x08000c70   Section        0  at32f415_gpio.o(.text.gpio_pin_remap_config)
    [Anonymous Symbol]                       0x08000cb0   Section        0  main.o(.text.main)
    [Anonymous Symbol]                       0x08000d28   Section        0  at32f415_misc.o(.text.nvic_irq_disable)
    [Anonymous Symbol]                       0x08000d54   Section        0  at32f415_misc.o(.text.nvic_irq_enable)
    [Anonymous Symbol]                       0x08000dcc   Section        0  at32f415_misc.o(.text.nvic_priority_group_config)
    [Anonymous Symbol]                       0x08000dec   Section        0  system_at32f415.o(.text.system_core_clock_update)
    system_core_clock_update.sys_ahb_div_table 0x08000ec0   Number         0  system_at32f415.o(.text.system_core_clock_update)
    [Anonymous Symbol]                       0x08000ed0   Section        0  at32f415_misc.o(.text.systick_clock_source_config)
    [Anonymous Symbol]                       0x08000ee8   Section        0  at32f415_int.o(.text.usart1_connet_pc)
    [Anonymous Symbol]                       0x08000f7c   Section        0  at32f415_int.o(.text.usart1_send_error)
    [Anonymous Symbol]                       0x08001010   Section        0  at32f415_int.o(.text.usart1_send_ok)
    [Anonymous Symbol]                       0x080010a4   Section        0  at32f415_usart.o(.text.usart_data_receive)
    [Anonymous Symbol]                       0x080010ac   Section        0  at32f415_usart.o(.text.usart_data_transmit)
    [Anonymous Symbol]                       0x080010b4   Section        0  at32f415_usart.o(.text.usart_enable)
    [Anonymous Symbol]                       0x080010c8   Section        0  at32f415_usart.o(.text.usart_flag_get)
    [Anonymous Symbol]                       0x080010d4   Section        0  at32f415_usart.o(.text.usart_hardware_flow_control_set)
    [Anonymous Symbol]                       0x08001118   Section        0  at32f415_usart.o(.text.usart_init)
    [Anonymous Symbol]                       0x080011a0   Section        0  at32f415_usart.o(.text.usart_interrupt_enable)
    [Anonymous Symbol]                       0x080011c0   Section        0  at32f415_usart.o(.text.usart_interrupt_flag_get)
    [Anonymous Symbol]                       0x08001284   Section        0  at32f415_usart.o(.text.usart_parity_selection_config)
    [Anonymous Symbol]                       0x080012c0   Section        0  at32f415_usart.o(.text.usart_receiver_enable)
    [Anonymous Symbol]                       0x080012d4   Section        0  at32f415_usart.o(.text.usart_transmitter_enable)
    [Anonymous Symbol]                       0x080012e8   Section        0  wk_crc.o(.text.wk_crc_init)
    [Anonymous Symbol]                       0x08001318   Section        0  wk_debug.o(.text.wk_debug_config)
    [Anonymous Symbol]                       0x08001328   Section        0  wk_gpio.o(.text.wk_gpio_config)
    [Anonymous Symbol]                       0x08001390   Section        0  at32f415_wk_config.o(.text.wk_nvic_config)
    [Anonymous Symbol]                       0x080013f0   Section        0  at32f415_wk_config.o(.text.wk_periph_clock_config)
    [Anonymous Symbol]                       0x08001444   Section        0  at32f415_wk_config.o(.text.wk_system_clock_config)
    [Anonymous Symbol]                       0x080014e8   Section        0  wk_system.o(.text.wk_timebase_handler)
    [Anonymous Symbol]                       0x080014ec   Section        0  wk_system.o(.text.wk_timebase_increase)
    [Anonymous Symbol]                       0x080014fc   Section        0  wk_system.o(.text.wk_timebase_init)
    [Anonymous Symbol]                       0x0800153c   Section        0  wk_usart.o(.text.wk_usart1_init)
    i.__scatterload_copy                     0x080015cc   Section       14  handlers.o(i.__scatterload_copy)
    i.__scatterload_null                     0x080015da   Section        2  handlers.o(i.__scatterload_null)
    i.__scatterload_zeroinit                 0x080015dc   Section       14  handlers.o(i.__scatterload_zeroinit)
    crm_clocks_freq_get.ahb_apb2_div_table   0x080015ea   Data           8  at32f415_crm.o(.rodata.cst8)
    [Anonymous Symbol]                       0x080015ea   Section        0  at32f415_crm.o(.rodata.cst8)
    USART1_IRQHandler.count                  0x20000008   Data           2  at32f415_int.o(.bss.USART1_IRQHandler.count)
    [Anonymous Symbol]                       0x20000008   Section        0  at32f415_int.o(.bss.USART1_IRQHandler.count)
    USART1_IRQHandler.data_count             0x2000000a   Data           1  at32f415_int.o(.bss.USART1_IRQHandler.data_count)
    [Anonymous Symbol]                       0x2000000a   Section        0  at32f415_int.o(.bss.USART1_IRQHandler.data_count)
    STACK                                    0x20001040   Section     1024  startup_at32f415.o(STACK)

    Global Symbols

    Symbol Name                              Value     Ov Type        Size  Object(Section)

    BuildAttributes$$THM_ISAv4$E$P$D$K$B$S$7EM$PE$A:L22UL41UL21$X:L11$S22US41US21$IEEE1$IW$~IW$USESV6$~STKCKD$USESV7$~SHL$OTIME$EBA8$MICROLIB$REQ8$PRES8$EABIv2 0x00000000   Number         0  anon$$obj.o ABSOLUTE
    __cpp_initialize__aeabi_                  - Undefined Weak Reference
    __cxa_finalize                            - Undefined Weak Reference
    __decompress                              - Undefined Weak Reference
    _clock_init                               - Undefined Weak Reference
    _microlib_exit                            - Undefined Weak Reference
    __Vectors_Size                           0x00000170   Number         0  startup_at32f415.o ABSOLUTE
    __Vectors                                0x08000000   Data           4  startup_at32f415.o(RESET)
    __Vectors_End                            0x08000170   Data           0  startup_at32f415.o(RESET)
    __main                                   0x08000171   Thumb Code     0  entry.o(.ARM.Collect$$$$00000000)
    _main_stk                                0x08000171   Thumb Code     0  entry2.o(.ARM.Collect$$$$00000001)
    _main_scatterload                        0x08000175   Thumb Code     0  entry5.o(.ARM.Collect$$$$00000004)
    __main_after_scatterload                 0x08000179   Thumb Code     0  entry5.o(.ARM.Collect$$$$00000004)
    _main_clock                              0x08000179   Thumb Code     0  entry7b.o(.ARM.Collect$$$$00000008)
    _main_cpp_init                           0x08000179   Thumb Code     0  entry8b.o(.ARM.Collect$$$$0000000A)
    _main_init                               0x08000179   Thumb Code     0  entry9a.o(.ARM.Collect$$$$0000000B)
    __rt_final_cpp                           0x08000181   Thumb Code     0  entry10a.o(.ARM.Collect$$$$0000000D)
    __rt_final_exit                          0x08000181   Thumb Code     0  entry11a.o(.ARM.Collect$$$$0000000F)
    Reset_Handler                            0x08000185   Thumb Code     8  startup_at32f415.o(.text)
    ADC1_IRQHandler                          0x0800019f   Thumb Code     0  startup_at32f415.o(.text)
    CAN1_RX0_IRQHandler                      0x0800019f   Thumb Code     0  startup_at32f415.o(.text)
    CAN1_RX1_IRQHandler                      0x0800019f   Thumb Code     0  startup_at32f415.o(.text)
    CAN1_SE_IRQHandler                       0x0800019f   Thumb Code     0  startup_at32f415.o(.text)
    CAN1_TX_IRQHandler                       0x0800019f   Thumb Code     0  startup_at32f415.o(.text)
    CMP1_IRQHandler                          0x0800019f   Thumb Code     0  startup_at32f415.o(.text)
    CMP2_IRQHandler                          0x0800019f   Thumb Code     0  startup_at32f415.o(.text)
    CRM_IRQHandler                           0x0800019f   Thumb Code     0  startup_at32f415.o(.text)
    DMA1_Channel1_IRQHandler                 0x0800019f   Thumb Code     0  startup_at32f415.o(.text)
    DMA1_Channel2_IRQHandler                 0x0800019f   Thumb Code     0  startup_at32f415.o(.text)
    DMA1_Channel3_IRQHandler                 0x0800019f   Thumb Code     0  startup_at32f415.o(.text)
    DMA1_Channel4_IRQHandler                 0x0800019f   Thumb Code     0  startup_at32f415.o(.text)
    DMA1_Channel5_IRQHandler                 0x0800019f   Thumb Code     0  startup_at32f415.o(.text)
    DMA1_Channel6_IRQHandler                 0x0800019f   Thumb Code     0  startup_at32f415.o(.text)
    DMA1_Channel7_IRQHandler                 0x0800019f   Thumb Code     0  startup_at32f415.o(.text)
    DMA2_Channel1_IRQHandler                 0x0800019f   Thumb Code     0  startup_at32f415.o(.text)
    DMA2_Channel2_IRQHandler                 0x0800019f   Thumb Code     0  startup_at32f415.o(.text)
    DMA2_Channel3_IRQHandler                 0x0800019f   Thumb Code     0  startup_at32f415.o(.text)
    DMA2_Channel4_5_IRQHandler               0x0800019f   Thumb Code     0  startup_at32f415.o(.text)
    DMA2_Channel6_7_IRQHandler               0x0800019f   Thumb Code     0  startup_at32f415.o(.text)
    ERTCAlarm_IRQHandler                     0x0800019f   Thumb Code     0  startup_at32f415.o(.text)
    ERTC_WKUP_IRQHandler                     0x0800019f   Thumb Code     0  startup_at32f415.o(.text)
    EXINT0_IRQHandler                        0x0800019f   Thumb Code     0  startup_at32f415.o(.text)
    EXINT15_10_IRQHandler                    0x0800019f   Thumb Code     0  startup_at32f415.o(.text)
    EXINT1_IRQHandler                        0x0800019f   Thumb Code     0  startup_at32f415.o(.text)
    EXINT2_IRQHandler                        0x0800019f   Thumb Code     0  startup_at32f415.o(.text)
    EXINT3_IRQHandler                        0x0800019f   Thumb Code     0  startup_at32f415.o(.text)
    EXINT4_IRQHandler                        0x0800019f   Thumb Code     0  startup_at32f415.o(.text)
    EXINT9_5_IRQHandler                      0x0800019f   Thumb Code     0  startup_at32f415.o(.text)
    FLASH_IRQHandler                         0x0800019f   Thumb Code     0  startup_at32f415.o(.text)
    I2C1_ERR_IRQHandler                      0x0800019f   Thumb Code     0  startup_at32f415.o(.text)
    I2C1_EVT_IRQHandler                      0x0800019f   Thumb Code     0  startup_at32f415.o(.text)
    I2C2_ERR_IRQHandler                      0x0800019f   Thumb Code     0  startup_at32f415.o(.text)
    I2C2_EVT_IRQHandler                      0x0800019f   Thumb Code     0  startup_at32f415.o(.text)
    OTGFS1_IRQHandler                        0x0800019f   Thumb Code     0  startup_at32f415.o(.text)
    OTGFS1_WKUP_IRQHandler                   0x0800019f   Thumb Code     0  startup_at32f415.o(.text)
    PVM_IRQHandler                           0x0800019f   Thumb Code     0  startup_at32f415.o(.text)
    SDIO1_IRQHandler                         0x0800019f   Thumb Code     0  startup_at32f415.o(.text)
    SPI1_IRQHandler                          0x0800019f   Thumb Code     0  startup_at32f415.o(.text)
    SPI2_IRQHandler                          0x0800019f   Thumb Code     0  startup_at32f415.o(.text)
    TAMP_STAMP_IRQHandler                    0x0800019f   Thumb Code     0  startup_at32f415.o(.text)
    TMR1_BRK_TMR9_IRQHandler                 0x0800019f   Thumb Code     0  startup_at32f415.o(.text)
    TMR1_CH_IRQHandler                       0x0800019f   Thumb Code     0  startup_at32f415.o(.text)
    TMR1_OVF_TMR10_IRQHandler                0x0800019f   Thumb Code     0  startup_at32f415.o(.text)
    TMR1_TRG_HALL_TMR11_IRQHandler           0x0800019f   Thumb Code     0  startup_at32f415.o(.text)
    TMR2_GLOBAL_IRQHandler                   0x0800019f   Thumb Code     0  startup_at32f415.o(.text)
    TMR3_GLOBAL_IRQHandler                   0x0800019f   Thumb Code     0  startup_at32f415.o(.text)
    TMR4_GLOBAL_IRQHandler                   0x0800019f   Thumb Code     0  startup_at32f415.o(.text)
    TMR5_GLOBAL_IRQHandler                   0x0800019f   Thumb Code     0  startup_at32f415.o(.text)
    UART4_IRQHandler                         0x0800019f   Thumb Code     0  startup_at32f415.o(.text)
    UART5_IRQHandler                         0x0800019f   Thumb Code     0  startup_at32f415.o(.text)
    USART2_IRQHandler                        0x0800019f   Thumb Code     0  startup_at32f415.o(.text)
    USART3_IRQHandler                        0x0800019f   Thumb Code     0  startup_at32f415.o(.text)
    WWDT_IRQHandler                          0x0800019f   Thumb Code     0  startup_at32f415.o(.text)
    __aeabi_memcpy                           0x080001a9   Thumb Code    36  memcpya.o(.text)
    __aeabi_memcpy4                          0x080001a9   Thumb Code     0  memcpya.o(.text)
    __aeabi_memcpy8                          0x080001a9   Thumb Code     0  memcpya.o(.text)
    __scatterload                            0x080001cd   Thumb Code    38  init.o(.text)
    __scatterload_rt2                        0x080001cd   Thumb Code     0  init.o(.text)
    BusFault_Handler                         0x080001fd   Thumb Code     2  at32f415_int.o(.text.BusFault_Handler)
    DebugMon_Handler                         0x08000201   Thumb Code     2  at32f415_int.o(.text.DebugMon_Handler)
    HardFault_Handler                        0x08000205   Thumb Code     2  at32f415_int.o(.text.HardFault_Handler)
    MemManage_Handler                        0x08000209   Thumb Code     2  at32f415_int.o(.text.MemManage_Handler)
    NMI_Handler                              0x0800020d   Thumb Code     2  at32f415_int.o(.text.NMI_Handler)
    PendSV_Handler                           0x08000211   Thumb Code     2  at32f415_int.o(.text.PendSV_Handler)
    SVC_Handler                              0x08000215   Thumb Code     2  at32f415_int.o(.text.SVC_Handler)
    SysTick_Handler                          0x08000219   Thumb Code     4  at32f415_int.o(.text.SysTick_Handler)
    SystemInit                               0x0800021d   Thumb Code   124  system_at32f415.o(.text.SystemInit)
    USART1_IRQHandler                        0x08000299   Thumb Code   480  at32f415_int.o(.text.USART1_IRQHandler)
    UsageFault_Handler                       0x08000479   Thumb Code     2  at32f415_int.o(.text.UsageFault_Handler)
    app_load                                 0x08000499   Thumb Code   320  iap.o(.text.app_load)
    crc_block_calculate                      0x080005d9   Thumb Code    26  at32f415_crc.o(.text.crc_block_calculate)
    crc_data_reset                           0x080005f5   Thumb Code    18  at32f415_crc.o(.text.crc_data_reset)
    crc_init_data_set                        0x08000609   Thumb Code    12  at32f415_crc.o(.text.crc_init_data_set)
    crc_poly_size_set                        0x08000615   Thumb Code    26  at32f415_crc.o(.text.crc_poly_size_set)
    crc_poly_value_set                       0x08000631   Thumb Code    12  at32f415_crc.o(.text.crc_poly_value_set)
    crc_reverse_input_data_set               0x0800063d   Thumb Code    26  at32f415_crc.o(.text.crc_reverse_input_data_set)
    crc_reverse_output_data_set              0x08000659   Thumb Code    26  at32f415_crc.o(.text.crc_reverse_output_data_set)
    crm_ahb_div_set                          0x08000675   Thumb Code    26  at32f415_crm.o(.text.crm_ahb_div_set)
    crm_apb1_div_set                         0x08000691   Thumb Code    26  at32f415_crm.o(.text.crm_apb1_div_set)
    crm_apb2_div_set                         0x080006ad   Thumb Code    26  at32f415_crm.o(.text.crm_apb2_div_set)
    crm_auto_step_mode_enable                0x080006c9   Thumb Code    24  at32f415_crm.o(.text.crm_auto_step_mode_enable)
    crm_clock_source_enable                  0x080006e1   Thumb Code   122  at32f415_crm.o(.text.crm_clock_source_enable)
    crm_clocks_freq_get                      0x0800075d   Thumb Code   260  at32f415_crm.o(.text.crm_clocks_freq_get)
    crm_flag_get                             0x08000879   Thumb Code    26  at32f415_crm.o(.text.crm_flag_get)
    crm_hext_stable_wait                     0x08000895   Thumb Code    36  at32f415_crm.o(.text.crm_hext_stable_wait)
    crm_periph_clock_enable                  0x080008b9   Thumb Code    40  at32f415_crm.o(.text.crm_periph_clock_enable)
    crm_pll_config2                          0x080008e1   Thumb Code   132  at32f415_crm.o(.text.crm_pll_config2)
    crm_reset                                0x08000965   Thumb Code    78  at32f415_crm.o(.text.crm_reset)
    crm_sysclk_switch                        0x080009b5   Thumb Code    58  at32f415_crm.o(.text.crm_sysclk_switch)
    crm_sysclk_switch_status_get             0x080009f1   Thumb Code    16  at32f415_crm.o(.text.crm_sysclk_switch_status_get)
    flash_2kb_write                          0x08000a01   Thumb Code    74  flash.o(.text.flash_2kb_write)
    flash_halfword_program                   0x08000a4d   Thumb Code   122  at32f415_flash.o(.text.flash_halfword_program)
    flash_lock                               0x08000ac9   Thumb Code    18  at32f415_flash.o(.text.flash_lock)
    flash_sector_erase                       0x08000add   Thumb Code   130  at32f415_flash.o(.text.flash_sector_erase)
    flash_unlock                             0x08000b61   Thumb Code    30  at32f415_flash.o(.text.flash_unlock)
    flash_upgrade_flag_read                  0x08000b81   Thumb Code    28  flash.o(.text.flash_upgrade_flag_read)
    gpio_default_para_init                   0x08000b9d   Thumb Code    18  at32f415_gpio.o(.text.gpio_default_para_init)
    gpio_init                                0x08000bb1   Thumb Code   190  at32f415_gpio.o(.text.gpio_init)
    gpio_pin_remap_config                    0x08000c71   Thumb Code    64  at32f415_gpio.o(.text.gpio_pin_remap_config)
    main                                     0x08000cb1   Thumb Code   120  main.o(.text.main)
    nvic_irq_disable                         0x08000d29   Thumb Code    42  at32f415_misc.o(.text.nvic_irq_disable)
    nvic_irq_enable                          0x08000d55   Thumb Code   118  at32f415_misc.o(.text.nvic_irq_enable)
    nvic_priority_group_config               0x08000dcd   Thumb Code    32  at32f415_misc.o(.text.nvic_priority_group_config)
    system_core_clock_update                 0x08000ded   Thumb Code   212  system_at32f415.o(.text.system_core_clock_update)
    systick_clock_source_config              0x08000ed1   Thumb Code    24  at32f415_misc.o(.text.systick_clock_source_config)
    usart1_connet_pc                         0x08000ee9   Thumb Code   146  at32f415_int.o(.text.usart1_connet_pc)
    usart1_send_error                        0x08000f7d   Thumb Code   146  at32f415_int.o(.text.usart1_send_error)
    usart1_send_ok                           0x08001011   Thumb Code   146  at32f415_int.o(.text.usart1_send_ok)
    usart_data_receive                       0x080010a5   Thumb Code     6  at32f415_usart.o(.text.usart_data_receive)
    usart_data_transmit                      0x080010ad   Thumb Code     8  at32f415_usart.o(.text.usart_data_transmit)
    usart_enable                             0x080010b5   Thumb Code    18  at32f415_usart.o(.text.usart_enable)
    usart_flag_get                           0x080010c9   Thumb Code    10  at32f415_usart.o(.text.usart_flag_get)
    usart_hardware_flow_control_set          0x080010d5   Thumb Code    66  at32f415_usart.o(.text.usart_hardware_flow_control_set)
    usart_init                               0x08001119   Thumb Code   134  at32f415_usart.o(.text.usart_init)
    usart_interrupt_enable                   0x080011a1   Thumb Code    32  at32f415_usart.o(.text.usart_interrupt_enable)
    usart_interrupt_flag_get                 0x080011c1   Thumb Code   194  at32f415_usart.o(.text.usart_interrupt_flag_get)
    usart_parity_selection_config            0x08001285   Thumb Code    58  at32f415_usart.o(.text.usart_parity_selection_config)
    usart_receiver_enable                    0x080012c1   Thumb Code    18  at32f415_usart.o(.text.usart_receiver_enable)
    usart_transmitter_enable                 0x080012d5   Thumb Code    18  at32f415_usart.o(.text.usart_transmitter_enable)
    wk_crc_init                              0x080012e9   Thumb Code    48  wk_crc.o(.text.wk_crc_init)
    wk_debug_config                          0x08001319   Thumb Code    14  wk_debug.o(.text.wk_debug_config)
    wk_gpio_config                           0x08001329   Thumb Code   104  wk_gpio.o(.text.wk_gpio_config)
    wk_nvic_config                           0x08001391   Thumb Code    96  at32f415_wk_config.o(.text.wk_nvic_config)
    wk_periph_clock_config                   0x080013f1   Thumb Code    84  at32f415_wk_config.o(.text.wk_periph_clock_config)
    wk_system_clock_config                   0x08001445   Thumb Code   162  at32f415_wk_config.o(.text.wk_system_clock_config)
    wk_timebase_handler                      0x080014e9   Thumb Code     4  wk_system.o(.text.wk_timebase_handler)
    wk_timebase_increase                     0x080014ed   Thumb Code    16  wk_system.o(.text.wk_timebase_increase)
    wk_timebase_init                         0x080014fd   Thumb Code    64  wk_system.o(.text.wk_timebase_init)
    wk_usart1_init                           0x0800153d   Thumb Code   144  wk_usart.o(.text.wk_usart1_init)
    __scatterload_copy                       0x080015cd   Thumb Code    14  handlers.o(i.__scatterload_copy)
    __scatterload_null                       0x080015db   Thumb Code     2  handlers.o(i.__scatterload_null)
    __scatterload_zeroinit                   0x080015dd   Thumb Code    14  handlers.o(i.__scatterload_zeroinit)
    Region$$Table$$Base                      0x080015f4   Number         0  anon$$obj.o(Region$$Table)
    Region$$Table$$Limit                     0x08001614   Number         0  anon$$obj.o(Region$$Table)
    flash_add                                0x20000000   Data           4  at32f415_int.o(.data.flash_add)
    system_core_clock                        0x20000004   Data           4  system_at32f415.o(.data.system_core_clock)
    iap_done                                 0x2000000b   Data           1  main.o(.bss.iap_done)
    jump_to_app                              0x2000000c   Data           4  iap.o(.bss.jump_to_app)
    pro_buff                                 0x20000010   Data        2048  at32f415_int.o(.bss.pro_buff)
    timebase_ticks                           0x20000810   Data           4  wk_system.o(.bss.timebase_ticks)
    usart1_crc_buff                          0x20000814   Data        1032  at32f415_int.o(.bss.usart1_crc_buff)
    usart1_rx_buff                           0x20000c1c   Data        1036  at32f415_int.o(.bss.usart1_rx_buff)
    usart1_tx_buff                           0x20001028   Data          22  at32f415_int.o(.bss.usart1_tx_buff)
    __initial_sp                             0x20001440   Data           0  startup_at32f415.o(STACK)



==============================================================================

Memory Map of the image

  Image Entry point : 0x08000171

  Load Region LR_IROM1 (Base: 0x08000000, Size: 0x00001620, Max: 0x00004000, ABSOLUTE)

    Execution Region ER_IROM1 (Exec base: 0x08000000, Load base: 0x08000000, Size: 0x00001614, Max: 0x00004000, ABSOLUTE)

    Exec Addr    Load Addr    Size         Type   Attr      Idx    E Section Name        Object

    0x08000000   0x08000000   0x00000170   Data   RO          531    RESET               startup_at32f415.o
    0x08000170   0x08000170   0x00000000   Code   RO          538  * .ARM.Collect$$$$00000000  mc_w.l(entry.o)
    0x08000170   0x08000170   0x00000004   Code   RO          545    .ARM.Collect$$$$00000001  mc_w.l(entry2.o)
    0x08000174   0x08000174   0x00000004   Code   RO          548    .ARM.Collect$$$$00000004  mc_w.l(entry5.o)
    0x08000178   0x08000178   0x00000000   Code   RO          550    .ARM.Collect$$$$00000008  mc_w.l(entry7b.o)
    0x08000178   0x08000178   0x00000000   Code   RO          552    .ARM.Collect$$$$0000000A  mc_w.l(entry8b.o)
    0x08000178   0x08000178   0x00000008   Code   RO          553    .ARM.Collect$$$$0000000B  mc_w.l(entry9a.o)
    0x08000180   0x08000180   0x00000000   Code   RO          555    .ARM.Collect$$$$0000000D  mc_w.l(entry10a.o)
    0x08000180   0x08000180   0x00000000   Code   RO          557    .ARM.Collect$$$$0000000F  mc_w.l(entry11a.o)
    0x08000180   0x08000180   0x00000004   Code   RO          546    .ARM.Collect$$$$00002712  mc_w.l(entry2.o)
    0x08000184   0x08000184   0x00000024   Code   RO          532    .text               startup_at32f415.o
    0x080001a8   0x080001a8   0x00000024   Code   RO          541    .text               mc_w.l(memcpya.o)
    0x080001cc   0x080001cc   0x00000030   Code   RO          559    .text               mc_w.l(init.o)
    0x080001fc   0x080001fc   0x00000002   Code   RO           32    .text.BusFault_Handler  at32f415_int.o
    0x080001fe   0x080001fe   0x00000002   PAD
    0x08000200   0x08000200   0x00000002   Code   RO           38    .text.DebugMon_Handler  at32f415_int.o
    0x08000202   0x08000202   0x00000002   PAD
    0x08000204   0x08000204   0x00000002   Code   RO           28    .text.HardFault_Handler  at32f415_int.o
    0x08000206   0x08000206   0x00000002   PAD
    0x08000208   0x08000208   0x00000002   Code   RO           30    .text.MemManage_Handler  at32f415_int.o
    0x0800020a   0x0800020a   0x00000002   PAD
    0x0800020c   0x0800020c   0x00000002   Code   RO           26    .text.NMI_Handler   at32f415_int.o
    0x0800020e   0x0800020e   0x00000002   PAD
    0x08000210   0x08000210   0x00000002   Code   RO           40    .text.PendSV_Handler  at32f415_int.o
    0x08000212   0x08000212   0x00000002   PAD
    0x08000214   0x08000214   0x00000002   Code   RO           36    .text.SVC_Handler   at32f415_int.o
    0x08000216   0x08000216   0x00000002   PAD
    0x08000218   0x08000218   0x00000004   Code   RO           42    .text.SysTick_Handler  at32f415_int.o
    0x0800021c   0x0800021c   0x0000007c   Code   RO          517    .text.SystemInit    system_at32f415.o
    0x08000298   0x08000298   0x000001e0   Code   RO           44    .text.USART1_IRQHandler  at32f415_int.o
    0x08000478   0x08000478   0x00000002   Code   RO           34    .text.UsageFault_Handler  at32f415_int.o
    0x0800047a   0x0800047a   0x00000002   PAD
    0x0800047c   0x0800047c   0x0000001c   Code   RO          132    .text.__NVIC_ClearPendingIRQ  iap.o
    0x08000498   0x08000498   0x00000140   Code   RO          130    .text.app_load      iap.o
    0x080005d8   0x080005d8   0x0000001a   Code   RO          155    .text.crc_block_calculate  at32f415_crc.o
    0x080005f2   0x080005f2   0x00000002   PAD
    0x080005f4   0x080005f4   0x00000012   Code   RO          151    .text.crc_data_reset  at32f415_crc.o
    0x08000606   0x08000606   0x00000002   PAD
    0x08000608   0x08000608   0x0000000c   Code   RO          163    .text.crc_init_data_set  at32f415_crc.o
    0x08000614   0x08000614   0x0000001a   Code   RO          173    .text.crc_poly_size_set  at32f415_crc.o
    0x0800062e   0x0800062e   0x00000002   PAD
    0x08000630   0x08000630   0x0000000c   Code   RO          169    .text.crc_poly_value_set  at32f415_crc.o
    0x0800063c   0x0800063c   0x0000001a   Code   RO          165    .text.crc_reverse_input_data_set  at32f415_crc.o
    0x08000656   0x08000656   0x00000002   PAD
    0x08000658   0x08000658   0x0000001a   Code   RO          167    .text.crc_reverse_output_data_set  at32f415_crc.o
    0x08000672   0x08000672   0x00000002   PAD
    0x08000674   0x08000674   0x0000001a   Code   RO          215    .text.crm_ahb_div_set  at32f415_crm.o
    0x0800068e   0x0800068e   0x00000002   PAD
    0x08000690   0x08000690   0x0000001a   Code   RO          217    .text.crm_apb1_div_set  at32f415_crm.o
    0x080006aa   0x080006aa   0x00000002   PAD
    0x080006ac   0x080006ac   0x0000001a   Code   RO          219    .text.crm_apb2_div_set  at32f415_crm.o
    0x080006c6   0x080006c6   0x00000002   PAD
    0x080006c8   0x080006c8   0x00000018   Code   RO          243    .text.crm_auto_step_mode_enable  at32f415_crm.o
    0x080006e0   0x080006e0   0x0000007a   Code   RO          207    .text.crm_clock_source_enable  at32f415_crm.o
    0x0800075a   0x0800075a   0x00000002   PAD
    0x0800075c   0x0800075c   0x0000011c   Code   RO          237    .text.crm_clocks_freq_get  at32f415_crm.o
    0x08000878   0x08000878   0x0000001a   Code   RO          191    .text.crm_flag_get  at32f415_crm.o
    0x08000892   0x08000892   0x00000002   PAD
    0x08000894   0x08000894   0x00000024   Code   RO          195    .text.crm_hext_stable_wait  at32f415_crm.o
    0x080008b8   0x080008b8   0x00000028   Code   RO          201    .text.crm_periph_clock_enable  at32f415_crm.o
    0x080008e0   0x080008e0   0x00000084   Code   RO          231    .text.crm_pll_config2  at32f415_crm.o
    0x08000964   0x08000964   0x0000004e   Code   RO          185    .text.crm_reset     at32f415_crm.o
    0x080009b2   0x080009b2   0x00000002   PAD
    0x080009b4   0x080009b4   0x0000003a   Code   RO          233    .text.crm_sysclk_switch  at32f415_crm.o
    0x080009ee   0x080009ee   0x00000002   PAD
    0x080009f0   0x080009f0   0x00000010   Code   RO          235    .text.crm_sysclk_switch_status_get  at32f415_crm.o
    0x08000a00   0x08000a00   0x0000004a   Code   RO          116    .text.flash_2kb_write  flash.o
    0x08000a4a   0x08000a4a   0x00000002   PAD
    0x08000a4c   0x08000a4c   0x0000007a   Code   RO          288    .text.flash_halfword_program  at32f415_flash.o
    0x08000ac6   0x08000ac6   0x00000002   PAD
    0x08000ac8   0x08000ac8   0x00000012   Code   RO          276    .text.flash_lock    at32f415_flash.o
    0x08000ada   0x08000ada   0x00000002   PAD
    0x08000adc   0x08000adc   0x00000082   Code   RO          278    .text.flash_sector_erase  at32f415_flash.o
    0x08000b5e   0x08000b5e   0x00000002   PAD
    0x08000b60   0x08000b60   0x0000001e   Code   RO          274    .text.flash_unlock  at32f415_flash.o
    0x08000b7e   0x08000b7e   0x00000002   PAD
    0x08000b80   0x08000b80   0x0000001c   Code   RO          120    .text.flash_upgrade_flag_read  flash.o
    0x08000b9c   0x08000b9c   0x00000012   Code   RO          346    .text.gpio_default_para_init  at32f415_gpio.o
    0x08000bae   0x08000bae   0x00000002   PAD
    0x08000bb0   0x08000bb0   0x000000be   Code   RO          344    .text.gpio_init     at32f415_gpio.o
    0x08000c6e   0x08000c6e   0x00000002   PAD
    0x08000c70   0x08000c70   0x00000040   Code   RO          370    .text.gpio_pin_remap_config  at32f415_gpio.o
    0x08000cb0   0x08000cb0   0x00000078   Code   RO            2    .text.main          main.o
    0x08000d28   0x08000d28   0x0000002a   Code   RO          389    .text.nvic_irq_disable  at32f415_misc.o
    0x08000d52   0x08000d52   0x00000002   PAD
    0x08000d54   0x08000d54   0x00000076   Code   RO          387    .text.nvic_irq_enable  at32f415_misc.o
    0x08000dca   0x08000dca   0x00000002   PAD
    0x08000dcc   0x08000dcc   0x00000020   Code   RO          391    .text.nvic_priority_group_config  at32f415_misc.o
    0x08000dec   0x08000dec   0x000000e4   Code   RO          519    .text.system_core_clock_update  system_at32f415.o
    0x08000ed0   0x08000ed0   0x00000018   Code   RO          397    .text.systick_clock_source_config  at32f415_misc.o
    0x08000ee8   0x08000ee8   0x00000092   Code   RO           48    .text.usart1_connet_pc  at32f415_int.o
    0x08000f7a   0x08000f7a   0x00000002   PAD
    0x08000f7c   0x08000f7c   0x00000092   Code   RO           54    .text.usart1_send_error  at32f415_int.o
    0x0800100e   0x0800100e   0x00000002   PAD
    0x08001010   0x08001010   0x00000092   Code   RO           50    .text.usart1_send_ok  at32f415_int.o
    0x080010a2   0x080010a2   0x00000002   PAD
    0x080010a4   0x080010a4   0x00000006   Code   RO          471    .text.usart_data_receive  at32f415_usart.o
    0x080010aa   0x080010aa   0x00000002   PAD
    0x080010ac   0x080010ac   0x00000008   Code   RO          469    .text.usart_data_transmit  at32f415_usart.o
    0x080010b4   0x080010b4   0x00000012   Code   RO          443    .text.usart_enable  at32f415_usart.o
    0x080010c6   0x080010c6   0x00000002   PAD
    0x080010c8   0x080010c8   0x0000000a   Code   RO          491    .text.usart_flag_get  at32f415_usart.o
    0x080010d2   0x080010d2   0x00000002   PAD
    0x080010d4   0x080010d4   0x00000042   Code   RO          489    .text.usart_hardware_flow_control_set  at32f415_usart.o
    0x08001116   0x08001116   0x00000002   PAD
    0x08001118   0x08001118   0x00000086   Code   RO          439    .text.usart_init    at32f415_usart.o
    0x0800119e   0x0800119e   0x00000002   PAD
    0x080011a0   0x080011a0   0x00000020   Code   RO          453    .text.usart_interrupt_enable  at32f415_usart.o
    0x080011c0   0x080011c0   0x000000c2   Code   RO          493    .text.usart_interrupt_flag_get  at32f415_usart.o
    0x08001282   0x08001282   0x00000002   PAD
    0x08001284   0x08001284   0x0000003a   Code   RO          441    .text.usart_parity_selection_config  at32f415_usart.o
    0x080012be   0x080012be   0x00000002   PAD
    0x080012c0   0x080012c0   0x00000012   Code   RO          447    .text.usart_receiver_enable  at32f415_usart.o
    0x080012d2   0x080012d2   0x00000002   PAD
    0x080012d4   0x080012d4   0x00000012   Code   RO          445    .text.usart_transmitter_enable  at32f415_usart.o
    0x080012e6   0x080012e6   0x00000002   PAD
    0x080012e8   0x080012e8   0x00000030   Code   RO           92    .text.wk_crc_init   wk_crc.o
    0x08001318   0x08001318   0x0000000e   Code   RO          108    .text.wk_debug_config  wk_debug.o
    0x08001326   0x08001326   0x00000002   PAD
    0x08001328   0x08001328   0x00000068   Code   RO          143    .text.wk_gpio_config  wk_gpio.o
    0x08001390   0x08001390   0x00000060   Code   RO           16    .text.wk_nvic_config  at32f415_wk_config.o
    0x080013f0   0x080013f0   0x00000054   Code   RO           14    .text.wk_periph_clock_config  at32f415_wk_config.o
    0x08001444   0x08001444   0x000000a2   Code   RO           12    .text.wk_system_clock_config  at32f415_wk_config.o
    0x080014e6   0x080014e6   0x00000002   PAD
    0x080014e8   0x080014e8   0x00000004   Code   RO           81    .text.wk_timebase_handler  wk_system.o
    0x080014ec   0x080014ec   0x00000010   Code   RO           73    .text.wk_timebase_increase  wk_system.o
    0x080014fc   0x080014fc   0x00000040   Code   RO           79    .text.wk_timebase_init  wk_system.o
    0x0800153c   0x0800153c   0x00000090   Code   RO          100    .text.wk_usart1_init  wk_usart.o
    0x080015cc   0x080015cc   0x0000000e   Code   RO          563    i.__scatterload_copy  mc_w.l(handlers.o)
    0x080015da   0x080015da   0x00000002   Code   RO          564    i.__scatterload_null  mc_w.l(handlers.o)
    0x080015dc   0x080015dc   0x0000000e   Code   RO          565    i.__scatterload_zeroinit  mc_w.l(handlers.o)
    0x080015ea   0x080015ea   0x00000008   Data   RO          257    .rodata.cst8        at32f415_crm.o
    0x080015f2   0x080015f2   0x00000002   PAD
    0x080015f4   0x080015f4   0x00000020   Data   RO          562    Region$$Table       anon$$obj.o


    Execution Region RW_IRAM1 (Exec base: 0x20000000, Load base: 0x08001618, Size: 0x00001440, Max: 0x00008000, ABSOLUTE)

    Exec Addr    Load Addr    Size         Type   Attr      Idx    E Section Name        Object

    0x20000000   0x08001618   0x00000004   Data   RW           58    .data.flash_add     at32f415_int.o
    0x20000004   0x0800161c   0x00000004   Data   RW          521    .data.system_core_clock  system_at32f415.o
    0x20000008        -       0x00000002   Zero   RW           59    .bss.USART1_IRQHandler.count  at32f415_int.o
    0x2000000a        -       0x00000001   Zero   RW           60    .bss.USART1_IRQHandler.data_count  at32f415_int.o
    0x2000000b        -       0x00000001   Zero   RW            4    .bss.iap_done       main.o
    0x2000000c        -       0x00000004   Zero   RW          134    .bss.jump_to_app    iap.o
    0x20000010        -       0x00000800   Zero   RW           63    .bss.pro_buff       at32f415_int.o
    0x20000810        -       0x00000004   Zero   RW           83    .bss.timebase_ticks  wk_system.o
    0x20000814        -       0x00000408   Zero   RW           62    .bss.usart1_crc_buff  at32f415_int.o
    0x20000c1c        -       0x0000040c   Zero   RW           61    .bss.usart1_rx_buff  at32f415_int.o
    0x20001028        -       0x00000016   Zero   RW           64    .bss.usart1_tx_buff  at32f415_int.o
    0x2000103e   0x08001620   0x00000002   PAD
    0x20001040        -       0x00000400   Zero   RW          529    STACK               startup_at32f415.o


==============================================================================

Image component sizes


      Code (inc. data)   RO Data    RW Data    ZI Data      Debug   Object Name

       146          0          0          0          0       3409   at32f415_crc.o
       894         34          8          0          0      21509   at32f415_crm.o
       300          0          0          0          0      22157   at32f415_flash.o
       272          0          0          0          0      13066   at32f415_gpio.o
       938          0          0          4       4141       9141   at32f415_int.o
       216          0          0          0          0       6807   at32f415_misc.o
       562         68          0          0          0      11108   at32f415_usart.o
       342          0          0          0          0      10325   at32f415_wk_config.o
       102          0          0          0          0       1723   flash.o
       348          0          0          0          4       4443   iap.o
       120          0          0          0          1        773   main.o
        36          8        368          0       1024        796   startup_at32f415.o
       352         16          0          4          0       7715   system_at32f415.o
        48          0          0          0          0        869   wk_crc.o
        14          0          0          0          0        793   wk_debug.o
       104          0          0          0          0       4449   wk_gpio.o
        84          0          0          0          4       1892   wk_system.o
       144          0          0          0          0       6483   wk_usart.o

    ----------------------------------------------------------------------
      5108        126        410          8       5176     127458   Object Totals
         0          0         32          0          0          0   (incl. Generated)
        86          0          2          0          2          0   (incl. Padding)

    ----------------------------------------------------------------------

      Code (inc. data)   RO Data    RW Data    ZI Data      Debug   Library Member Name

         0          0          0          0          0          0   entry.o
         0          0          0          0          0          0   entry10a.o
         0          0          0          0          0          0   entry11a.o
         8          4          0          0          0          0   entry2.o
         4          0          0          0          0          0   entry5.o
         0          0          0          0          0          0   entry7b.o
         0          0          0          0          0          0   entry8b.o
         8          4          0          0          0          0   entry9a.o
        30          0          0          0          0          0   handlers.o
        48         10          0          0          0         68   init.o
        36          0          0          0          0         68   memcpya.o

    ----------------------------------------------------------------------
       134         18          0          0          0        136   Library Totals
         0          0          0          0          0          0   (incl. Padding)

    ----------------------------------------------------------------------

      Code (inc. data)   RO Data    RW Data    ZI Data      Debug   Library Name

       134         18          0          0          0        136   mc_w.l

    ----------------------------------------------------------------------
       134         18          0          0          0        136   Library Totals

    ----------------------------------------------------------------------

==============================================================================


      Code (inc. data)   RO Data    RW Data    ZI Data      Debug   

      5242        144        410          8       5176     127426   Grand Totals
      5242        144        410          8       5176     127426   ELF Image Totals
      5242        144        410          8          0          0   ROM Totals

==============================================================================

    Total RO  Size (Code + RO Data)                 5652 (   5.52kB)
    Total RW  Size (RW Data + ZI Data)              5184 (   5.06kB)
    Total ROM Size (Code + RO Data + RW Data)       5660 (   5.53kB)

==============================================================================

