<html>
<body>
<pre>
<h1>µVision Build Log</h1>
<h2>Tool Versions:</h2>
IDE-Version: ¦ÌVision V5.42.0.0
Copyright (C) 2025 ARM Ltd and ARM Germany GmbH. All rights reserved.
License Information: 1 Administrator, 11, LIC=IK1BF-6KR8B-2ZTW4-FMYEQ-TB5KW-HTE2F
 
Tool Versions:
Toolchain:       MDK-ARM Plus  Version: 5.42.0.0
Toolchain Path:  D:\keil5.42\ARM\ARMCLANG\Bin
C Compiler:      ArmClang.exe V6.23
Assembler:       Armasm.exe V6.23
Linker/Locator:  ArmLink.exe V6.23
Library Manager: ArmAr.exe V6.23
Hex Converter:   FromElf.exe V6.23
CPU DLL:         SARMCM3.DLL V5.42.0.0
Dialog DLL:      DCM.DLL V1.17.5.0
Target DLL:      Segger\JL2CM3.dll V2.99.45.0
Dialog DLL:      TCM.DLL V1.56.6.0
 
<h2>Project:</h2>
D:\AT32_project\FW_S2Pro\S2Pro_415\app\AT32F415CCT7_WorkBench\project\MDK_V5\AT32F415CCT7_WorkBench.uvprojx
Project File Date:  11/12/2025

<h2>Output:</h2>
*** Using Compiler 'V6.23', folder: 'D:\keil5.42\ARM\ARMCLANG\Bin'
Build target 'AT32F415CCT7_WorkBench'
../app/key_handle.c(183): warning: 4 enumeration values not handled in switch: 'KEY_NONE', 'KEY_PRESS', 'KEY_LONG_PRESS'... [-Wswitch]
  183 |                 switch (key_event[1])
      |                         ^~~~~~~~~~~~
../app/key_handle.c(642): warning: 8 enumeration values not handled in switch: 'TIME_COUNTDOWN_EVENT', 'VALUE_RESET_EVENT', 'ENTER_SETS'... [-Wswitch]
  642 |         switch (EVENT)
      |                 ^~~~~
2 warnings generated.
compiling key_handle.c...
linking...
Program Size: Code=23544 RO-data=51888 RW-data=204 ZI-data=10132  
FromELF: creating hex file...
After Build - User command #1: fromelf.exe --bin --output .\Listings\AT32F415CCT7_WorkBench.bin .\objects\AT32F415CCT7_WorkBench.axf
After Build - User command #2: D:\Sonix_project\BF05-master\BF05-master\app\project\MDK_V5\keil5_disp_size_bar.exe
ram:
  RW_IRAM1 :0x20000000
   32.00 KB :|¡ö¡ö¡ö¡ö¡ö¡ö______________|   31.54 % (   10.09 KB /    32.00 KB) [22432 B]
flash:
  ER_IROM1 :0x8004000
  256.00 KB :|¡ö¡ö¡ö¡ö¡ö_______________|   28.78 % (   73.66 KB /   256.00 KB) [186712 B]
".\objects\AT32F415CCT7_WorkBench.axf" - 0 Error(s), 2 Warning(s).

<h2>Software Packages used:</h2>

Package Vendor: ARM
                https://www.keil.com/pack/ARM.CMSIS.6.2.0.pack
                ARM::CMSIS@6.2.0
                CMSIS (Common Microcontroller Software Interface Standard)
   * Component: CORE Version: 6.1.1

Package Vendor: ARM
                https://www.keil.com/pack/ARM.CMSIS-Compiler.2.1.0.pack
                ARM::CMSIS-Compiler@2.1.0
                CMSIS Compiler extensions for Arm Compiler, GCC, Clang, and IAR Compiler
   * Component: CORE Version: 1.1.0

Package Vendor: ARM
                https://www.keil.com/pack/ARM.CMSIS-View.1.2.0.pack
                ARM::CMSIS-View@1.2.0
                Debugger visualization of software events and statistics
   * Component: Event Recorder Variant: DAP Version: 1.6.0

Package Vendor: ArteryTek
                
                ArteryTek::AT32F415_DFP@2.1.6
                ArteryTek AT32F415 Series Device Support,Drivers

Package Vendor: GorgonMeducer
                https://raw.githubusercontent.com/GorgonMeducer/perf_counter/CMSIS-Pack/cmsis-pack/GorgonMeducer.perf_counter.2.4.0.pack
                GorgonMeducer::perf_counter@2.4.0
                A dedicated performance counter for the Cortex-M Systick. It shares the SysTick with users' original SysTick function without interfering with it. This library will bring new functionalities, such as performance counter, APIs for delay, clock() defined in time.h etc.
   * Component: Core Variant: Source Version: 2.4.0

<h2>Collection of Component include folders:</h2>
  ./RTE/CMSIS-View
  ./RTE/_AT32F415CCT7_WorkBench
  D:/keil5.42/ARM/CMSIS-View/1.2.0/EventRecorder/Include
  D:/keil5.42/ARM/CMSIS/6.2.0/CMSIS/Core/Include
  D:/keil5.42/ArteryTek/AT32F415_DFP/2.1.6/Device/Include
  D:/keil5.42/GorgonMeducer/perf_counter/2.4.0

<h2>Collection of Component Files used:</h2>

   * Component: ARM::CMSIS-Compiler:CORE@1.1.0
      Source file:   source/armcc/retarget_io.c

   * Component: ARM::CMSIS-View:Event Recorder&DAP@1.6.0
      Include file:  EventRecorder/Config/EventRecorderConf.h
      Source file:   EventRecorder/Source/EventRecorder.c
      Include file:  EventRecorder/Include/EventRecorder.h

   * Component: ARM::CMSIS:CORE@6.1.1

   * Component: GorgonMeducer::Utilities:perf_counter:Core&Source@2.4.0
      Include file:  perf_counter.h
      Source file:   perfc_port_default.c
      Source file:   perf_counter.c
      Source file:   systick_wrapper_gnu.s
Build Time Elapsed:  00:00:01
</pre>
</body>
</html>
