Component: Arm Compiler for Embedded 6.23 Tool: armlink [5f102400]

==============================================================================

Section Cross References

    startup_at32f415.o(RESET) refers to startup_at32f415.o(STACK) for __initial_sp
    startup_at32f415.o(RESET) refers to startup_at32f415.o(.text) for Reset_Handler
    startup_at32f415.o(RESET) refers to lto-llvm-0e30cf.o(.text.NMI_Handler) for NMI_Handler
    startup_at32f415.o(RESET) refers to lto-llvm-0e30cf.o(.text.HardFault_Handler) for HardFault_Handler
    startup_at32f415.o(RESET) refers to lto-llvm-0e30cf.o(.text.MemManage_Handler) for MemManage_Handler
    startup_at32f415.o(RESET) refers to lto-llvm-0e30cf.o(.text.BusFault_Handler) for BusFault_Handler
    startup_at32f415.o(RESET) refers to lto-llvm-0e30cf.o(.text.UsageFault_Handler) for UsageFault_Handler
    startup_at32f415.o(RESET) refers to lto-llvm-0e30cf.o(.text.SVC_Handler) for SVC_Handler
    startup_at32f415.o(RESET) refers to lto-llvm-0e30cf.o(.text.DebugMon_Handler) for DebugMon_Handler
    startup_at32f415.o(RESET) refers to lto-llvm-0e30cf.o(.text.PendSV_Handler) for PendSV_Handler
    startup_at32f415.o(RESET) refers to systick_wrapper_gnu.o(.text) for SysTick_Handler
    startup_at32f415.o(RESET) refers to lto-llvm-0e30cf.o(.text.USART1_IRQHandler) for USART1_IRQHandler
    startup_at32f415.o(.text) refers to lto-llvm-0e30cf.o(.text.SystemInit) for SystemInit
    startup_at32f415.o(.text) refers to entry.o(.ARM.Collect$$$$00000000) for __main
    systick_wrapper_gnu.o(.text) refers to lto-llvm-0e30cf.o(.text.perfc_port_insert_to_system_timer_insert_ovf_handler) for perfc_port_insert_to_system_timer_insert_ovf_handler
    systick_wrapper_gnu.o(.text) refers to lto-llvm-0e30cf.o(.text.SysTick_Handler) for $Super$$SysTick_Handler
    entry.o(.ARM.Collect$$$$00000000) refers (Special) to entry10a.o(.ARM.Collect$$$$0000000D) for __rt_final_cpp
    entry.o(.ARM.Collect$$$$00000000) refers (Special) to entry11a.o(.ARM.Collect$$$$0000000F) for __rt_final_exit
    entry.o(.ARM.Collect$$$$00000000) refers (Special) to entry7b.o(.ARM.Collect$$$$00000008) for _main_clock
    entry.o(.ARM.Collect$$$$00000000) refers (Special) to entry8b.o(.ARM.Collect$$$$0000000A) for _main_cpp_init
    entry.o(.ARM.Collect$$$$00000000) refers (Special) to entry9a.o(.ARM.Collect$$$$0000000B) for _main_init
    entry.o(.ARM.Collect$$$$00000000) refers (Special) to entry5.o(.ARM.Collect$$$$00000004) for _main_scatterload
    entry.o(.ARM.Collect$$$$00000000) refers (Special) to entry2.o(.ARM.Collect$$$$00000001) for _main_stk
    putchar.o(i.putchar) refers to lto-llvm-0e30cf.o(.text.fputc) for fputc
    putchar.o(i.putchar) refers to stdout.o(.data) for __stdout
    printfb.o(i.__0fprintf$bare) refers to printfb.o(i._printf_core) for _printf_core
    printfb.o(i.__0fprintf$bare) refers to lto-llvm-0e30cf.o(.text.fputc) for fputc
    printfb.o(i.__0printf$bare) refers to printfb.o(i._printf_core) for _printf_core
    printfb.o(i.__0printf$bare) refers to lto-llvm-0e30cf.o(.text.fputc) for fputc
    printfb.o(i.__0printf$bare) refers to stdout.o(.data) for __stdout
    printfb.o(i.__0snprintf$bare) refers to printfb.o(i._printf_core) for _printf_core
    printfb.o(i.__0snprintf$bare) refers to printfb.o(i._snputc) for _snputc
    printfb.o(i.__0sprintf$bare) refers to printfb.o(i._printf_core) for _printf_core
    printfb.o(i.__0sprintf$bare) refers to printfb.o(i._sputc) for _sputc
    printfb.o(i.__0vfprintf$bare) refers to printfb.o(i._printf_core) for _printf_core
    printfb.o(i.__0vfprintf$bare) refers to lto-llvm-0e30cf.o(.text.fputc) for fputc
    printfb.o(i.__0vprintf$bare) refers to printfb.o(i._printf_core) for _printf_core
    printfb.o(i.__0vprintf$bare) refers to lto-llvm-0e30cf.o(.text.fputc) for fputc
    printfb.o(i.__0vprintf$bare) refers to stdout.o(.data) for __stdout
    printfb.o(i.__0vsnprintf$bare) refers to printfb.o(i._printf_core) for _printf_core
    printfb.o(i.__0vsnprintf$bare) refers to printfb.o(i._snputc) for _snputc
    printfb.o(i.__0vsprintf$bare) refers to printfb.o(i._printf_core) for _printf_core
    printfb.o(i.__0vsprintf$bare) refers to printfb.o(i._sputc) for _sputc
    printf0.o(i.__0fprintf$0) refers to printf0.o(i._printf_core) for _printf_core
    printf0.o(i.__0fprintf$0) refers to lto-llvm-0e30cf.o(.text.fputc) for fputc
    printf0.o(i.__0printf$0) refers to printf0.o(i._printf_core) for _printf_core
    printf0.o(i.__0printf$0) refers to lto-llvm-0e30cf.o(.text.fputc) for fputc
    printf0.o(i.__0printf$0) refers to stdout.o(.data) for __stdout
    printf0.o(i.__0snprintf$0) refers to printf0.o(i._printf_core) for _printf_core
    printf0.o(i.__0snprintf$0) refers to printf0.o(i._snputc) for _snputc
    printf0.o(i.__0sprintf$0) refers to printf0.o(i._printf_core) for _printf_core
    printf0.o(i.__0sprintf$0) refers to printf0.o(i._sputc) for _sputc
    printf0.o(i.__0vfprintf$0) refers to printf0.o(i._printf_core) for _printf_core
[...]
    __arm_cp.61_1                            0x08006824   Number         4  lto-llvm-0e30cf.o(.text.TranferPicturetoTFT_LCD)
    [Anonymous Symbol]                       0x08006828   Section        0  lto-llvm-0e30cf.o(.text.USART1_IRQHandler)
    __arm_cp.53_0                            0x08006880   Number         4  lto-llvm-0e30cf.o(.text.USART1_IRQHandler)
    __arm_cp.53_1                            0x08006884   Number         4  lto-llvm-0e30cf.o(.text.USART1_IRQHandler)
    [Anonymous Symbol]                       0x08006888   Section        0  lto-llvm-0e30cf.o(.text.UsageFault_Handler)
    __NVIC_SystemReset                       0x0800688d   Thumb Code    28  lto-llvm-0e30cf.o(.text.__NVIC_SystemReset)
    [Anonymous Symbol]                       0x0800688c   Section        0  lto-llvm-0e30cf.o(.text.__NVIC_SystemReset)
    __arm_cp.28_0                            0x080068a8   Number         4  lto-llvm-0e30cf.o(.text.__NVIC_SystemReset)
    __arm_cp.28_1                            0x080068ac   Number         4  lto-llvm-0e30cf.o(.text.__NVIC_SystemReset)
    __perf_counter_init                      0x080068b1   Thumb Code   150  lto-llvm-0e30cf.o(.text.__perf_counter_init)
    [Anonymous Symbol]                       0x080068b0   Section        0  lto-llvm-0e30cf.o(.text.__perf_counter_init)
    adc_ordinary_channel_set                 0x08006949   Thumb Code    48  lto-llvm-0e30cf.o(.text.adc_ordinary_channel_set)
    [Anonymous Symbol]                       0x08006948   Section        0  lto-llvm-0e30cf.o(.text.adc_ordinary_channel_set)
    __arm_cp.17_0                            0x08006978   Number         4  lto-llvm-0e30cf.o(.text.adc_ordinary_channel_set)
    beep_off                                 0x0800697d   Thumb Code    12  lto-llvm-0e30cf.o(.text.beep_off)
    [Anonymous Symbol]                       0x0800697c   Section        0  lto-llvm-0e30cf.o(.text.beep_off)
    __arm_cp.47_0                            0x08006988   Number         4  lto-llvm-0e30cf.o(.text.beep_off)
    beep_on                                  0x0800698d   Thumb Code    12  lto-llvm-0e30cf.o(.text.beep_on)
    [Anonymous Symbol]                       0x0800698c   Section        0  lto-llvm-0e30cf.o(.text.beep_on)
    __arm_cp.46_0                            0x08006998   Number         4  lto-llvm-0e30cf.o(.text.beep_on)
    convert_data                             0x0800699d   Thumb Code    40  lto-llvm-0e30cf.o(.text.convert_data)
    [Anonymous Symbol]                       0x0800699c   Section        0  lto-llvm-0e30cf.o(.text.convert_data)
    crc_block_calculate                      0x080069c5   Thumb Code    28  lto-llvm-0e30cf.o(.text.crc_block_calculate)
    [Anonymous Symbol]                       0x080069c4   Section        0  lto-llvm-0e30cf.o(.text.crc_block_calculate)
    __arm_cp.30_0                            0x080069e0   Number         4  lto-llvm-0e30cf.o(.text.crc_block_calculate)
    __arm_cp.30_1                            0x080069e4   Number         4  lto-llvm-0e30cf.o(.text.crc_block_calculate)
    crm_clocks_freq_get                      0x080069e9   Thumb Code   204  lto-llvm-0e30cf.o(.text.crm_clocks_freq_get)
    [Anonymous Symbol]                       0x080069e8   Section        0  lto-llvm-0e30cf.o(.text.crm_clocks_freq_get)
    __arm_cp.18_0                            0x08006ab4   Number         4  lto-llvm-0e30cf.o(.text.crm_clocks_freq_get)
    __arm_cp.18_1                            0x08006ab8   Number         4  lto-llvm-0e30cf.o(.text.crm_clocks_freq_get)
    __arm_cp.18_2                            0x08006abc   Number         4  lto-llvm-0e30cf.o(.text.crm_clocks_freq_get)
    __arm_cp.18_3                            0x08006ac0   Number         4  lto-llvm-0e30cf.o(.text.crm_clocks_freq_get)
    __arm_cp.18_4                            0x08006ac4   Number         4  lto-llvm-0e30cf.o(.text.crm_clocks_freq_get)
    __arm_cp.18_5                            0x08006ac8   Number         4  lto-llvm-0e30cf.o(.text.crm_clocks_freq_get)
    crm_clocks_freq_get.adc_div_table        0x08006acc   Number         0  lto-llvm-0e30cf.o(.text.crm_clocks_freq_get)
    data_check_len                           0x08006ad5   Thumb Code    42  lto-llvm-0e30cf.o(.text.data_check_len)
    [Anonymous Symbol]                       0x08006ad4   Section        0  lto-llvm-0e30cf.o(.text.data_check_len)
    disp_task                                0x08006b01   Thumb Code  4232  lto-llvm-0e30cf.o(.text.disp_task)
    [Anonymous Symbol]                       0x08006b00   Section        0  lto-llvm-0e30cf.o(.text.disp_task)
    __arm_cp.4_34                            0x08006f2c   Number         4  lto-llvm-0e30cf.o(.text.disp_task)
    __arm_cp.4_35                            0x08006f30   Number         4  lto-llvm-0e30cf.o(.text.disp_task)
    __arm_cp.4_37                            0x08006f34   Number         4  lto-llvm-0e30cf.o(.text.disp_task)
    __arm_cp.4_38                            0x08006f38   Number         4  lto-llvm-0e30cf.o(.text.disp_task)
    __arm_cp.4_39                            0x08006f3c   Number         4  lto-llvm-0e30cf.o(.text.disp_task)
    __arm_cp.4_49                            0x080072c8   Number         4  lto-llvm-0e30cf.o(.text.disp_task)
    __arm_cp.4_50                            0x08007618   Number         4  lto-llvm-0e30cf.o(.text.disp_task)
    __arm_cp.4_31                            0x080078cc   Number         4  lto-llvm-0e30cf.o(.text.disp_task)
    __arm_cp.4_32                            0x080078d0   Number         4  lto-llvm-0e30cf.o(.text.disp_task)
    __arm_cp.4_36                            0x080078d4   Number         4  lto-llvm-0e30cf.o(.text.disp_task)
    __arm_cp.4_40                            0x080078d8   Number         4  lto-llvm-0e30cf.o(.text.disp_task)
    __arm_cp.4_41                            0x080078dc   Number         4  lto-llvm-0e30cf.o(.text.disp_task)
    __arm_cp.4_42                            0x080078e0   Number         4  lto-llvm-0e30cf.o(.text.disp_task)
    __arm_cp.4_43                            0x080078e4   Number         4  lto-llvm-0e30cf.o(.text.disp_task)
    __arm_cp.4_44                            0x080078e8   Number         4  lto-llvm-0e30cf.o(.text.disp_task)
    __arm_cp.4_45                            0x080078ec   Number         4  lto-llvm-0e30cf.o(.text.disp_task)
    __arm_cp.4_46                            0x080078f0   Number         4  lto-llvm-0e30cf.o(.text.disp_task)
    __arm_cp.4_53                            0x080078fc   Number         4  lto-llvm-0e30cf.o(.text.disp_task)
    __arm_cp.4_54                            0x08007900   Number         4  lto-llvm-0e30cf.o(.text.disp_task)
    __arm_cp.4_3                             0x08007b88   Number         4  lto-llvm-0e30cf.o(.text.disp_task)
    __arm_cp.4_12                            0x08007b8c   Number         4  lto-llvm-0e30cf.o(.text.disp_task)
    __arm_cp.4_13                            0x08007b90   Number         4  lto-llvm-0e30cf.o(.text.disp_task)
    __arm_cp.4_14                            0x08007b94   Number         4  lto-llvm-0e30cf.o(.text.disp_task)
    __arm_cp.4_15                            0x08007b98   Number         4  lto-llvm-0e30cf.o(.text.disp_task)
    __arm_cp.4_25                            0x08007ba4   Number         4  lto-llvm-0e30cf.o(.text.disp_task)
    __arm_cp.4_26                            0x08007ba8   Number         4  lto-llvm-0e30cf.o(.text.disp_task)
    __arm_cp.4_27                            0x08007bac   Number         4  lto-llvm-0e30cf.o(.text.disp_task)
    __arm_cp.4_28                            0x08007bb0   Number         4  lto-llvm-0e30cf.o(.text.disp_task)
    dma_init                                 0x08007bb5   Thumb Code   124  lto-llvm-0e30cf.o(.text.dma_init)
    [Anonymous Symbol]                       0x08007bb4   Section        0  lto-llvm-0e30cf.o(.text.dma_init)
    dma_reset                                0x08007c31   Thumb Code    72  lto-llvm-0e30cf.o(.text.dma_reset)
    [Anonymous Symbol]                       0x08007c30   Section        0  lto-llvm-0e30cf.o(.text.dma_reset)
    __arm_cp.19_0                            0x08007c78   Number         4  lto-llvm-0e30cf.o(.text.dma_reset)
    feed_dog_task                            0x08007c7d   Thumb Code    20  lto-llvm-0e30cf.o(.text.feed_dog_task)
    [Anonymous Symbol]                       0x08007c7c   Section        0  lto-llvm-0e30cf.o(.text.feed_dog_task)
    __arm_cp.1_0                             0x08007c90   Number         4  lto-llvm-0e30cf.o(.text.feed_dog_task)
    __arm_cp.1_1                             0x08007c94   Number         4  lto-llvm-0e30cf.o(.text.feed_dog_task)
    filter_init                              0x08007c99   Thumb Code    26  lto-llvm-0e30cf.o(.text.filter_init)
    [Anonymous Symbol]                       0x08007c98   Section        0  lto-llvm-0e30cf.o(.text.filter_init)
    flash_halfword_program                   0x08007cb5   Thumb Code    28  lto-llvm-0e30cf.o(.text.flash_halfword_program)
    [Anonymous Symbol]                       0x08007cb4   Section        0  lto-llvm-0e30cf.o(.text.flash_halfword_program)
    flash_operation_status_get               0x08007cd1   Thumb Code    36  lto-llvm-0e30cf.o(.text.flash_operation_status_get)
    [Anonymous Symbol]                       0x08007cd0   Section        0  lto-llvm-0e30cf.o(.text.flash_operation_status_get)
    __arm_cp.21_0                            0x08007cf4   Number         4  lto-llvm-0e30cf.o(.text.flash_operation_status_get)
    flash_operation_wait_for                 0x08007cf9   Thumb Code    28  lto-llvm-0e30cf.o(.text.flash_operation_wait_for)
    [Anonymous Symbol]                       0x08007cf8   Section        0  lto-llvm-0e30cf.o(.text.flash_operation_wait_for)
    flash_read_halfword                      0x08007d15   Thumb Code    40  lto-llvm-0e30cf.o(.text.flash_read_halfword)
    [Anonymous Symbol]                       0x08007d14   Section        0  lto-llvm-0e30cf.o(.text.flash_read_halfword)
    flash_sector_erase                       0x08007d3d   Thumb Code    40  lto-llvm-0e30cf.o(.text.flash_sector_erase)
    [Anonymous Symbol]                       0x08007d3c   Section        0  lto-llvm-0e30cf.o(.text.flash_sector_erase)
    __arm_cp.23_0                            0x08007d64   Number         4  lto-llvm-0e30cf.o(.text.flash_sector_erase)
    flash_task                               0x08007d69   Thumb Code  1152  lto-llvm-0e30cf.o(.text.flash_task)
    [Anonymous Symbol]                       0x08007d68   Section        0  lto-llvm-0e30cf.o(.text.flash_task)
    __arm_cp.3_1                             0x080081e8   Number         4  lto-llvm-0e30cf.o(.text.flash_task)
    __arm_cp.3_3                             0x080081ec   Number         4  lto-llvm-0e30cf.o(.text.flash_task)
    __arm_cp.3_5                             0x080081f0   Number         4  lto-llvm-0e30cf.o(.text.flash_task)
    __arm_cp.3_6                             0x080081f4   Number         4  lto-llvm-0e30cf.o(.text.flash_task)
    __arm_cp.3_7                             0x080081f8   Number         4  lto-llvm-0e30cf.o(.text.flash_task)
    __arm_cp.3_8                             0x080081fc   Number         4  lto-llvm-0e30cf.o(.text.flash_task)
    __arm_cp.3_9                             0x08008200   Number         4  lto-llvm-0e30cf.o(.text.flash_task)
    __arm_cp.3_10                            0x08008204   Number         4  lto-llvm-0e30cf.o(.text.flash_task)
    __arm_cp.3_11                            0x08008208   Number         4  lto-llvm-0e30cf.o(.text.flash_task)
    __arm_cp.3_12                            0x0800820c   Number         4  lto-llvm-0e30cf.o(.text.flash_task)
    __arm_cp.3_13                            0x08008210   Number         4  lto-llvm-0e30cf.o(.text.flash_task)
    __arm_cp.3_14                            0x08008214   Number         4  lto-llvm-0e30cf.o(.text.flash_task)
    __arm_cp.3_15                            0x08008218   Number         4  lto-llvm-0e30cf.o(.text.flash_task)
    __arm_cp.3_16                            0x0800821c   Number         4  lto-llvm-0e30cf.o(.text.flash_task)
    flash_word_program                       0x08008221   Thumb Code    32  lto-llvm-0e30cf.o(.text.flash_word_program)
    [Anonymous Symbol]                       0x08008220   Section        0  lto-llvm-0e30cf.o(.text.flash_word_program)
    __arm_cp.24_0                            0x08008240   Number         4  lto-llvm-0e30cf.o(.text.flash_word_program)
    __arm_cp.24_2                            0x08008244   Number         4  lto-llvm-0e30cf.o(.text.flash_word_program)
    get_adcval                               0x08008249   Thumb Code    28  lto-llvm-0e30cf.o(.text.get_adcval)
    [Anonymous Symbol]                       0x08008248   Section        0  lto-llvm-0e30cf.o(.text.get_adcval)
    __arm_cp.36_0                            0x08008264   Number         4  lto-llvm-0e30cf.o(.text.get_adcval)
    get_data_from_a                          0x08008269   Thumb Code    92  lto-llvm-0e30cf.o(.text.get_data_from_a)
    [Anonymous Symbol]                       0x08008268   Section        0  lto-llvm-0e30cf.o(.text.get_data_from_a)
    __arm_cp.33_0                            0x080082c4   Number         4  lto-llvm-0e30cf.o(.text.get_data_from_a)
    get_data_from_b                          0x080082c9   Thumb Code    92  lto-llvm-0e30cf.o(.text.get_data_from_b)
    [Anonymous Symbol]                       0x080082c8   Section        0  lto-llvm-0e30cf.o(.text.get_data_from_b)
    __arm_cp.34_0                            0x08008324   Number         4  lto-llvm-0e30cf.o(.text.get_data_from_b)
    __arm_cp.34_1                            0x08008328   Number         4  lto-llvm-0e30cf.o(.text.get_data_from_b)
    __arm_cp.34_2                            0x0800832c   Number         4  lto-llvm-0e30cf.o(.text.get_data_from_b)
    get_system_ticks                         0x08008331   Thumb Code   110  lto-llvm-0e30cf.o(.text.get_system_ticks)
    [Anonymous Symbol]                       0x08008330   Section        0  lto-llvm-0e30cf.o(.text.get_system_ticks)
    gpio_init                                0x0800839f   Thumb Code   168  lto-llvm-0e30cf.o(.text.gpio_init)
    [Anonymous Symbol]                       0x0800839e   Section        0  lto-llvm-0e30cf.o(.text.gpio_init)
    iap_task                                 0x08008449   Thumb Code    44  lto-llvm-0e30cf.o(.text.iap_task)
    [Anonymous Symbol]                       0x08008448   Section        0  lto-llvm-0e30cf.o(.text.iap_task)
    __arm_cp.2_0                             0x08008474   Number         4  lto-llvm-0e30cf.o(.text.iap_task)
    __arm_cp.2_1                             0x08008478   Number         4  lto-llvm-0e30cf.o(.text.iap_task)
    __arm_cp.2_2                             0x0800847c   Number         4  lto-llvm-0e30cf.o(.text.iap_task)
    __arm_cp.2_3                             0x08008480   Number         4  lto-llvm-0e30cf.o(.text.iap_task)
    __arm_cp.2_4                             0x08008484   Number         4  lto-llvm-0e30cf.o(.text.iap_task)
    key_set_timing_simple                    0x08008489   Thumb Code    46  lto-llvm-0e30cf.o(.text.key_set_timing_simple)
    [Anonymous Symbol]                       0x08008488   Section        0  lto-llvm-0e30cf.o(.text.key_set_timing_simple)
    [Anonymous Symbol]                       0x080084b8   Section        0  lto-llvm-0e30cf.o(.text.main)
    __arm_cp.0_75                            0x08008630   Number         4  lto-llvm-0e30cf.o(.text.main)
    __arm_cp.0_76                            0x08008634   Number         4  lto-llvm-0e30cf.o(.text.main)
    __arm_cp.0_77                            0x08008638   Number         4  lto-llvm-0e30cf.o(.text.main)
    __arm_cp.0_78                            0x0800863c   Number         4  lto-llvm-0e30cf.o(.text.main)
    __arm_cp.0_79                            0x08008640   Number         4  lto-llvm-0e30cf.o(.text.main)
    __arm_cp.0_80                            0x08008644   Number         4  lto-llvm-0e30cf.o(.text.main)
    __arm_cp.0_82                            0x08008668   Number         4  lto-llvm-0e30cf.o(.text.main)
    __arm_cp.0_83                            0x08008a80   Number         4  lto-llvm-0e30cf.o(.text.main)
    __arm_cp.0_84                            0x08008a84   Number         4  lto-llvm-0e30cf.o(.text.main)
    __arm_cp.0_85                            0x08008a88   Number         4  lto-llvm-0e30cf.o(.text.main)
    __arm_cp.0_86                            0x08008a8c   Number         4  lto-llvm-0e30cf.o(.text.main)
    __arm_cp.0_87                            0x08008a90   Number         4  lto-llvm-0e30cf.o(.text.main)
    __arm_cp.0_88                            0x08008a94   Number         4  lto-llvm-0e30cf.o(.text.main)
    __arm_cp.0_89                            0x08008a98   Number         4  lto-llvm-0e30cf.o(.text.main)
    __arm_cp.0_92                            0x08008aa4   Number         4  lto-llvm-0e30cf.o(.text.main)
    __arm_cp.0_93                            0x08008aa8   Number         4  lto-llvm-0e30cf.o(.text.main)
    __arm_cp.0_95                            0x08008ab0   Number         4  lto-llvm-0e30cf.o(.text.main)
    __arm_cp.0_96                            0x08008ab4   Number         4  lto-llvm-0e30cf.o(.text.main)
    __arm_cp.0_97                            0x08008ab8   Number         4  lto-llvm-0e30cf.o(.text.main)
    __arm_cp.0_99                            0x08008ac0   Number         4  lto-llvm-0e30cf.o(.text.main)
    __arm_cp.0_100                           0x08008ac4   Number         4  lto-llvm-0e30cf.o(.text.main)
    __arm_cp.0_101                           0x08008ac8   Number         4  lto-llvm-0e30cf.o(.text.main)
    __arm_cp.0_102                           0x08008ed8   Number         4  lto-llvm-0e30cf.o(.text.main)
    __arm_cp.0_103                           0x08008edc   Number         4  lto-llvm-0e30cf.o(.text.main)
    __arm_cp.0_104                           0x08008ee0   Number         4  lto-llvm-0e30cf.o(.text.main)
    __arm_cp.0_105                           0x08008ee4   Number         4  lto-llvm-0e30cf.o(.text.main)
    __arm_cp.0_106                           0x08008ee8   Number         4  lto-llvm-0e30cf.o(.text.main)
    __arm_cp.0_107                           0x08008eec   Number         4  lto-llvm-0e30cf.o(.text.main)
    __arm_cp.0_108                           0x08008ef0   Number         4  lto-llvm-0e30cf.o(.text.main)
    __arm_cp.0_109                           0x08008ef4   Number         4  lto-llvm-0e30cf.o(.text.main)
    __arm_cp.0_110                           0x08008ef8   Number         4  lto-llvm-0e30cf.o(.text.main)
    __arm_cp.0_111                           0x08008efc   Number         4  lto-llvm-0e30cf.o(.text.main)
    __arm_cp.0_112                           0x08008f00   Number         4  lto-llvm-0e30cf.o(.text.main)
    __arm_cp.0_113                           0x08008f04   Number         4  lto-llvm-0e30cf.o(.text.main)
    __arm_cp.0_0                             0x08009078   Number         4  lto-llvm-0e30cf.o(.text.main)
    __arm_cp.0_8                             0x0800907c   Number         4  lto-llvm-0e30cf.o(.text.main)
    __arm_cp.0_9                             0x08009080   Number         4  lto-llvm-0e30cf.o(.text.main)
    __arm_cp.0_16                            0x08009084   Number         4  lto-llvm-0e30cf.o(.text.main)
    __arm_cp.0_18                            0x08009088   Number         4  lto-llvm-0e30cf.o(.text.main)
    __arm_cp.0_19                            0x0800908c   Number         4  lto-llvm-0e30cf.o(.text.main)
    __arm_cp.0_34                            0x08009090   Number         4  lto-llvm-0e30cf.o(.text.main)
    __arm_cp.0_35                            0x08009094   Number         4  lto-llvm-0e30cf.o(.text.main)
    __arm_cp.0_36                            0x08009098   Number         4  lto-llvm-0e30cf.o(.text.main)
    __arm_cp.0_37                            0x0800909c   Number         4  lto-llvm-0e30cf.o(.text.main)
    __arm_cp.0_38                            0x080090a0   Number         4  lto-llvm-0e30cf.o(.text.main)
    __arm_cp.0_39                            0x080090a4   Number         4  lto-llvm-0e30cf.o(.text.main)
    __arm_cp.0_41                            0x080090a8   Number         4  lto-llvm-0e30cf.o(.text.main)
    __arm_cp.0_42                            0x080090ac   Number         4  lto-llvm-0e30cf.o(.text.main)
    __arm_cp.0_43                            0x080090b0   Number         4  lto-llvm-0e30cf.o(.text.main)
    __arm_cp.0_44                            0x080090b4   Number         4  lto-llvm-0e30cf.o(.text.main)
    __arm_cp.0_45                            0x080090b8   Number         4  lto-llvm-0e30cf.o(.text.main)
    __arm_cp.0_46                            0x080090bc   Number         4  lto-llvm-0e30cf.o(.text.main)
    __arm_cp.0_47                            0x080090c0   Number         4  lto-llvm-0e30cf.o(.text.main)
    __arm_cp.0_48                            0x080090c4   Number         4  lto-llvm-0e30cf.o(.text.main)
    __arm_cp.0_49                            0x080090c8   Number         4  lto-llvm-0e30cf.o(.text.main)
    __arm_cp.0_50                            0x080090cc   Number         4  lto-llvm-0e30cf.o(.text.main)
    __arm_cp.0_58                            0x080090d0   Number         4  lto-llvm-0e30cf.o(.text.main)
    __arm_cp.0_59                            0x080090d4   Number         4  lto-llvm-0e30cf.o(.text.main)
    __arm_cp.0_60                            0x080090d8   Number         4  lto-llvm-0e30cf.o(.text.main)
    __arm_cp.0_61                            0x080090dc   Number         4  lto-llvm-0e30cf.o(.text.main)
    __arm_cp.0_62                            0x080090e0   Number         4  lto-llvm-0e30cf.o(.text.main)
    __arm_cp.0_63                            0x080090e4   Number         4  lto-llvm-0e30cf.o(.text.main)
    __arm_cp.0_64                            0x080090e8   Number         4  lto-llvm-0e30cf.o(.text.main)
    __arm_cp.0_65                            0x080090ec   Number         4  lto-llvm-0e30cf.o(.text.main)
    __arm_cp.0_67                            0x080090f0   Number         4  lto-llvm-0e30cf.o(.text.main)
    __arm_cp.0_68                            0x080090f4   Number         4  lto-llvm-0e30cf.o(.text.main)
    __arm_cp.0_69                            0x080090f8   Number         4  lto-llvm-0e30cf.o(.text.main)
    __arm_cp.0_70                            0x080090fc   Number         4  lto-llvm-0e30cf.o(.text.main)
    __arm_cp.0_71                            0x08009100   Number         4  lto-llvm-0e30cf.o(.text.main)
    __arm_cp.0_72                            0x08009104   Number         4  lto-llvm-0e30cf.o(.text.main)
    __arm_cp.0_73                            0x08009108   Number         4  lto-llvm-0e30cf.o(.text.main)
    nvic_system_reset                        0x0800910d   Thumb Code     4  lto-llvm-0e30cf.o(.text.nvic_system_reset)
    [Anonymous Symbol]                       0x0800910c   Section        0  lto-llvm-0e30cf.o(.text.nvic_system_reset)
    output_task                              0x08009111   Thumb Code   304  lto-llvm-0e30cf.o(.text.output_task)
    [Anonymous Symbol]                       0x08009110   Section        0  lto-llvm-0e30cf.o(.text.output_task)
    __arm_cp.6_0                             0x08009240   Number         4  lto-llvm-0e30cf.o(.text.output_task)
    __arm_cp.6_2                             0x08009244   Number         4  lto-llvm-0e30cf.o(.text.output_task)
    __arm_cp.6_3                             0x08009248   Number         4  lto-llvm-0e30cf.o(.text.output_task)
    __arm_cp.6_4                             0x0800924c   Number         4  lto-llvm-0e30cf.o(.text.output_task)
    __arm_cp.6_5                             0x08009250   Number         4  lto-llvm-0e30cf.o(.text.output_task)
    pc_task                                  0x08009255   Thumb Code   416  lto-llvm-0e30cf.o(.text.pc_task)
    [Anonymous Symbol]                       0x08009254   Section        0  lto-llvm-0e30cf.o(.text.pc_task)
    __arm_cp.5_0                             0x080093f4   Number         4  lto-llvm-0e30cf.o(.text.pc_task)
    __arm_cp.5_1                             0x080093f8   Number         4  lto-llvm-0e30cf.o(.text.pc_task)
    __arm_cp.5_2                             0x080093fc   Number         4  lto-llvm-0e30cf.o(.text.pc_task)
    __arm_cp.5_3                             0x08009400   Number         4  lto-llvm-0e30cf.o(.text.pc_task)
    __arm_cp.5_4                             0x08009404   Number         4  lto-llvm-0e30cf.o(.text.pc_task)
    __arm_cp.5_5                             0x08009408   Number         4  lto-llvm-0e30cf.o(.text.pc_task)
    [Anonymous Symbol]                       0x0800940c   Section        0  lto-llvm-0e30cf.o(.text.perfc_port_insert_to_system_timer_insert_ovf_handler)
    queue_init                               0x080094ed   Thumb Code    30  lto-llvm-0e30cf.o(.text.queue_init)
    [Anonymous Symbol]                       0x080094ec   Section        0  lto-llvm-0e30cf.o(.text.queue_init)
    queue_read                               0x0800950b   Thumb Code    38  lto-llvm-0e30cf.o(.text.queue_read)
    [Anonymous Symbol]                       0x0800950a   Section        0  lto-llvm-0e30cf.o(.text.queue_read)
    queue_write                              0x08009531   Thumb Code    50  lto-llvm-0e30cf.o(.text.queue_write)
    [Anonymous Symbol]                       0x08009530   Section        0  lto-llvm-0e30cf.o(.text.queue_write)
    spi_byte_write                           0x08009565   Thumb Code    36  lto-llvm-0e30cf.o(.text.spi_byte_write)
    [Anonymous Symbol]                       0x08009564   Section        0  lto-llvm-0e30cf.o(.text.spi_byte_write)
    spi_init                                 0x08009589   Thumb Code   236  lto-llvm-0e30cf.o(.text.spi_init)
    [Anonymous Symbol]                       0x08009588   Section        0  lto-llvm-0e30cf.o(.text.spi_init)
    spiflash_read                            0x08009675   Thumb Code   244  lto-llvm-0e30cf.o(.text.spiflash_read)
    [Anonymous Symbol]                       0x08009674   Section        0  lto-llvm-0e30cf.o(.text.spiflash_read)
    __arm_cp.44_0                            0x08009768   Number         4  lto-llvm-0e30cf.o(.text.spiflash_read)
    __arm_cp.44_1                            0x0800976c   Number         4  lto-llvm-0e30cf.o(.text.spiflash_read)
    __arm_cp.44_2                            0x08009770   Number         4  lto-llvm-0e30cf.o(.text.spiflash_read)
    __arm_cp.44_3                            0x08009774   Number         4  lto-llvm-0e30cf.o(.text.spiflash_read)
    __arm_cp.44_4                            0x08009778   Number         4  lto-llvm-0e30cf.o(.text.spiflash_read)
    tmt_create                               0x0800977d   Thumb Code    44  lto-llvm-0e30cf.o(.text.tmt_create)
    [Anonymous Symbol]                       0x0800977c   Section        0  lto-llvm-0e30cf.o(.text.tmt_create)
    tmt_delete                               0x080097a9   Thumb Code    92  lto-llvm-0e30cf.o(.text.tmt_delete)
    [Anonymous Symbol]                       0x080097a8   Section        0  lto-llvm-0e30cf.o(.text.tmt_delete)
    __arm_cp.41_1                            0x08009804   Number         4  lto-llvm-0e30cf.o(.text.tmt_delete)
    tmt_run                                  0x08009809   Thumb Code    52  lto-llvm-0e30cf.o(.text.tmt_run)
    [Anonymous Symbol]                       0x08009808   Section        0  lto-llvm-0e30cf.o(.text.tmt_run)
    tmt_run_ctrl                             0x0800983d   Thumb Code    44  lto-llvm-0e30cf.o(.text.tmt_run_ctrl)
    [Anonymous Symbol]                       0x0800983c   Section        0  lto-llvm-0e30cf.o(.text.tmt_run_ctrl)
    tmt_time_ctrl                            0x08009869   Thumb Code    48  lto-llvm-0e30cf.o(.text.tmt_time_ctrl)
    [Anonymous Symbol]                       0x08009868   Section        0  lto-llvm-0e30cf.o(.text.tmt_time_ctrl)
    tmt_update_tick                          0x08009899   Thumb Code    28  lto-llvm-0e30cf.o(.text.tmt_update_tick)
    [Anonymous Symbol]                       0x08009898   Section        0  lto-llvm-0e30cf.o(.text.tmt_update_tick)
    __arm_cp.39_0                            0x080098b4   Number         4  lto-llvm-0e30cf.o(.text.tmt_update_tick)
    voltage_to_y                             0x080098b9   Thumb Code    92  lto-llvm-0e30cf.o(.text.voltage_to_y)
    [Anonymous Symbol]                       0x080098b8   Section        0  lto-llvm-0e30cf.o(.text.voltage_to_y)
    __arm_cp.62_0                            0x08009914   Number         4  lto-llvm-0e30cf.o(.text.voltage_to_y)
    __arm_cp.62_1                            0x08009918   Number         4  lto-llvm-0e30cf.o(.text.voltage_to_y)
    wk_delay_ms                              0x0800991d   Thumb Code    24  lto-llvm-0e30cf.o(.text.wk_delay_ms)
    [Anonymous Symbol]                       0x0800991c   Section        0  lto-llvm-0e30cf.o(.text.wk_delay_ms)
    __arm_cp.16_0                            0x08009934   Number         4  lto-llvm-0e30cf.o(.text.wk_delay_ms)
    i.__scatterload_copy                     0x08009938   Section       14  handlers.o(i.__scatterload_copy)
    i.__scatterload_null                     0x08009946   Section        2  handlers.o(i.__scatterload_null)
    i.__scatterload_zeroinit                 0x08009948   Section       14  handlers.o(i.__scatterload_zeroinit)
    [Anonymous Symbol]                       0x08009958   Section        0  lto-llvm-0e30cf.o(.rodata..Lswitch.table.TranferPicturetoTFT_LCD)
    __tagsym$$used.0                         0x08009a30   Number         0  lto-llvm-0e30cf.o(.rodata.EventRecorderInfo)
    ascii_1206                               0x08009a48   Data        1140  lto-llvm-0e30cf.o(.rodata.ascii_1206)
    [Anonymous Symbol]                       0x08009a48   Section        0  lto-llvm-0e30cf.o(.rodata.ascii_1206)
    ascii_12060                              0x08009ebc   Data       24960  lto-llvm-0e30cf.o(.rodata.ascii_12060)
    [Anonymous Symbol]                       0x08009ebc   Section        0  lto-llvm-0e30cf.o(.rodata.ascii_12060)
    ascii_1608                               0x0801003c   Data        1520  lto-llvm-0e30cf.o(.rodata.ascii_1608)
    [Anonymous Symbol]                       0x0801003c   Section        0  lto-llvm-0e30cf.o(.rodata.ascii_1608)
    ascii_2412                               0x0801062c   Data        4560  lto-llvm-0e30cf.o(.rodata.ascii_2412)
    [Anonymous Symbol]                       0x0801062c   Section        0  lto-llvm-0e30cf.o(.rodata.ascii_2412)
    ascii_3216                               0x080117fc   Data        6080  lto-llvm-0e30cf.o(.rodata.ascii_3216)
    [Anonymous Symbol]                       0x080117fc   Section        0  lto-llvm-0e30cf.o(.rodata.ascii_3216)
    ascii_5628                               0x08012fbc   Data        5824  lto-llvm-0e30cf.o(.rodata.ascii_5628)
    [Anonymous Symbol]                       0x08012fbc   Section        0  lto-llvm-0e30cf.o(.rodata.ascii_5628)
    ascii_6432                               0x0801467c   Data        6656  lto-llvm-0e30cf.o(.rodata.ascii_6432)
    [Anonymous Symbol]                       0x0801467c   Section        0  lto-llvm-0e30cf.o(.rodata.ascii_6432)
    system_core_clock_update.sys_ahb_div_table 0x0801607c   Data          16  lto-llvm-0e30cf.o(.rodata.cst16)
    [Anonymous Symbol]                       0x0801607c   Section        0  lto-llvm-0e30cf.o(.rodata.cst16)
    crm_clocks_freq_get.ahb_apb2_div_table   0x0801608c   Data           8  lto-llvm-0e30cf.o(.rodata.cst8)
    [Anonymous Symbol]                       0x0801608c   Section        0  lto-llvm-0e30cf.o(.rodata.cst8)
    [Anonymous Symbol]                       0x08016094   Section        0  lto-llvm-0e30cf.o(.rodata.str1.1)
    .init_array                              0x080160c0   Section        0  cpp_init.o(.init_array)
    .L_MergedGlobals                         0x20000000   Data         120  lto-llvm-0e30cf.o(.data..L_MergedGlobals)
    SysTick_Handler.pid_run_time             0x20000000   Data           1  lto-llvm-0e30cf.o(.data..L_MergedGlobals)
    [Anonymous Symbol]                       0x20000000   Section        0  lto-llvm-0e30cf.o(.data..L_MergedGlobals)
    SysTick_Handler.beep_run_time            0x20000001   Data           1  lto-llvm-0e30cf.o(.data..L_MergedGlobals)
    SysTick_Handler.key_run_time             0x20000002   Data           1  lto-llvm-0e30cf.o(.data..L_MergedGlobals)
    SysTick_Handler.beep_warning_time        0x20000003   Data           1  lto-llvm-0e30cf.o(.data..L_MergedGlobals)
    show_power_bar.refesh_time               0x20000004   Data           1  lto-llvm-0e30cf.o(.data..L_MergedGlobals)
    FlashProc.last_speak_state               0x20000005   Data           1  lto-llvm-0e30cf.o(.data..L_MergedGlobals)
    FlashProc.last_display_lock_state        0x20000006   Data           1  lto-llvm-0e30cf.o(.data..L_MergedGlobals)
    EVENT                                    0x20000007   Data           1  lto-llvm-0e30cf.o(.data..L_MergedGlobals)
    pwm_control.last_handle_type             0x20000008   Data           1  lto-llvm-0e30cf.o(.data..L_MergedGlobals)
    page_switch.show_reset_time              0x2000000a   Data           2  lto-llvm-0e30cf.o(.data..L_MergedGlobals)
    show_set_temp.time                       0x2000000c   Data           2  lto-llvm-0e30cf.o(.data..L_MergedGlobals)
    set_temp_1.2                             0x20000010   Data           4  lto-llvm-0e30cf.o(.data..L_MergedGlobals)
    set_temp_3.2                             0x20000014   Data           4  lto-llvm-0e30cf.o(.data..L_MergedGlobals)
    cal_temp_1.2                             0x20000018   Data           4  lto-llvm-0e30cf.o(.data..L_MergedGlobals)
    actual_temp_1.2                          0x2000001c   Data           4  lto-llvm-0e30cf.o(.data..L_MergedGlobals)
    actual_temp_3.2                          0x20000020   Data           4  lto-llvm-0e30cf.o(.data..L_MergedGlobals)
    ch1_set_temp_1.2                         0x20000024   Data           4  lto-llvm-0e30cf.o(.data..L_MergedGlobals)
    ch2_set_temp_1.2                         0x20000028   Data           4  lto-llvm-0e30cf.o(.data..L_MergedGlobals)
    ch3_set_temp_1.2                         0x2000002c   Data           4  lto-llvm-0e30cf.o(.data..L_MergedGlobals)
    s_wMSUnit                                0x20000030   Data           4  lto-llvm-0e30cf.o(.data..L_MergedGlobals)
    s_wUSUnit                                0x20000034   Data           4  lto-llvm-0e30cf.o(.data..L_MergedGlobals)
    SystemCoreClock                          0x20000038   Data           4  lto-llvm-0e30cf.o(.data..L_MergedGlobals)
    key_up                                   0x2000003c   Data          20  lto-llvm-0e30cf.o(.data..L_MergedGlobals)
    key_down                                 0x20000050   Data          20  lto-llvm-0e30cf.o(.data..L_MergedGlobals)
    key_ch1                                  0x20000064   Data          20  lto-llvm-0e30cf.o(.data..L_MergedGlobals)
    key_ch2                                  0x20000078   Data          20  lto-llvm-0e30cf.o(.data..L_MergedGlobals.316)
    [Anonymous Symbol]                       0x20000078   Section        0  lto-llvm-0e30cf.o(.data..L_MergedGlobals.316)
    key_ch3                                  0x2000008c   Data          20  lto-llvm-0e30cf.o(.data..L_MergedGlobals.316)
    key_set                                  0x200000a0   Data          20  lto-llvm-0e30cf.o(.data..L_MergedGlobals.316)
    key_rpc                                  0x200000b4   Data          20  lto-llvm-0e30cf.o(.data..L_MergedGlobals.316)
    pc_event                                 0x200000c8   Data           1  lto-llvm-0e30cf.o(.data.pc_event)
    [Anonymous Symbol]                       0x200000c8   Section        0  lto-llvm-0e30cf.o(.data.pc_event)
    .L_MergedGlobals.317                     0x20000100   Data         120  lto-llvm-0e30cf.o(.bss..L_MergedGlobals.317)
    display_handle.display_run               0x20000100   Data           1  lto-llvm-0e30cf.o(.bss..L_MergedGlobals.317)
    [Anonymous Symbol]                       0x20000100   Section        0  lto-llvm-0e30cf.o(.bss..L_MergedGlobals.317)
    show_navigation_bar.in_first             0x20000101   Data           1  lto-llvm-0e30cf.o(.bss..L_MergedGlobals.317)
    show_curve.first                         0x20000102   Data           1  lto-llvm-0e30cf.o(.bss..L_MergedGlobals.317)
    number_change.first_in                   0x20000103   Data           1  lto-llvm-0e30cf.o(.bss..L_MergedGlobals.317)
    page_switch.first_in                     0x20000104   Data           1  lto-llvm-0e30cf.o(.bss..L_MergedGlobals.317)
    last_output                              0x20000105   Data           1  lto-llvm-0e30cf.o(.bss..L_MergedGlobals.317)
    show_set_temp.state                      0x20000106   Data           1  lto-llvm-0e30cf.o(.bss..L_MergedGlobals.317)
    show_set_temp.show_flag                  0x20000107   Data           1  lto-llvm-0e30cf.o(.bss..L_MergedGlobals.317)
    show_actual_temp.cal                     0x20000108   Data           1  lto-llvm-0e30cf.o(.bss..L_MergedGlobals.317)
    show_channel_state.clean_state           0x20000109   Data           1  lto-llvm-0e30cf.o(.bss..L_MergedGlobals.317)
    FlashProc.sflash.0                       0x2000010a   Data           1  lto-llvm-0e30cf.o(.bss..L_MergedGlobals.317)
    FlashProc.first_start_flag               0x2000010b   Data           1  lto-llvm-0e30cf.o(.bss..L_MergedGlobals.317)
    FlashProc.last_temp_uint                 0x2000010c   Data           1  lto-llvm-0e30cf.o(.bss..L_MergedGlobals.317)
    FlashProc.last_set_sleep_time            0x2000010d   Data           1  lto-llvm-0e30cf.o(.bss..L_MergedGlobals.317)
    FlashProc.last_show_mode                 0x2000010e   Data           1  lto-llvm-0e30cf.o(.bss..L_MergedGlobals.317)
    FlashProc.flash_count                    0x2000010f   Data           1  lto-llvm-0e30cf.o(.bss..L_MergedGlobals.317)
    handle_key_events.first_in               0x20000110   Data           1  lto-llvm-0e30cf.o(.bss..L_MergedGlobals.317)
    key_event_handle.delay_time              0x20000111   Data           1  lto-llvm-0e30cf.o(.bss..L_MergedGlobals.317)
    sleep_control.wake_up_flag               0x20000112   Data           1  lto-llvm-0e30cf.o(.bss..L_MergedGlobals.317)
    sleep_control.first_in                   0x20000113   Data           1  lto-llvm-0e30cf.o(.bss..L_MergedGlobals.317)
    sleep_control.time_count_s               0x20000114   Data           1  lto-llvm-0e30cf.o(.bss..L_MergedGlobals.317)
    check_handle.rpc_times                   0x20000115   Data           1  lto-llvm-0e30cf.o(.bss..L_MergedGlobals.317)
    check_handle.last_position_state         0x20000116   Data           1  lto-llvm-0e30cf.o(.bss..L_MergedGlobals.317)
    check_handle.sleep_times                 0x20000117   Data           1  lto-llvm-0e30cf.o(.bss..L_MergedGlobals.317)
    check_handle.no_sleep_times              0x20000118   Data           1  lto-llvm-0e30cf.o(.bss..L_MergedGlobals.317)
    actual_refesh_time                       0x20000119   Data           1  lto-llvm-0e30cf.o(.bss..L_MergedGlobals.317)
    pc_comm_handle.time                      0x2000011a   Data           1  lto-llvm-0e30cf.o(.bss..L_MergedGlobals.317)
    iap_flag                                 0x2000011b   Data           1  lto-llvm-0e30cf.o(.bss..L_MergedGlobals.317)
    sbeep.0                                  0x2000011c   Data           1  lto-llvm-0e30cf.o(.bss..L_MergedGlobals.317)
    BeepProc.s_BeepStartTime                 0x2000011d   Data           1  lto-llvm-0e30cf.o(.bss..L_MergedGlobals.317)
    show_curve.power_curve                   0x2000011e   Data           2  lto-llvm-0e30cf.o(.bss..L_MergedGlobals.317)
    FlashProc.last_direct_set_temp           0x20000120   Data           2  lto-llvm-0e30cf.o(.bss..L_MergedGlobals.317)
    FlashProc.last_set_direct_cal_temp       0x20000122   Data           2  lto-llvm-0e30cf.o(.bss..L_MergedGlobals.317)
    FlashProc.last_ch1_set_temp              0x20000124   Data           2  lto-llvm-0e30cf.o(.bss..L_MergedGlobals.317)
    FlashProc.last_ch2_set_temp              0x20000126   Data           2  lto-llvm-0e30cf.o(.bss..L_MergedGlobals.317)
    FlashProc.last_ch3_set_temp              0x20000128   Data           2  lto-llvm-0e30cf.o(.bss..L_MergedGlobals.317)
    FlashProc.flash_version                  0x2000012a   Data           2  lto-llvm-0e30cf.o(.bss..L_MergedGlobals.317)
    sleep_control.time_count_ms              0x2000012c   Data           2  lto-llvm-0e30cf.o(.bss..L_MergedGlobals.317)
    LCD_Show_Curve.temp_input_data           0x2000012e   Data           2  lto-llvm-0e30cf.o(.bss..L_MergedGlobals.317)
    LCD_Show_Curve.power_input_data          0x20000130   Data           2  lto-llvm-0e30cf.o(.bss..L_MergedGlobals.317)
    timebase_ticks                           0x20000134   Data           4  lto-llvm-0e30cf.o(.bss..L_MergedGlobals.317)
    show_power_bar.output                    0x20000138   Data           4  lto-llvm-0e30cf.o(.bss..L_MergedGlobals.317)
    pwm_control.last_set_temp                0x2000013c   Data           4  lto-llvm-0e30cf.o(.bss..L_MergedGlobals.317)
    WriteDataToPC.crc_value                  0x20000140   Data           4  lto-llvm-0e30cf.o(.bss..L_MergedGlobals.317)
    g_nOffset                                0x20000144   Data           4  lto-llvm-0e30cf.o(.bss..L_MergedGlobals.317)
    key_event                                0x20000148   Data           7  lto-llvm-0e30cf.o(.bss..L_MergedGlobals.317)
    g_lLastTimeStamp                         0x20000150   Data           8  lto-llvm-0e30cf.o(.bss..L_MergedGlobals.317)
    s_lSystemClockCounts                     0x20000158   Data           8  lto-llvm-0e30cf.o(.bss..L_MergedGlobals.317)
    s_lSystemMS                              0x20000160   Data           8  lto-llvm-0e30cf.o(.bss..L_MergedGlobals.317)
    s_lSystemUS                              0x20000168   Data           8  lto-llvm-0e30cf.o(.bss..L_MergedGlobals.317)
    s_lOldTimestamp                          0x20000170   Data           8  lto-llvm-0e30cf.o(.bss..L_MergedGlobals.317)
    .L_MergedGlobals.318                     0x20000178   Data         120  lto-llvm-0e30cf.o(.bss..L_MergedGlobals.318)
    s_lOldTimestampUS                        0x20000178   Data           8  lto-llvm-0e30cf.o(.bss..L_MergedGlobals.318)
    [Anonymous Symbol]                       0x20000178   Section        0  lto-llvm-0e30cf.o(.bss..L_MergedGlobals.318)
    s_lOldTimestampMS                        0x20000180   Data           8  lto-llvm-0e30cf.o(.bss..L_MergedGlobals.318)
    tmt                                      0x20000188   Data          24  lto-llvm-0e30cf.o(.bss..L_MergedGlobals.318)
    tUsart1Buffer                            0x200001a0   Data          36  lto-llvm-0e30cf.o(.bss..L_MergedGlobals.318)
    pid_210                                  0x200001c4   Data          44  lto-llvm-0e30cf.o(.bss..L_MergedGlobals.318)
    pid_245                                  0x200001f0   Data          44  lto-llvm-0e30cf.o(.bss..L_MergedGlobals.319)
    [Anonymous Symbol]                       0x200001f0   Section        0  lto-llvm-0e30cf.o(.bss..L_MergedGlobals.319)
    s1_adc                                   0x2000021c   Data          48  lto-llvm-0e30cf.o(.bss..L_MergedGlobals.319)
    TranferPicturetoTFT_LCD.Read_data        0x2000024c   Data        4096  lto-llvm-0e30cf.o(.bss.TranferPicturetoTFT_LCD.Read_data)
    [Anonymous Symbol]                       0x2000024c   Section        0  lto-llvm-0e30cf.o(.bss.TranferPicturetoTFT_LCD.Read_data)
    chUsart1RxBuffer                         0x2000124c   Data        1024  lto-llvm-0e30cf.o(.bss.chUsart1RxBuffer)
    [Anonymous Symbol]                       0x2000124c   Section        0  lto-llvm-0e30cf.o(.bss.chUsart1RxBuffer)
    chUsart1TxBuffer                         0x2000164c   Data        1024  lto-llvm-0e30cf.o(.bss.chUsart1TxBuffer)
    [Anonymous Symbol]                       0x2000164c   Section        0  lto-llvm-0e30cf.o(.bss.chUsart1TxBuffer)
    feed_dog_task.first_in                   0x20001a4c   Data           1  lto-llvm-0e30cf.o(.bss.feed_dog_task.first_in)
    [Anonymous Symbol]                       0x20001a4c   Section        0  lto-llvm-0e30cf.o(.bss.feed_dog_task.first_in)
    EventBuffer                              0x20001a80   Data        1024  lto-llvm-0e30cf.o(.bss.noinit)
    [Anonymous Symbol]                       0x20001a80   Section        0  lto-llvm-0e30cf.o(.bss.noinit)
    EventFilter                              0x20001e80   Data         128  lto-llvm-0e30cf.o(.bss.noinit)
    EventStatus                              0x20001f00   Data          36  lto-llvm-0e30cf.o(.bss.noinit)
    object                                   0x20001f24   Data         136  lto-llvm-0e30cf.o(.bss.object)
    [Anonymous Symbol]                       0x20001f24   Section        0  lto-llvm-0e30cf.o(.bss.object)
    pc_data                                  0x20001fac   Data         532  lto-llvm-0e30cf.o(.bss.pc_data)
    [Anonymous Symbol]                       0x20001fac   Section        0  lto-llvm-0e30cf.o(.bss.pc_data)
    s1_current                               0x200021c0   Data          48  lto-llvm-0e30cf.o(.bss.s1_current)
    [Anonymous Symbol]                       0x200021c0   Section        0  lto-llvm-0e30cf.o(.bss.s1_current)
    sFWS2_t                                  0x200021f0   Data         592  lto-llvm-0e30cf.o(.bss.sFWS2_t)
    [Anonymous Symbol]                       0x200021f0   Section        0  lto-llvm-0e30cf.o(.bss.sFWS2_t)
    s_wMSResidule                            0x20002440   Data           4  lto-llvm-0e30cf.o(.bss.s_wMSResidule)
    [Anonymous Symbol]                       0x20002440   Section        0  lto-llvm-0e30cf.o(.bss.s_wMSResidule)
    s_wUSResidule                            0x20002444   Data           4  lto-llvm-0e30cf.o(.bss.s_wUSResidule)
    [Anonymous Symbol]                       0x20002444   Section        0  lto-llvm-0e30cf.o(.bss.s_wUSResidule)
    STACK                                    0x20002448   Section     1024  startup_at32f415.o(STACK)

    Global Symbols

    Symbol Name                              Value     Ov Type        Size  Object(Section)

    BuildAttributes$$THM_ISAv4$E$P$D$K$B$S$7EM$PE$A:L22UL41UL21$X:L11$S22US41US21$IEEE1$IW$~IW$USESV6$~STKCKD$USESV7$~SHL$OTIME$ROPI$IEEEF$EBA8$MICROLIB$REQ8$PRES8$EABIv2 0x00000000   Number         0  anon$$obj.o ABSOLUTE
    _printf_a                                0x00000000   Number         0  printfstubs.o ABSOLUTE
    _printf_c                                0x00000000   Number         0  printfstubs.o ABSOLUTE
    _printf_charcount                        0x00000000   Number         0  printfstubs.o ABSOLUTE
    _printf_d                                0x00000000   Number         0  printfstubs.o ABSOLUTE
    _printf_e                                0x00000000   Number         0  printfstubs.o ABSOLUTE
    _printf_f                                0x00000000   Number         0  printfstubs.o ABSOLUTE
    _printf_flags                            0x00000000   Number         0  printfstubs.o ABSOLUTE
    _printf_fp_dec                           0x00000000   Number         0  printfstubs.o ABSOLUTE
    _printf_fp_hex                           0x00000000   Number         0  printfstubs.o ABSOLUTE
    _printf_g                                0x00000000   Number         0  printfstubs.o ABSOLUTE
    _printf_i                                0x00000000   Number         0  printfstubs.o ABSOLUTE
    _printf_int_dec                          0x00000000   Number         0  printfstubs.o ABSOLUTE
    _printf_l                                0x00000000   Number         0  printfstubs.o ABSOLUTE
    _printf_lc                               0x00000000   Number         0  printfstubs.o ABSOLUTE
    _printf_ll                               0x00000000   Number         0  printfstubs.o ABSOLUTE
    _printf_lld                              0x00000000   Number         0  printfstubs.o ABSOLUTE
    _printf_lli                              0x00000000   Number         0  printfstubs.o ABSOLUTE
    _printf_llo                              0x00000000   Number         0  printfstubs.o ABSOLUTE
    _printf_llu                              0x00000000   Number         0  printfstubs.o ABSOLUTE
    _printf_llx                              0x00000000   Number         0  printfstubs.o ABSOLUTE
    _printf_longlong_dec                     0x00000000   Number         0  printfstubs.o ABSOLUTE
    _printf_longlong_hex                     0x00000000   Number         0  printfstubs.o ABSOLUTE
    _printf_longlong_oct                     0x00000000   Number         0  printfstubs.o ABSOLUTE
    _printf_ls                               0x00000000   Number         0  printfstubs.o ABSOLUTE
    _printf_mbtowc                           0x00000000   Number         0  printfstubs.o ABSOLUTE
    _printf_n                                0x00000000   Number         0  printfstubs.o ABSOLUTE
    _printf_o                                0x00000000   Number         0  printfstubs.o ABSOLUTE
    _printf_p                                0x00000000   Number         0  printfstubs.o ABSOLUTE
    _printf_percent                          0x00000000   Number         0  printfstubs.o ABSOLUTE
    _printf_pre_padding                      0x00000000   Number         0  printfstubs.o ABSOLUTE
    _printf_return_value                     0x00000000   Number         0  printfstubs.o ABSOLUTE
    _printf_s                                0x00000000   Number         0  printfstubs.o ABSOLUTE
    _printf_sizespec                         0x00000000   Number         0  printfstubs.o ABSOLUTE
    _printf_str                              0x00000000   Number         0  printfstubs.o ABSOLUTE
    _printf_truncate_signed                  0x00000000   Number         0  printfstubs.o ABSOLUTE
    _printf_truncate_unsigned                0x00000000   Number         0  printfstubs.o ABSOLUTE
    _printf_u                                0x00000000   Number         0  printfstubs.o ABSOLUTE
    _printf_wc                               0x00000000   Number         0  printfstubs.o ABSOLUTE
    _printf_wctomb                           0x00000000   Number         0  printfstubs.o ABSOLUTE
    _printf_widthprec                        0x00000000   Number         0  printfstubs.o ABSOLUTE
    _printf_x                                0x00000000   Number         0  printfstubs.o ABSOLUTE
    __cxa_finalize                            - Undefined Weak Reference
    __decompress                              - Undefined Weak Reference
    _clock_init                               - Undefined Weak Reference
    _microlib_exit                            - Undefined Weak Reference
    __Vectors_Size                           0x00000170   Number         0  startup_at32f415.o ABSOLUTE
    __Vectors                                0x08004000   Data           4  startup_at32f415.o(RESET)
    __Vectors_End                            0x08004170   Data           0  startup_at32f415.o(RESET)
    __main                                   0x08004171   Thumb Code     0  entry.o(.ARM.Collect$$$$00000000)
    _main_stk                                0x08004171   Thumb Code     0  entry2.o(.ARM.Collect$$$$00000001)
    _main_scatterload                        0x08004175   Thumb Code     0  entry5.o(.ARM.Collect$$$$00000004)
    __main_after_scatterload                 0x08004179   Thumb Code     0  entry5.o(.ARM.Collect$$$$00000004)
    _main_clock                              0x08004179   Thumb Code     0  entry7b.o(.ARM.Collect$$$$00000008)
    _main_cpp_init$empty                     0x08004179   Thumb Code     0  entry8a.o(.ARM.Collect$$$$00000009)
    _main_cpp_init                           0x0800417d   Thumb Code     0  entry8b.o(.ARM.Collect$$$$0000000A)
    _main_init                               0x0800417d   Thumb Code     0  entry9a.o(.ARM.Collect$$$$0000000B)
    __rt_final_cpp                           0x08004185   Thumb Code     0  entry10a.o(.ARM.Collect$$$$0000000D)
    __rt_final_exit                          0x08004185   Thumb Code     0  entry11a.o(.ARM.Collect$$$$0000000F)
    Reset_Handler                            0x08004189   Thumb Code     8  startup_at32f415.o(.text)
    ADC1_IRQHandler                          0x080041a3   Thumb Code     0  startup_at32f415.o(.text)
    CAN1_RX0_IRQHandler                      0x080041a3   Thumb Code     0  startup_at32f415.o(.text)
    CAN1_RX1_IRQHandler                      0x080041a3   Thumb Code     0  startup_at32f415.o(.text)
    CAN1_SE_IRQHandler                       0x080041a3   Thumb Code     0  startup_at32f415.o(.text)
    CAN1_TX_IRQHandler                       0x080041a3   Thumb Code     0  startup_at32f415.o(.text)
    CMP1_IRQHandler                          0x080041a3   Thumb Code     0  startup_at32f415.o(.text)
    CMP2_IRQHandler                          0x080041a3   Thumb Code     0  startup_at32f415.o(.text)
    CRM_IRQHandler                           0x080041a3   Thumb Code     0  startup_at32f415.o(.text)
    DMA1_Channel1_IRQHandler                 0x080041a3   Thumb Code     0  startup_at32f415.o(.text)
    DMA1_Channel2_IRQHandler                 0x080041a3   Thumb Code     0  startup_at32f415.o(.text)
    DMA1_Channel3_IRQHandler                 0x080041a3   Thumb Code     0  startup_at32f415.o(.text)
    DMA1_Channel4_IRQHandler                 0x080041a3   Thumb Code     0  startup_at32f415.o(.text)
    DMA1_Channel5_IRQHandler                 0x080041a3   Thumb Code     0  startup_at32f415.o(.text)
    DMA1_Channel6_IRQHandler                 0x080041a3   Thumb Code     0  startup_at32f415.o(.text)
    DMA1_Channel7_IRQHandler                 0x080041a3   Thumb Code     0  startup_at32f415.o(.text)
    DMA2_Channel1_IRQHandler                 0x080041a3   Thumb Code     0  startup_at32f415.o(.text)
    DMA2_Channel2_IRQHandler                 0x080041a3   Thumb Code     0  startup_at32f415.o(.text)
    DMA2_Channel3_IRQHandler                 0x080041a3   Thumb Code     0  startup_at32f415.o(.text)
    DMA2_Channel4_5_IRQHandler               0x080041a3   Thumb Code     0  startup_at32f415.o(.text)
    DMA2_Channel6_7_IRQHandler               0x080041a3   Thumb Code     0  startup_at32f415.o(.text)
    ERTCAlarm_IRQHandler                     0x080041a3   Thumb Code     0  startup_at32f415.o(.text)
    ERTC_WKUP_IRQHandler                     0x080041a3   Thumb Code     0  startup_at32f415.o(.text)
    EXINT0_IRQHandler                        0x080041a3   Thumb Code     0  startup_at32f415.o(.text)
    EXINT15_10_IRQHandler                    0x080041a3   Thumb Code     0  startup_at32f415.o(.text)
    EXINT1_IRQHandler                        0x080041a3   Thumb Code     0  startup_at32f415.o(.text)
    EXINT2_IRQHandler                        0x080041a3   Thumb Code     0  startup_at32f415.o(.text)
    EXINT3_IRQHandler                        0x080041a3   Thumb Code     0  startup_at32f415.o(.text)
    EXINT4_IRQHandler                        0x080041a3   Thumb Code     0  startup_at32f415.o(.text)
    EXINT9_5_IRQHandler                      0x080041a3   Thumb Code     0  startup_at32f415.o(.text)
    FLASH_IRQHandler                         0x080041a3   Thumb Code     0  startup_at32f415.o(.text)
    I2C1_ERR_IRQHandler                      0x080041a3   Thumb Code     0  startup_at32f415.o(.text)
    I2C1_EVT_IRQHandler                      0x080041a3   Thumb Code     0  startup_at32f415.o(.text)
    I2C2_ERR_IRQHandler                      0x080041a3   Thumb Code     0  startup_at32f415.o(.text)
    I2C2_EVT_IRQHandler                      0x080041a3   Thumb Code     0  startup_at32f415.o(.text)
    OTGFS1_IRQHandler                        0x080041a3   Thumb Code     0  startup_at32f415.o(.text)
    OTGFS1_WKUP_IRQHandler                   0x080041a3   Thumb Code     0  startup_at32f415.o(.text)
    PVM_IRQHandler                           0x080041a3   Thumb Code     0  startup_at32f415.o(.text)
    SDIO1_IRQHandler                         0x080041a3   Thumb Code     0  startup_at32f415.o(.text)
    SPI1_IRQHandler                          0x080041a3   Thumb Code     0  startup_at32f415.o(.text)
    SPI2_IRQHandler                          0x080041a3   Thumb Code     0  startup_at32f415.o(.text)
    TAMP_STAMP_IRQHandler                    0x080041a3   Thumb Code     0  startup_at32f415.o(.text)
    TMR1_BRK_TMR9_IRQHandler                 0x080041a3   Thumb Code     0  startup_at32f415.o(.text)
    TMR1_CH_IRQHandler                       0x080041a3   Thumb Code     0  startup_at32f415.o(.text)
    TMR1_OVF_TMR10_IRQHandler                0x080041a3   Thumb Code     0  startup_at32f415.o(.text)
    TMR1_TRG_HALL_TMR11_IRQHandler           0x080041a3   Thumb Code     0  startup_at32f415.o(.text)
    TMR2_GLOBAL_IRQHandler                   0x080041a3   Thumb Code     0  startup_at32f415.o(.text)
    TMR3_GLOBAL_IRQHandler                   0x080041a3   Thumb Code     0  startup_at32f415.o(.text)
    TMR4_GLOBAL_IRQHandler                   0x080041a3   Thumb Code     0  startup_at32f415.o(.text)
    TMR5_GLOBAL_IRQHandler                   0x080041a3   Thumb Code     0  startup_at32f415.o(.text)
    UART4_IRQHandler                         0x080041a3   Thumb Code     0  startup_at32f415.o(.text)
    UART5_IRQHandler                         0x080041a3   Thumb Code     0  startup_at32f415.o(.text)
    USART2_IRQHandler                        0x080041a3   Thumb Code     0  startup_at32f415.o(.text)
    USART3_IRQHandler                        0x080041a3   Thumb Code     0  startup_at32f415.o(.text)
    WWDT_IRQHandler                          0x080041a3   Thumb Code     0  startup_at32f415.o(.text)
    SysTick_Handler                          0x080041ad   Thumb Code     0  systick_wrapper_gnu.o(.text)
    __ensure_systick_wrapper                 0x080041bf   Thumb Code     0  systick_wrapper_gnu.o(.text)
    __aeabi_uldivmod                         0x080041c9   Thumb Code    98  uldiv.o(.text)
    __I$use$fp                               0x0800422b   Thumb Code     0  iusefp.o(.text)
    __aeabi_dadd                             0x0800422b   Thumb Code   322  dadd.o(.text)
    __aeabi_dsub                             0x0800436d   Thumb Code     6  dadd.o(.text)
    __aeabi_drsub                            0x08004373   Thumb Code     6  dadd.o(.text)
    __aeabi_ddiv                             0x08004379   Thumb Code   222  ddiv.o(.text)
    __scatterload                            0x08004459   Thumb Code    38  init.o(.text)
    __scatterload_rt2                        0x08004459   Thumb Code     0  init.o(.text)
    __aeabi_llsl                             0x08004489   Thumb Code    30  llshl.o(.text)
    _ll_shift_l                              0x08004489   Thumb Code     0  llshl.o(.text)
    __aeabi_llsr                             0x080044a7   Thumb Code    32  llushr.o(.text)
    _ll_ushift_r                             0x080044a7   Thumb Code     0  llushr.o(.text)
    __aeabi_lasr                             0x080044c7   Thumb Code    36  llsshr.o(.text)
    _ll_sshift_r                             0x080044c7   Thumb Code     0  llsshr.o(.text)
    _double_round                            0x080044eb   Thumb Code    30  depilogue.o(.text)
    _double_epilogue                         0x08004509   Thumb Code   156  depilogue.o(.text)
    __aeabi_memset                           0x080045a5   Thumb Code    14  memseta.o(.text)
    __aeabi_memset4                          0x080045a5   Thumb Code     0  memseta.o(.text)
    __aeabi_memset8                          0x080045a5   Thumb Code     0  memseta.o(.text)
    __aeabi_memclr                           0x080045b3   Thumb Code     4  memseta.o(.text)
    __aeabi_memclr4                          0x080045b3   Thumb Code     0  memseta.o(.text)
    __aeabi_memclr8                          0x080045b3   Thumb Code     0  memseta.o(.text)
    _memset$wrapper                          0x080045b7   Thumb Code    18  memseta.o(.text)
    __cpp_initialize__aeabi_                 0x080045c9   Thumb Code    32  cpp_init.o(.text)
    __aeabi_fadd                             0x080045f1   Thumb Code   164  fadd.o(.text)
    __aeabi_fsub                             0x08004695   Thumb Code     6  fadd.o(.text)
    __aeabi_frsub                            0x0800469b   Thumb Code     6  fadd.o(.text)
    __aeabi_fmul                             0x080046a1   Thumb Code   100  fmul.o(.text)
    __aeabi_fdiv                             0x08004705   Thumb Code   124  fdiv.o(.text)
    __aeabi_fcmple                           0x08004781   Thumb Code    28  fcmple.o(.text)
    __aeabi_fcmplt                           0x0800479d   Thumb Code    28  fcmplt.o(.text)
    __aeabi_fcmpge                           0x080047b9   Thumb Code    28  fcmpge.o(.text)
    __aeabi_fcmpgt                           0x080047d5   Thumb Code    28  fcmpgt.o(.text)
    __aeabi_fcmpeq                           0x080047f1   Thumb Code    28  fcmpeq.o(.text)
    __aeabi_ui2f                             0x0800480d   Thumb Code    10  ffltui.o(.text)
    __aeabi_f2iz                             0x08004817   Thumb Code    50  ffixi.o(.text)
    __aeabi_f2uiz                            0x08004849   Thumb Code    40  ffixui.o(.text)
    __aeabi_d2iz                             0x08004871   Thumb Code    62  dfixi.o(.text)
    __aeabi_f2d                              0x080048af   Thumb Code    38  f2d.o(.text)
    __aeabi_d2f                              0x080048d5   Thumb Code    56  d2f.o(.text)
    _float_round                             0x0800490d   Thumb Code    18  fepilogue.o(.text)
    _float_epilogue                          0x0800491f   Thumb Code    92  fepilogue.o(.text)
    BusFault_Handler                         0x0800497b   Thumb Code     2  lto-llvm-0e30cf.o(.text.BusFault_Handler)
    DebugMon_Handler                         0x0800497d   Thumb Code     2  lto-llvm-0e30cf.o(.text.DebugMon_Handler)
    HardFault_Handler                        0x08004b15   Thumb Code     2  lto-llvm-0e30cf.o(.text.HardFault_Handler)
    MemManage_Handler                        0x08004fed   Thumb Code     2  lto-llvm-0e30cf.o(.text.MemManage_Handler)
    NMI_Handler                              0x08004fef   Thumb Code     2  lto-llvm-0e30cf.o(.text.NMI_Handler)
    PendSV_Handler                           0x08005345   Thumb Code     2  lto-llvm-0e30cf.o(.text.PendSV_Handler)
    SVC_Handler                              0x08005347   Thumb Code     2  lto-llvm-0e30cf.o(.text.SVC_Handler)
    $Super$$SysTick_Handler                  0x08005349   Thumb Code  5012  lto-llvm-0e30cf.o(.text.SysTick_Handler)
    SystemInit                               0x08006735   Thumb Code   100  lto-llvm-0e30cf.o(.text.SystemInit)
    USART1_IRQHandler                        0x08006829   Thumb Code    88  lto-llvm-0e30cf.o(.text.USART1_IRQHandler)
    UsageFault_Handler                       0x08006889   Thumb Code     2  lto-llvm-0e30cf.o(.text.UsageFault_Handler)
    main                                     0x080084b9   Thumb Code  3008  lto-llvm-0e30cf.o(.text.main)
    perfc_port_insert_to_system_timer_insert_ovf_handler 0x0800940d   Thumb Code   224  lto-llvm-0e30cf.o(.text.perfc_port_insert_to_system_timer_insert_ovf_handler)
    __scatterload_copy                       0x08009939   Thumb Code    14  handlers.o(i.__scatterload_copy)
    __scatterload_null                       0x08009947   Thumb Code     2  handlers.o(i.__scatterload_null)
    __scatterload_zeroinit                   0x08009949   Thumb Code    14  handlers.o(i.__scatterload_zeroinit)
    EventRecorderInfo                        0x08009a30   Data          24  lto-llvm-0e30cf.o(.rodata.EventRecorderInfo)
    Region$$Table$$Base                      0x0801609c   Number         0  anon$$obj.o(Region$$Table)
    Region$$Table$$Limit                     0x080160bc   Number         0  anon$$obj.o(Region$$Table)
    SHT$$INIT_ARRAY$$Base                    0x080160bc   Number         0  lto-llvm-0e30cf.o(.init_array)
    SHT$$INIT_ARRAY$$Limit                   0x080160c0   Number         0  cpp_init.o(.init_array)
    __initial_sp                             0x20002848   Data           0  startup_at32f415.o(STACK)



==============================================================================

Memory Map of the image

  Image Entry point : 0x08004171

  Load Region LR_IROM1 (Base: 0x08004000, Size: 0x000121c0, Max: 0x00040000, ABSOLUTE)

    Execution Region ER_IROM1 (Exec base: 0x08004000, Load base: 0x08004000, Size: 0x000120c0, Max: 0x00040000, ABSOLUTE)

    Exec Addr    Load Addr    Size         Type   Attr      Idx    E Section Name        Object

    0x08004000   0x08004000   0x00000170   Data   RO           30    RESET               startup_at32f415.o
    0x08004170   0x08004170   0x00000000   Code   RO           69  * .ARM.Collect$$$$00000000  mc_w.l(entry.o)
    0x08004170   0x08004170   0x00000004   Code   RO          342    .ARM.Collect$$$$00000001  mc_w.l(entry2.o)
    0x08004174   0x08004174   0x00000004   Code   RO          345    .ARM.Collect$$$$00000004  mc_w.l(entry5.o)
    0x08004178   0x08004178   0x00000000   Code   RO          347    .ARM.Collect$$$$00000008  mc_w.l(entry7b.o)
    0x08004178   0x08004178   0x00000004   Code   RO          348    .ARM.Collect$$$$00000009  mc_w.l(entry8a.o)
    0x0800417c   0x0800417c   0x00000000   Code   RO          349    .ARM.Collect$$$$0000000A  mc_w.l(entry8b.o)
    0x0800417c   0x0800417c   0x00000008   Code   RO          350    .ARM.Collect$$$$0000000B  mc_w.l(entry9a.o)
    0x08004184   0x08004184   0x00000000   Code   RO          352    .ARM.Collect$$$$0000000D  mc_w.l(entry10a.o)
    0x08004184   0x08004184   0x00000000   Code   RO          354    .ARM.Collect$$$$0000000F  mc_w.l(entry11a.o)
    0x08004184   0x08004184   0x00000004   Code   RO          343    .ARM.Collect$$$$00002712  mc_w.l(entry2.o)
    0x08004188   0x08004188   0x00000024   Code   RO           31    .text               startup_at32f415.o
    0x080041ac   0x080041ac   0x0000001c   Code   RO           64    .text               systick_wrapper_gnu.o
    0x080041c8   0x080041c8   0x00000062   Code   RO          368    .text               mc_w.l(uldiv.o)
    0x0800422a   0x0800422a   0x00000000   Code   RO          370    .text               mc_w.l(iusefp.o)
    0x0800422a   0x0800422a   0x0000014e   Code   RO          371    .text               mf_w.l(dadd.o)
    0x08004378   0x08004378   0x000000de   Code   RO          375    .text               mf_w.l(ddiv.o)
    0x08004456   0x08004456   0x00000002   PAD
    0x08004458   0x08004458   0x00000030   Code   RO          381    .text               mc_w.l(init.o)
    0x08004488   0x08004488   0x0000001e   Code   RO          383    .text               mc_w.l(llshl.o)
    0x080044a6   0x080044a6   0x00000020   Code   RO          385    .text               mc_w.l(llushr.o)
    0x080044c6   0x080044c6   0x00000024   Code   RO          387    .text               mc_w.l(llsshr.o)
    0x080044ea   0x080044ea   0x000000ba   Code   RO          389    .text               mf_w.l(depilogue.o)
    0x080045a4   0x080045a4   0x00000024   Code   RO          704    .text               mc_w.l(memseta.o)
    0x080045c8   0x080045c8   0x00000028   Code   RO          709    .text               mc_w.l(cpp_init.o)
    0x080045f0   0x080045f0   0x000000b0   Code   RO          711    .text               mf_w.l(fadd.o)
    0x080046a0   0x080046a0   0x00000064   Code   RO          713    .text               mf_w.l(fmul.o)
    0x08004704   0x08004704   0x0000007c   Code   RO          715    .text               mf_w.l(fdiv.o)
    0x08004780   0x08004780   0x0000001c   Code   RO          717    .text               mf_w.l(fcmple.o)
    0x0800479c   0x0800479c   0x0000001c   Code   RO          719    .text               mf_w.l(fcmplt.o)
    0x080047b8   0x080047b8   0x0000001c   Code   RO          721    .text               mf_w.l(fcmpge.o)
    0x080047d4   0x080047d4   0x0000001c   Code   RO          723    .text               mf_w.l(fcmpgt.o)
    0x080047f0   0x080047f0   0x0000001c   Code   RO          725    .text               mf_w.l(fcmpeq.o)
    0x0800480c   0x0800480c   0x0000000a   Code   RO          727    .text               mf_w.l(ffltui.o)
    0x08004816   0x08004816   0x00000032   Code   RO          729    .text               mf_w.l(ffixi.o)
    0x08004848   0x08004848   0x00000028   Code   RO          731    .text               mf_w.l(ffixui.o)
    0x08004870   0x08004870   0x0000003e   Code   RO          733    .text               mf_w.l(dfixi.o)
    0x080048ae   0x080048ae   0x00000026   Code   RO          735    .text               mf_w.l(f2d.o)
    0x080048d4   0x080048d4   0x00000038   Code   RO          737    .text               mf_w.l(d2f.o)
    0x0800490c   0x0800490c   0x0000006e   Code   RO          743    .text               mf_w.l(fepilogue.o)
    0x0800497a   0x0800497a   0x00000002   Code   RO          412    .text.BusFault_Handler  lto-llvm-0e30cf.o
    0x0800497c   0x0800497c   0x00000002   Code   RO          418    .text.DebugMon_Handler  lto-llvm-0e30cf.o
    0x0800497e   0x0800497e   0x00000002   PAD
    0x08004980   0x08004980   0x00000058   Code   RO          534    .text.EventGetTS    lto-llvm-0e30cf.o
    0x080049d8   0x080049d8   0x000000ec   Code   RO          536    .text.EventRecordItem  lto-llvm-0e30cf.o
    0x08004ac4   0x08004ac4   0x00000050   Code   RO          532    .text.EventRecorderEnable  lto-llvm-0e30cf.o
    0x08004b14   0x08004b14   0x00000002   Code   RO          408    .text.HardFault_Handler  lto-llvm-0e30cf.o
    0x08004b16   0x08004b16   0x00000002   PAD
    0x08004b18   0x08004b18   0x0000003c   Code   RO          524    .text.LCD_Address_Set  lto-llvm-0e30cf.o
    0x08004b54   0x08004b54   0x000000a6   Code   RO          504    .text.LCD_DrawLine  lto-llvm-0e30cf.o
    0x08004bfa   0x08004bfa   0x00000002   PAD
    0x08004bfc   0x08004bfc   0x00000130   Code   RO          502    .text.LCD_Fill      lto-llvm-0e30cf.o
    0x08004d2c   0x08004d2c   0x00000120   Code   RO          506    .text.LCD_ShowChar  lto-llvm-0e30cf.o
    0x08004e4c   0x08004e4c   0x00000096   Code   RO          510    .text.LCD_ShowIntNum  lto-llvm-0e30cf.o
    0x08004ee2   0x08004ee2   0x00000034   Code   RO          508    .text.LCD_ShowString  lto-llvm-0e30cf.o
    0x08004f16   0x08004f16   0x00000002   PAD
    0x08004f18   0x08004f18   0x0000004c   Code   RO          512    .text.LCD_VISION    lto-llvm-0e30cf.o
    0x08004f64   0x08004f64   0x0000001c   Code   RO          520    .text.LCD_WR_DATA   lto-llvm-0e30cf.o
    0x08004f80   0x08004f80   0x00000018   Code   RO          522    .text.LCD_WR_REG    lto-llvm-0e30cf.o
    0x08004f98   0x08004f98   0x00000054   Code   RO          518    .text.LCD_Write_Bus  lto-llvm-0e30cf.o
    0x08004fec   0x08004fec   0x00000002   Code   RO          410    .text.MemManage_Handler  lto-llvm-0e30cf.o
    0x08004fee   0x08004fee   0x00000002   Code   RO          406    .text.NMI_Handler   lto-llvm-0e30cf.o
    0x08004ff0   0x08004ff0   0x00000012   Code   RO          544    .text.OUTLINED_FUNCTION_0  lto-llvm-0e30cf.o
    0x08005002   0x08005002   0x0000000e   Code   RO          546    .text.OUTLINED_FUNCTION_1  lto-llvm-0e30cf.o
    0x08005010   0x08005010   0x0000000c   Code   RO          564    .text.OUTLINED_FUNCTION_10  lto-llvm-0e30cf.o
    0x0800501c   0x0800501c   0x00000008   Code   RO          566    .text.OUTLINED_FUNCTION_11  lto-llvm-0e30cf.o
    0x08005024   0x08005024   0x0000000e   Code   RO          568    .text.OUTLINED_FUNCTION_12  lto-llvm-0e30cf.o
    0x08005032   0x08005032   0x00000012   Code   RO          570    .text.OUTLINED_FUNCTION_13  lto-llvm-0e30cf.o
    0x08005044   0x08005044   0x00000012   Code   RO          572    .text.OUTLINED_FUNCTION_14  lto-llvm-0e30cf.o
    0x08005056   0x08005056   0x00000018   Code   RO          574    .text.OUTLINED_FUNCTION_15  lto-llvm-0e30cf.o
    0x0800506e   0x0800506e   0x0000000a   Code   RO          576    .text.OUTLINED_FUNCTION_16  lto-llvm-0e30cf.o
    0x08005078   0x08005078   0x00000008   Code   RO          578    .text.OUTLINED_FUNCTION_17  lto-llvm-0e30cf.o
    0x08005080   0x08005080   0x00000014   Code   RO          580    .text.OUTLINED_FUNCTION_18  lto-llvm-0e30cf.o
    0x08005094   0x08005094   0x00000006   Code   RO          582    .text.OUTLINED_FUNCTION_19  lto-llvm-0e30cf.o
    0x0800509a   0x0800509a   0x0000000e   Code   RO          548    .text.OUTLINED_FUNCTION_2  lto-llvm-0e30cf.o
    0x080050a8   0x080050a8   0x0000000e   Code   RO          584    .text.OUTLINED_FUNCTION_20  lto-llvm-0e30cf.o
    0x080050b6   0x080050b6   0x0000000e   Code   RO          586    .text.OUTLINED_FUNCTION_21  lto-llvm-0e30cf.o
    0x080050c4   0x080050c4   0x0000000a   Code   RO          588    .text.OUTLINED_FUNCTION_22  lto-llvm-0e30cf.o
    0x080050ce   0x080050ce   0x00000012   Code   RO          590    .text.OUTLINED_FUNCTION_23  lto-llvm-0e30cf.o
    0x080050e0   0x080050e0   0x00000006   Code   RO          592    .text.OUTLINED_FUNCTION_24  lto-llvm-0e30cf.o
    0x080050e6   0x080050e6   0x00000008   Code   RO          594    .text.OUTLINED_FUNCTION_25  lto-llvm-0e30cf.o
    0x080050ee   0x080050ee   0x00000008   Code   RO          596    .text.OUTLINED_FUNCTION_26  lto-llvm-0e30cf.o
    0x080050f6   0x080050f6   0x00000006   Code   RO          598    .text.OUTLINED_FUNCTION_27  lto-llvm-0e30cf.o
    0x080050fc   0x080050fc   0x00000006   Code   RO          600    .text.OUTLINED_FUNCTION_28  lto-llvm-0e30cf.o
    0x08005102   0x08005102   0x0000000c   Code   RO          602    .text.OUTLINED_FUNCTION_29  lto-llvm-0e30cf.o
    0x0800510e   0x0800510e   0x0000000e   Code   RO          550    .text.OUTLINED_FUNCTION_3  lto-llvm-0e30cf.o
    0x0800511c   0x0800511c   0x00000008   Code   RO          604    .text.OUTLINED_FUNCTION_30  lto-llvm-0e30cf.o
    0x08005124   0x08005124   0x00000006   Code   RO          606    .text.OUTLINED_FUNCTION_31  lto-llvm-0e30cf.o
    0x0800512a   0x0800512a   0x00000006   Code   RO          608    .text.OUTLINED_FUNCTION_32  lto-llvm-0e30cf.o
    0x08005130   0x08005130   0x00000006   Code   RO          610    .text.OUTLINED_FUNCTION_33  lto-llvm-0e30cf.o
    0x08005136   0x08005136   0x00000006   Code   RO          612    .text.OUTLINED_FUNCTION_34  lto-llvm-0e30cf.o
    0x0800513c   0x0800513c   0x00000006   Code   RO          614    .text.OUTLINED_FUNCTION_35  lto-llvm-0e30cf.o
    0x08005142   0x08005142   0x00000008   Code   RO          616    .text.OUTLINED_FUNCTION_36  lto-llvm-0e30cf.o
    0x0800514a   0x0800514a   0x00000008   Code   RO          618    .text.OUTLINED_FUNCTION_37  lto-llvm-0e30cf.o
    0x08005152   0x08005152   0x0000000a   Code   RO          620    .text.OUTLINED_FUNCTION_38  lto-llvm-0e30cf.o
    0x0800515c   0x0800515c   0x0000000a   Code   RO          622    .text.OUTLINED_FUNCTION_39  lto-llvm-0e30cf.o
    0x08005166   0x08005166   0x00000008   Code   RO          552    .text.OUTLINED_FUNCTION_4  lto-llvm-0e30cf.o
    0x0800516e   0x0800516e   0x0000000a   Code   RO          624    .text.OUTLINED_FUNCTION_40  lto-llvm-0e30cf.o
    0x08005178   0x08005178   0x0000000a   Code   RO          626    .text.OUTLINED_FUNCTION_41  lto-llvm-0e30cf.o
    0x08005182   0x08005182   0x0000000a   Code   RO          628    .text.OUTLINED_FUNCTION_42  lto-llvm-0e30cf.o
    0x0800518c   0x0800518c   0x0000000a   Code   RO          630    .text.OUTLINED_FUNCTION_43  lto-llvm-0e30cf.o
    0x08005196   0x08005196   0x0000000a   Code   RO          632    .text.OUTLINED_FUNCTION_44  lto-llvm-0e30cf.o
    0x080051a0   0x080051a0   0x0000000a   Code   RO          634    .text.OUTLINED_FUNCTION_45  lto-llvm-0e30cf.o
    0x080051aa   0x080051aa   0x0000000a   Code   RO          636    .text.OUTLINED_FUNCTION_46  lto-llvm-0e30cf.o
    0x080051b4   0x080051b4   0x0000000a   Code   RO          638    .text.OUTLINED_FUNCTION_47  lto-llvm-0e30cf.o
    0x080051be   0x080051be   0x0000000a   Code   RO          640    .text.OUTLINED_FUNCTION_48  lto-llvm-0e30cf.o
    0x080051c8   0x080051c8   0x0000000a   Code   RO          642    .text.OUTLINED_FUNCTION_49  lto-llvm-0e30cf.o
    0x080051d2   0x080051d2   0x0000000e   Code   RO          554    .text.OUTLINED_FUNCTION_5  lto-llvm-0e30cf.o
    0x080051e0   0x080051e0   0x0000000a   Code   RO          644    .text.OUTLINED_FUNCTION_50  lto-llvm-0e30cf.o
    0x080051ea   0x080051ea   0x0000000e   Code   RO          646    .text.OUTLINED_FUNCTION_51  lto-llvm-0e30cf.o
    0x080051f8   0x080051f8   0x0000000a   Code   RO          648    .text.OUTLINED_FUNCTION_52  lto-llvm-0e30cf.o
    0x08005202   0x08005202   0x00000006   Code   RO          650    .text.OUTLINED_FUNCTION_53  lto-llvm-0e30cf.o
    0x08005208   0x08005208   0x0000000e   Code   RO          652    .text.OUTLINED_FUNCTION_54  lto-llvm-0e30cf.o
    0x08005216   0x08005216   0x00000006   Code   RO          654    .text.OUTLINED_FUNCTION_55  lto-llvm-0e30cf.o
    0x0800521c   0x0800521c   0x00000006   Code   RO          656    .text.OUTLINED_FUNCTION_56  lto-llvm-0e30cf.o
    0x08005222   0x08005222   0x0000000e   Code   RO          658    .text.OUTLINED_FUNCTION_57  lto-llvm-0e30cf.o
    0x08005230   0x08005230   0x0000000e   Code   RO          660    .text.OUTLINED_FUNCTION_58  lto-llvm-0e30cf.o
    0x0800523e   0x0800523e   0x0000000e   Code   RO          662    .text.OUTLINED_FUNCTION_59  lto-llvm-0e30cf.o
    0x0800524c   0x0800524c   0x00000010   Code   RO          556    .text.OUTLINED_FUNCTION_6  lto-llvm-0e30cf.o
    0x0800525c   0x0800525c   0x00000016   Code   RO          664    .text.OUTLINED_FUNCTION_60  lto-llvm-0e30cf.o
    0x08005272   0x08005272   0x00000008   Code   RO          558    .text.OUTLINED_FUNCTION_7  lto-llvm-0e30cf.o
    0x0800527a   0x0800527a   0x0000000c   Code   RO          560    .text.OUTLINED_FUNCTION_8  lto-llvm-0e30cf.o
    0x08005286   0x08005286   0x0000000c   Code   RO          562    .text.OUTLINED_FUNCTION_9  lto-llvm-0e30cf.o
    0x08005292   0x08005292   0x000000b2   Code   RO          466    .text.PID_Position_Calc  lto-llvm-0e30cf.o
    0x08005344   0x08005344   0x00000002   Code   RO          420    .text.PendSV_Handler  lto-llvm-0e30cf.o
    0x08005346   0x08005346   0x00000002   Code   RO          416    .text.SVC_Handler   lto-llvm-0e30cf.o
    0x08005348   0x08005348   0x000013ec   Code   RO          422    .text.SysTick_Handler  lto-llvm-0e30cf.o
    0x08006734   0x08006734   0x00000074   Code   RO          454    .text.SystemInit    lto-llvm-0e30cf.o
    0x080067a8   0x080067a8   0x00000080   Code   RO          514    .text.TranferPicturetoTFT_LCD  lto-llvm-0e30cf.o
    0x08006828   0x08006828   0x00000060   Code   RO          498    .text.USART1_IRQHandler  lto-llvm-0e30cf.o
    0x08006888   0x08006888   0x00000002   Code   RO          414    .text.UsageFault_Handler  lto-llvm-0e30cf.o
    0x0800688a   0x0800688a   0x00000002   PAD
    0x0800688c   0x0800688c   0x00000024   Code   RO          448    .text.__NVIC_SystemReset  lto-llvm-0e30cf.o
    0x080068b0   0x080068b0   0x00000096   Code   RO          538    .text.__perf_counter_init  lto-llvm-0e30cf.o
    0x08006946   0x08006946   0x00000002   PAD
    0x08006948   0x08006948   0x00000034   Code   RO          426    .text.adc_ordinary_channel_set  lto-llvm-0e30cf.o
    0x0800697c   0x0800697c   0x00000010   Code   RO          486    .text.beep_off      lto-llvm-0e30cf.o
    0x0800698c   0x0800698c   0x00000010   Code   RO          484    .text.beep_on       lto-llvm-0e30cf.o
    0x0800699c   0x0800699c   0x00000028   Code   RO          500    .text.convert_data  lto-llvm-0e30cf.o
    0x080069c4   0x080069c4   0x00000024   Code   RO          452    .text.crc_block_calculate  lto-llvm-0e30cf.o
    0x080069e8   0x080069e8   0x000000ec   Code   RO          428    .text.crm_clocks_freq_get  lto-llvm-0e30cf.o
    0x08006ad4   0x08006ad4   0x0000002a   Code   RO          456    .text.data_check_len  lto-llvm-0e30cf.o
    0x08006afe   0x08006afe   0x00000002   PAD
    0x08006b00   0x08006b00   0x000010b4   Code   RO          400    .text.disp_task     lto-llvm-0e30cf.o
    0x08007bb4   0x08007bb4   0x0000007c   Code   RO          432    .text.dma_init      lto-llvm-0e30cf.o
    0x08007c30   0x08007c30   0x0000004c   Code   RO          430    .text.dma_reset     lto-llvm-0e30cf.o
    0x08007c7c   0x08007c7c   0x0000001c   Code   RO          394    .text.feed_dog_task  lto-llvm-0e30cf.o
    0x08007c98   0x08007c98   0x0000001a   Code   RO          462    .text.filter_init   lto-llvm-0e30cf.o
    0x08007cb2   0x08007cb2   0x00000002   PAD
    0x08007cb4   0x08007cb4   0x0000001c   Code   RO          442    .text.flash_halfword_program  lto-llvm-0e30cf.o
    0x08007cd0   0x08007cd0   0x00000028   Code   RO          434    .text.flash_operation_status_get  lto-llvm-0e30cf.o
    0x08007cf8   0x08007cf8   0x0000001c   Code   RO          436    .text.flash_operation_wait_for  lto-llvm-0e30cf.o
    0x08007d14   0x08007d14   0x00000028   Code   RO          488    .text.flash_read_halfword  lto-llvm-0e30cf.o
    0x08007d3c   0x08007d3c   0x0000002c   Code   RO          438    .text.flash_sector_erase  lto-llvm-0e30cf.o
    0x08007d68   0x08007d68   0x000004b8   Code   RO          398    .text.flash_task    lto-llvm-0e30cf.o
    0x08008220   0x08008220   0x00000028   Code   RO          440    .text.flash_word_program  lto-llvm-0e30cf.o
    0x08008248   0x08008248   0x00000020   Code   RO          464    .text.get_adcval    lto-llvm-0e30cf.o
    0x08008268   0x08008268   0x00000060   Code   RO          458    .text.get_data_from_a  lto-llvm-0e30cf.o
    0x080082c8   0x080082c8   0x00000068   Code   RO          460    .text.get_data_from_b  lto-llvm-0e30cf.o
    0x08008330   0x08008330   0x0000006e   Code   RO          540    .text.get_system_ticks  lto-llvm-0e30cf.o
    0x0800839e   0x0800839e   0x000000a8   Code   RO          444    .text.gpio_init     lto-llvm-0e30cf.o
    0x08008446   0x08008446   0x00000002   PAD
    0x08008448   0x08008448   0x00000040   Code   RO          396    .text.iap_task      lto-llvm-0e30cf.o
    0x08008488   0x08008488   0x0000002e   Code   RO          490    .text.key_set_timing_simple  lto-llvm-0e30cf.o
    0x080084b6   0x080084b6   0x00000002   PAD
    0x080084b8   0x080084b8   0x00000c54   Code   RO          392    .text.main          lto-llvm-0e30cf.o
    0x0800910c   0x0800910c   0x00000004   Code   RO          446    .text.nvic_system_reset  lto-llvm-0e30cf.o
    0x08009110   0x08009110   0x00000144   Code   RO          404    .text.output_task   lto-llvm-0e30cf.o
    0x08009254   0x08009254   0x000001b8   Code   RO          402    .text.pc_task       lto-llvm-0e30cf.o
    0x0800940c   0x0800940c   0x000000e0   Code   RO          542    .text.perfc_port_insert_to_system_timer_insert_ovf_handler  lto-llvm-0e30cf.o
    0x080094ec   0x080094ec   0x0000001e   Code   RO          492    .text.queue_init    lto-llvm-0e30cf.o
    0x0800950a   0x0800950a   0x00000026   Code   RO          496    .text.queue_read    lto-llvm-0e30cf.o
    0x08009530   0x08009530   0x00000032   Code   RO          494    .text.queue_write   lto-llvm-0e30cf.o
    0x08009562   0x08009562   0x00000002   PAD
    0x08009564   0x08009564   0x00000024   Code   RO          482    .text.spi_byte_write  lto-llvm-0e30cf.o
    0x08009588   0x08009588   0x000000ec   Code   RO          450    .text.spi_init      lto-llvm-0e30cf.o
    0x08009674   0x08009674   0x00000108   Code   RO          480    .text.spiflash_read  lto-llvm-0e30cf.o
    0x0800977c   0x0800977c   0x0000002c   Code   RO          472    .text.tmt_create    lto-llvm-0e30cf.o
    0x080097a8   0x080097a8   0x00000060   Code   RO          474    .text.tmt_delete    lto-llvm-0e30cf.o
    0x08009808   0x08009808   0x00000034   Code   RO          468    .text.tmt_run       lto-llvm-0e30cf.o
    0x0800983c   0x0800983c   0x0000002c   Code   RO          478    .text.tmt_run_ctrl  lto-llvm-0e30cf.o
    0x08009868   0x08009868   0x00000030   Code   RO          476    .text.tmt_time_ctrl  lto-llvm-0e30cf.o
    0x08009898   0x08009898   0x00000020   Code   RO          470    .text.tmt_update_tick  lto-llvm-0e30cf.o
    0x080098b8   0x080098b8   0x00000064   Code   RO          516    .text.voltage_to_y  lto-llvm-0e30cf.o
    0x0800991c   0x0800991c   0x0000001c   Code   RO          424    .text.wk_delay_ms   lto-llvm-0e30cf.o
    0x08009938   0x08009938   0x0000000e   Code   RO          747    i.__scatterload_copy  mc_w.l(handlers.o)
    0x08009946   0x08009946   0x00000002   Code   RO          748    i.__scatterload_null  mc_w.l(handlers.o)
    0x08009948   0x08009948   0x0000000e   Code   RO          749    i.__scatterload_zeroinit  mc_w.l(handlers.o)
    0x08009956   0x08009956   0x00000002   PAD
    0x08009958   0x08009958   0x000000d8   Data   RO          686    .rodata..Lswitch.table.TranferPicturetoTFT_LCD  lto-llvm-0e30cf.o
    0x08009a30   0x08009a30   0x00000018   Data   RO          688    .rodata.EventRecorderInfo  lto-llvm-0e30cf.o
    0x08009a48   0x08009a48   0x00000474   Data   RO          677    .rodata.ascii_1206  lto-llvm-0e30cf.o
    0x08009ebc   0x08009ebc   0x00006180   Data   RO          683    .rodata.ascii_12060  lto-llvm-0e30cf.o
    0x0801003c   0x0801003c   0x000005f0   Data   RO          678    .rodata.ascii_1608  lto-llvm-0e30cf.o
    0x0801062c   0x0801062c   0x000011d0   Data   RO          679    .rodata.ascii_2412  lto-llvm-0e30cf.o
    0x080117fc   0x080117fc   0x000017c0   Data   RO          680    .rodata.ascii_3216  lto-llvm-0e30cf.o
    0x08012fbc   0x08012fbc   0x000016c0   Data   RO          681    .rodata.ascii_5628  lto-llvm-0e30cf.o
    0x0801467c   0x0801467c   0x00001a00   Data   RO          682    .rodata.ascii_6432  lto-llvm-0e30cf.o
    0x0801607c   0x0801607c   0x00000010   Data   RO          669    .rodata.cst16       lto-llvm-0e30cf.o
    0x0801608c   0x0801608c   0x00000008   Data   RO          668    .rodata.cst8        lto-llvm-0e30cf.o
    0x08016094   0x08016094   0x00000005   Data   RO          670    .rodata.str1.1      lto-llvm-0e30cf.o
    0x08016099   0x08016099   0x00000003   PAD
    0x0801609c   0x0801609c   0x00000020   Data   RO          746    Region$$Table       anon$$obj.o
    0x080160bc   0x080160bc   0x00000004   Data   RO          689    .init_array         lto-llvm-0e30cf.o
    0x080160c0   0x080160bc   0x00000000   Data   RO          707    .init_array         mc_w.l(cpp_init.o)


    Execution Region RW_IRAM1 (Exec base: 0x20000000, Load base: 0x080160c0, Size: 0x00002848, Max: 0x00008000, ABSOLUTE)

    Exec Addr    Load Addr    Size         Type   Attr      Idx    E Section Name        Object

    0x20000000   0x080160c0   0x00000078   Data   RW          692    .data..L_MergedGlobals  lto-llvm-0e30cf.o
    0x20000078   0x08016138   0x00000050   Data   RW          693    .data..L_MergedGlobals.316  lto-llvm-0e30cf.o
    0x200000c8   0x08016188   0x00000001   Data   RW          671    .data.pc_event      lto-llvm-0e30cf.o
    0x200000c9   0x08016189   0x00000037   PAD
    0x20000100        -       0x00000078   Zero   RW          694    .bss..L_MergedGlobals.317  lto-llvm-0e30cf.o
    0x20000178        -       0x00000078   Zero   RW          695    .bss..L_MergedGlobals.318  lto-llvm-0e30cf.o
    0x200001f0        -       0x0000005c   Zero   RW          696    .bss..L_MergedGlobals.319  lto-llvm-0e30cf.o
    0x2000024c        -       0x00001000   Zero   RW          684    .bss.TranferPicturetoTFT_LCD.Read_data  lto-llvm-0e30cf.o
    0x2000124c        -       0x00000400   Zero   RW          675    .bss.chUsart1RxBuffer  lto-llvm-0e30cf.o
    0x2000164c        -       0x00000400   Zero   RW          676    .bss.chUsart1TxBuffer  lto-llvm-0e30cf.o
    0x20001a4c        -       0x00000001   Zero   RW          666    .bss.feed_dog_task.first_in  lto-llvm-0e30cf.o
    0x20001a4d   0x08016189   0x00000033   PAD
    0x20001a80        -       0x000004a4   Zero   RW          687    .bss.noinit         lto-llvm-0e30cf.o
    0x20001f24        -       0x00000088   Zero   RW          674    .bss.object         lto-llvm-0e30cf.o
    0x20001fac        -       0x00000214   Zero   RW          672    .bss.pc_data        lto-llvm-0e30cf.o
    0x200021c0        -       0x00000030   Zero   RW          673    .bss.s1_current     lto-llvm-0e30cf.o
    0x200021f0        -       0x00000250   Zero   RW          685    .bss.sFWS2_t        lto-llvm-0e30cf.o
    0x20002440        -       0x00000004   Zero   RW          690    .bss.s_wMSResidule  lto-llvm-0e30cf.o
    0x20002444        -       0x00000004   Zero   RW          691    .bss.s_wUSResidule  lto-llvm-0e30cf.o
    0x20002448        -       0x00000400   Zero   RW           28    STACK               startup_at32f415.o


==============================================================================

Image component sizes


      Code (inc. data)   RO Data    RW Data    ZI Data      Debug   Object Name

     20392       1266      51013        201       8981     207411   lto-llvm-0e30cf.o
        36          8        368          0       1024        812   startup_at32f415.o
        28          8          0          0          0        500   systick_wrapper_gnu.o

    ----------------------------------------------------------------------
     20478       1282      51416        204      10108     208723   Object Totals
         0          0         32          0          0          0   (incl. Generated)
        22          0          3          3        103          0   (incl. Padding)

    ----------------------------------------------------------------------

      Code (inc. data)   RO Data    RW Data    ZI Data      Debug   Library Member Name

        40          8          0          0          0         80   cpp_init.o
         0          0          0          0          0          0   entry.o
         0          0          0          0          0          0   entry10a.o
         0          0          0          0          0          0   entry11a.o
         8          4          0          0          0          0   entry2.o
         4          0          0          0          0          0   entry5.o
         0          0          0          0          0          0   entry7b.o
         4          0          0          0          0          0   entry8a.o
         0          0          0          0          0          0   entry8b.o
         8          4          0          0          0          0   entry9a.o
        30          0          0          0          0          0   handlers.o
        48         10          0          0          0         68   init.o
         0          0          0          0          0          0   iusefp.o
        30          0          0          0          0         68   llshl.o
        36          0          0          0          0         68   llsshr.o
        32          0          0          0          0         68   llushr.o
        36          0          0          0          0        108   memseta.o
        98          0          0          0          0         92   uldiv.o
        56          0          0          0          0         88   d2f.o
       334          0          0          0          0        148   dadd.o
       222          0          0          0          0        100   ddiv.o
       186          0          0          0          0        176   depilogue.o
        62          0          0          0          0         80   dfixi.o
        38          0          0          0          0         68   f2d.o
       176          0          0          0          0        140   fadd.o
        28          0          0          0          0         68   fcmpeq.o
        28          0          0          0          0         68   fcmpge.o
        28          0          0          0          0         68   fcmpgt.o
        28          0          0          0          0         68   fcmple.o
        28          0          0          0          0         68   fcmplt.o
       124          0          0          0          0         88   fdiv.o
       110          0          0          0          0        168   fepilogue.o
        50          0          0          0          0         68   ffixi.o
        40          0          0          0          0         68   ffixui.o
        10          0          0          0          0         68   ffltui.o
       100          0          0          0          0         76   fmul.o

    ----------------------------------------------------------------------
      2026         26          0          0          0       2228   Library Totals
         4          0          0          0          0          0   (incl. Padding)

    ----------------------------------------------------------------------

      Code (inc. data)   RO Data    RW Data    ZI Data      Debug   Library Name

       374         26          0          0          0        552   mc_w.l
      1648          0          0          0          0       1676   mf_w.l

    ----------------------------------------------------------------------
      2026         26          0          0          0       2228   Library Totals

    ----------------------------------------------------------------------

==============================================================================


      Code (inc. data)   RO Data    RW Data    ZI Data      Debug   

     22504       1308      51416        204      10108     209959   Grand Totals
     22504       1308      51416        204      10108     209959   ELF Image Totals
     22504       1308      51416        204          0          0   ROM Totals

==============================================================================

    Total RO  Size (Code + RO Data)                73920 (  72.19kB)
    Total RW  Size (RW Data + ZI Data)             10312 (  10.07kB)
    Total ROM Size (Code + RO Data + RW Data)      74124 (  72.39kB)

==============================================================================

