Component: Arm Compiler for Embedded 6.23 Tool: armlink [5f102400]

==============================================================================

Section Cross References

    startup_at32f415.o(RESET) refers to startup_at32f415.o(STACK) for __initial_sp
    startup_at32f415.o(RESET) refers to startup_at32f415.o(.text) for Reset_Handler
    startup_at32f415.o(RESET) refers to lto-llvm-da5681.o(.text.NMI_Handler) for NMI_Handler
    startup_at32f415.o(RESET) refers to lto-llvm-da5681.o(.text.HardFault_Handler) for HardFault_Handler
    startup_at32f415.o(RESET) refers to lto-llvm-da5681.o(.text.MemManage_Handler) for MemManage_Handler
    startup_at32f415.o(RESET) refers to lto-llvm-da5681.o(.text.BusFault_Handler) for BusFault_Handler
    startup_at32f415.o(RESET) refers to lto-llvm-da5681.o(.text.UsageFault_Handler) for UsageFault_Handler
    startup_at32f415.o(RESET) refers to lto-llvm-da5681.o(.text.SVC_Handler) for SVC_Handler
    startup_at32f415.o(RESET) refers to lto-llvm-da5681.o(.text.DebugMon_Handler) for DebugMon_Handler
    startup_at32f415.o(RESET) refers to lto-llvm-da5681.o(.text.PendSV_Handler) for PendSV_Handler
    startup_at32f415.o(RESET) refers to systick_wrapper_gnu.o(.text) for SysTick_Handler
    startup_at32f415.o(RESET) refers to lto-llvm-da5681.o(.text.USART1_IRQHandler) for USART1_IRQHandler
    startup_at32f415.o(.text) refers to lto-llvm-da5681.o(.text.SystemInit) for SystemInit
    startup_at32f415.o(.text) refers to entry.o(.ARM.Collect$$$$00000000) for __main
    systick_wrapper_gnu.o(.text) refers to lto-llvm-da5681.o(.text.perfc_port_insert_to_system_timer_insert_ovf_handler) for perfc_port_insert_to_system_timer_insert_ovf_handler
    systick_wrapper_gnu.o(.text) refers to lto-llvm-da5681.o(.text.SysTick_Handler) for $Super$$SysTick_Handler
    entry.o(.ARM.Collect$$$$00000000) refers (Special) to entry10a.o(.ARM.Collect$$$$0000000D) for __rt_final_cpp
    entry.o(.ARM.Collect$$$$00000000) refers (Special) to entry11a.o(.ARM.Collect$$$$0000000F) for __rt_final_exit
    entry.o(.ARM.Collect$$$$00000000) refers (Special) to entry7b.o(.ARM.Collect$$$$00000008) for _main_clock
    entry.o(.ARM.Collect$$$$00000000) refers (Special) to entry8b.o(.ARM.Collect$$$$0000000A) for _main_cpp_init
    entry.o(.ARM.Collect$$$$00000000) refers (Special) to entry9a.o(.ARM.Collect$$$$0000000B) for _main_init
    entry.o(.ARM.Collect$$$$00000000) refers (Special) to entry5.o(.ARM.Collect$$$$00000004) for _main_scatterload
    entry.o(.ARM.Collect$$$$00000000) refers (Special) to entry2.o(.ARM.Collect$$$$00000001) for _main_stk
    fputs.o(i.fputs) refers to lto-llvm-da5681.o(.text.fputc) for fputc
    fputs_e.o(.text) refers to lto-llvm-da5681.o(.text.fputc) for fputc
    printfa.o(i.__0fprintf) refers (Special) to iusefp.o(.text) for __I$use$fp
    printfa.o(i.__0fprintf) refers to printfa.o(i._printf_core) for _printf_core
    printfa.o(i.__0fprintf) refers to lto-llvm-da5681.o(.text.fputc) for fputc
    printfa.o(i.__0printf) refers (Special) to iusefp.o(.text) for __I$use$fp
    printfa.o(i.__0printf) refers to printfa.o(i._printf_core) for _printf_core
    printfa.o(i.__0printf) refers to lto-llvm-da5681.o(.text.fputc) for fputc
    printfa.o(i.__0printf) refers to stdout.o(.data) for __stdout
    printfa.o(i.__0snprintf) refers (Special) to iusefp.o(.text) for __I$use$fp
    printfa.o(i.__0snprintf) refers to printfa.o(i._printf_core) for _printf_core
    printfa.o(i.__0snprintf) refers to printfa.o(i._snputc) for _snputc
    printfa.o(i.__0sprintf) refers (Special) to iusefp.o(.text) for __I$use$fp
    printfa.o(i.__0sprintf) refers to printfa.o(i._printf_core) for _printf_core
    printfa.o(i.__0sprintf) refers to printfa.o(i._sputc) for _sputc
    printfa.o(i.__0vfprintf) refers (Special) to iusefp.o(.text) for __I$use$fp
    printfa.o(i.__0vfprintf) refers to printfa.o(i._printf_core) for _printf_core
    printfa.o(i.__0vfprintf) refers to lto-llvm-da5681.o(.text.fputc) for fputc
    printfa.o(i.__0vprintf) refers (Special) to iusefp.o(.text) for __I$use$fp
    printfa.o(i.__0vprintf) refers to printfa.o(i._printf_core) for _printf_core
    printfa.o(i.__0vprintf) refers to lto-llvm-da5681.o(.text.fputc) for fputc
    printfa.o(i.__0vprintf) refers to stdout.o(.data) for __stdout
    printfa.o(i.__0vsnprintf) refers (Special) to iusefp.o(.text) for __I$use$fp
    printfa.o(i.__0vsnprintf) refers to printfa.o(i._printf_core) for _printf_core
    printfa.o(i.__0vsnprintf) refers to printfa.o(i._snputc) for _snputc
    printfa.o(i.__0vsprintf) refers (Special) to iusefp.o(.text) for __I$use$fp
    printfa.o(i.__0vsprintf) refers to printfa.o(i._printf_core) for _printf_core
    printfa.o(i.__0vsprintf) refers to printfa.o(i._sputc) for _sputc
    printfa.o(i._fp_digits) refers (Special) to iusefp.o(.text) for __I$use$fp
    printfa.o(i._fp_digits) refers to dmul.o(.text) for __aeabi_dmul
    printfa.o(i._fp_digits) refers to ddiv.o(.text) for __aeabi_ddiv
[...]
    [Anonymous Symbol]                       0x20000028   Section        0  lto-llvm-da5681.o(.data.keys)
    page_switch.show_reset_time              0x20000088   Data           2  lto-llvm-da5681.o(.data.page_switch.show_reset_time)
    [Anonymous Symbol]                       0x20000088   Section        0  lto-llvm-da5681.o(.data.page_switch.show_reset_time)
    pc_event                                 0x2000008a   Data           1  lto-llvm-da5681.o(.data.pc_event)
    [Anonymous Symbol]                       0x2000008a   Section        0  lto-llvm-da5681.o(.data.pc_event)
    pwm_control.last_handle_type             0x2000008b   Data           1  lto-llvm-da5681.o(.data.pwm_control.last_handle_type)
    [Anonymous Symbol]                       0x2000008b   Section        0  lto-llvm-da5681.o(.data.pwm_control.last_handle_type)
    s_wMSUnit                                0x2000008c   Data           4  lto-llvm-da5681.o(.data.s_wMSUnit)
    [Anonymous Symbol]                       0x2000008c   Section        0  lto-llvm-da5681.o(.data.s_wMSUnit)
    s_wUSUnit                                0x20000090   Data           4  lto-llvm-da5681.o(.data.s_wUSUnit)
    [Anonymous Symbol]                       0x20000090   Section        0  lto-llvm-da5681.o(.data.s_wUSUnit)
    sbeep                                    0x20000094   Data          16  lto-llvm-da5681.o(.data.sbeep)
    [Anonymous Symbol]                       0x20000094   Section        0  lto-llvm-da5681.o(.data.sbeep)
    set_temp_1.2                             0x200000a4   Data           4  lto-llvm-da5681.o(.data.set_temp_1.2)
    [Anonymous Symbol]                       0x200000a4   Section        0  lto-llvm-da5681.o(.data.set_temp_1.2)
    set_temp_3.2                             0x200000a8   Data           4  lto-llvm-da5681.o(.data.set_temp_3.2)
    [Anonymous Symbol]                       0x200000a8   Section        0  lto-llvm-da5681.o(.data.set_temp_3.2)
    show_power_bar.refesh_time               0x200000ac   Data           1  lto-llvm-da5681.o(.data.show_power_bar.refesh_time)
    [Anonymous Symbol]                       0x200000ac   Section        0  lto-llvm-da5681.o(.data.show_power_bar.refesh_time)
    show_set_temp.time                       0x200000ae   Data           2  lto-llvm-da5681.o(.data.show_set_temp.time)
    [Anonymous Symbol]                       0x200000ae   Section        0  lto-llvm-da5681.o(.data.show_set_temp.time)
    BeepProc.s_BeepStartTime                 0x200000c0   Data           1  lto-llvm-da5681.o(.bss.BeepProc.s_BeepStartTime)
    [Anonymous Symbol]                       0x200000c0   Section        0  lto-llvm-da5681.o(.bss.BeepProc.s_BeepStartTime)
    FlashProc.a_ver                          0x200000c2   Data           2  lto-llvm-da5681.o(.bss.FlashProc.a_ver)
    [Anonymous Symbol]                       0x200000c2   Section        0  lto-llvm-da5681.o(.bss.FlashProc.a_ver)
    FlashProc.b_ver                          0x200000c4   Data           2  lto-llvm-da5681.o(.bss.FlashProc.b_ver)
    [Anonymous Symbol]                       0x200000c4   Section        0  lto-llvm-da5681.o(.bss.FlashProc.b_ver)
    FlashProc.first_start_flag               0x200000c6   Data           1  lto-llvm-da5681.o(.bss.FlashProc.first_start_flag)
    [Anonymous Symbol]                       0x200000c6   Section        0  lto-llvm-da5681.o(.bss.FlashProc.first_start_flag)
    FlashProc.flash_count                    0x200000c7   Data           1  lto-llvm-da5681.o(.bss.FlashProc.flash_count)
    [Anonymous Symbol]                       0x200000c7   Section        0  lto-llvm-da5681.o(.bss.FlashProc.flash_count)
    FlashProc.flash_version                  0x200000c8   Data           2  lto-llvm-da5681.o(.bss.FlashProc.flash_version)
    [Anonymous Symbol]                       0x200000c8   Section        0  lto-llvm-da5681.o(.bss.FlashProc.flash_version)
    FlashProc.last_ch1_set_temp              0x200000ca   Data           2  lto-llvm-da5681.o(.bss.FlashProc.last_ch1_set_temp)
    [Anonymous Symbol]                       0x200000ca   Section        0  lto-llvm-da5681.o(.bss.FlashProc.last_ch1_set_temp)
    FlashProc.last_ch2_set_temp              0x200000cc   Data           2  lto-llvm-da5681.o(.bss.FlashProc.last_ch2_set_temp)
    [Anonymous Symbol]                       0x200000cc   Section        0  lto-llvm-da5681.o(.bss.FlashProc.last_ch2_set_temp)
    FlashProc.last_ch3_set_temp              0x200000ce   Data           2  lto-llvm-da5681.o(.bss.FlashProc.last_ch3_set_temp)
    [Anonymous Symbol]                       0x200000ce   Section        0  lto-llvm-da5681.o(.bss.FlashProc.last_ch3_set_temp)
    FlashProc.last_direct_set_temp           0x200000d0   Data           2  lto-llvm-da5681.o(.bss.FlashProc.last_direct_set_temp)
    [Anonymous Symbol]                       0x200000d0   Section        0  lto-llvm-da5681.o(.bss.FlashProc.last_direct_set_temp)
    FlashProc.last_set_direct_cal_temp       0x200000d2   Data           2  lto-llvm-da5681.o(.bss.FlashProc.last_set_direct_cal_temp)
    [Anonymous Symbol]                       0x200000d2   Section        0  lto-llvm-da5681.o(.bss.FlashProc.last_set_direct_cal_temp)
    FlashProc.last_set_sleep_time            0x200000d4   Data           1  lto-llvm-da5681.o(.bss.FlashProc.last_set_sleep_time)
    [Anonymous Symbol]                       0x200000d4   Section        0  lto-llvm-da5681.o(.bss.FlashProc.last_set_sleep_time)
    FlashProc.last_show_mode                 0x200000d5   Data           1  lto-llvm-da5681.o(.bss.FlashProc.last_show_mode)
    [Anonymous Symbol]                       0x200000d5   Section        0  lto-llvm-da5681.o(.bss.FlashProc.last_show_mode)
    FlashProc.last_temp_uint                 0x200000d6   Data           1  lto-llvm-da5681.o(.bss.FlashProc.last_temp_uint)
    [Anonymous Symbol]                       0x200000d6   Section        0  lto-llvm-da5681.o(.bss.FlashProc.last_temp_uint)
    FlashProc.sflash.0                       0x200000d7   Data           1  lto-llvm-da5681.o(.bss.FlashProc.sflash.0)
    [Anonymous Symbol]                       0x200000d7   Section        0  lto-llvm-da5681.o(.bss.FlashProc.sflash.0)
    KeyProc.set_done                         0x200000d8   Data           1  lto-llvm-da5681.o(.bss.KeyProc.set_done)
    [Anonymous Symbol]                       0x200000d8   Section        0  lto-llvm-da5681.o(.bss.KeyProc.set_done)
    LCD_Show_Curve.power_input_data          0x200000da   Data           2  lto-llvm-da5681.o(.bss.LCD_Show_Curve.power_input_data)
    [Anonymous Symbol]                       0x200000da   Section        0  lto-llvm-da5681.o(.bss.LCD_Show_Curve.power_input_data)
    LCD_Show_Curve.temp_input_data           0x200000dc   Data           2  lto-llvm-da5681.o(.bss.LCD_Show_Curve.temp_input_data)
    [Anonymous Symbol]                       0x200000dc   Section        0  lto-llvm-da5681.o(.bss.LCD_Show_Curve.temp_input_data)
    TranferPicturetoTFT_LCD.Read_data        0x200000de   Data        4096  lto-llvm-da5681.o(.bss.TranferPicturetoTFT_LCD.Read_data)
    [Anonymous Symbol]                       0x200000de   Section        0  lto-llvm-da5681.o(.bss.TranferPicturetoTFT_LCD.Read_data)
    WriteDataToPC.crc_value                  0x200010e0   Data           4  lto-llvm-da5681.o(.bss.WriteDataToPC.crc_value)
    [Anonymous Symbol]                       0x200010e0   Section        0  lto-llvm-da5681.o(.bss.WriteDataToPC.crc_value)
    actual_refesh_time                       0x200010e4   Data           1  lto-llvm-da5681.o(.bss.actual_refesh_time)
    [Anonymous Symbol]                       0x200010e4   Section        0  lto-llvm-da5681.o(.bss.actual_refesh_time)
    chUsart1RxBuffer                         0x200010e5   Data        1024  lto-llvm-da5681.o(.bss.chUsart1RxBuffer)
    [Anonymous Symbol]                       0x200010e5   Section        0  lto-llvm-da5681.o(.bss.chUsart1RxBuffer)
    chUsart1TxBuffer                         0x200014e5   Data        1024  lto-llvm-da5681.o(.bss.chUsart1TxBuffer)
    [Anonymous Symbol]                       0x200014e5   Section        0  lto-llvm-da5681.o(.bss.chUsart1TxBuffer)
    check_handle.no_sleep_times              0x200018e5   Data           1  lto-llvm-da5681.o(.bss.check_handle.no_sleep_times)
    [Anonymous Symbol]                       0x200018e5   Section        0  lto-llvm-da5681.o(.bss.check_handle.no_sleep_times)
    check_handle.sleep_times                 0x200018e6   Data           1  lto-llvm-da5681.o(.bss.check_handle.sleep_times)
    [Anonymous Symbol]                       0x200018e6   Section        0  lto-llvm-da5681.o(.bss.check_handle.sleep_times)
    display_handle.display_run               0x200018e7   Data           1  lto-llvm-da5681.o(.bss.display_handle.display_run)
    [Anonymous Symbol]                       0x200018e7   Section        0  lto-llvm-da5681.o(.bss.display_handle.display_run)
    feed_dog_task.first_in                   0x200018e8   Data           1  lto-llvm-da5681.o(.bss.feed_dog_task.first_in)
    [Anonymous Symbol]                       0x200018e8   Section        0  lto-llvm-da5681.o(.bss.feed_dog_task.first_in)
    g_lLastTimeStamp                         0x200018f0   Data           8  lto-llvm-da5681.o(.bss.g_lLastTimeStamp)
    [Anonymous Symbol]                       0x200018f0   Section        0  lto-llvm-da5681.o(.bss.g_lLastTimeStamp)
    g_nOffset                                0x200018f8   Data           4  lto-llvm-da5681.o(.bss.g_nOffset)
    [Anonymous Symbol]                       0x200018f8   Section        0  lto-llvm-da5681.o(.bss.g_nOffset)
    iap_flag                                 0x200018fc   Data           1  lto-llvm-da5681.o(.bss.iap_flag)
    [Anonymous Symbol]                       0x200018fc   Section        0  lto-llvm-da5681.o(.bss.iap_flag)
    key_ch1                                  0x200018fd   Data           1  lto-llvm-da5681.o(.bss.key_ch1)
    [Anonymous Symbol]                       0x200018fd   Section        0  lto-llvm-da5681.o(.bss.key_ch1)
    key_ch2                                  0x200018fe   Data           1  lto-llvm-da5681.o(.bss.key_ch2)
    [Anonymous Symbol]                       0x200018fe   Section        0  lto-llvm-da5681.o(.bss.key_ch2)
    key_ch3                                  0x200018ff   Data           1  lto-llvm-da5681.o(.bss.key_ch3)
    [Anonymous Symbol]                       0x200018ff   Section        0  lto-llvm-da5681.o(.bss.key_ch3)
    key_down                                 0x20001900   Data           1  lto-llvm-da5681.o(.bss.key_down)
    [Anonymous Symbol]                       0x20001900   Section        0  lto-llvm-da5681.o(.bss.key_down)
    key_event_handle.delay_time              0x20001901   Data           1  lto-llvm-da5681.o(.bss.key_event_handle.delay_time)
    [Anonymous Symbol]                       0x20001901   Section        0  lto-llvm-da5681.o(.bss.key_event_handle.delay_time)
    key_set                                  0x20001902   Data           1  lto-llvm-da5681.o(.bss.key_set)
    [Anonymous Symbol]                       0x20001902   Section        0  lto-llvm-da5681.o(.bss.key_set)
    key_up                                   0x20001903   Data           1  lto-llvm-da5681.o(.bss.key_up)
    [Anonymous Symbol]                       0x20001903   Section        0  lto-llvm-da5681.o(.bss.key_up)
    last_output                              0x20001904   Data           1  lto-llvm-da5681.o(.bss.last_output)
    [Anonymous Symbol]                       0x20001904   Section        0  lto-llvm-da5681.o(.bss.last_output)
    EventBuffer                              0x20001940   Data        1024  lto-llvm-da5681.o(.bss.noinit)
    [Anonymous Symbol]                       0x20001940   Section        0  lto-llvm-da5681.o(.bss.noinit)
    EventFilter                              0x20001d40   Data         128  lto-llvm-da5681.o(.bss.noinit)
    EventStatus                              0x20001dc0   Data          36  lto-llvm-da5681.o(.bss.noinit)
    number_change.first_in                   0x20001de4   Data           1  lto-llvm-da5681.o(.bss.number_change.first_in)
    [Anonymous Symbol]                       0x20001de4   Section        0  lto-llvm-da5681.o(.bss.number_change.first_in)
    object                                   0x20001de8   Data         136  lto-llvm-da5681.o(.bss.object)
    [Anonymous Symbol]                       0x20001de8   Section        0  lto-llvm-da5681.o(.bss.object)
    page_switch.first_in                     0x20001e70   Data           1  lto-llvm-da5681.o(.bss.page_switch.first_in)
    [Anonymous Symbol]                       0x20001e70   Section        0  lto-llvm-da5681.o(.bss.page_switch.first_in)
    pc_comm_handle.time                      0x20001e71   Data           1  lto-llvm-da5681.o(.bss.pc_comm_handle.time)
    [Anonymous Symbol]                       0x20001e71   Section        0  lto-llvm-da5681.o(.bss.pc_comm_handle.time)
    pc_data                                  0x20001e74   Data         532  lto-llvm-da5681.o(.bss.pc_data)
    [Anonymous Symbol]                       0x20001e74   Section        0  lto-llvm-da5681.o(.bss.pc_data)
    pid_210                                  0x20002088   Data          44  lto-llvm-da5681.o(.bss.pid_210)
    [Anonymous Symbol]                       0x20002088   Section        0  lto-llvm-da5681.o(.bss.pid_210)
    pid_245                                  0x200020b4   Data          44  lto-llvm-da5681.o(.bss.pid_245)
    [Anonymous Symbol]                       0x200020b4   Section        0  lto-llvm-da5681.o(.bss.pid_245)
    pwm_control.last_set_temp                0x200020e0   Data           4  lto-llvm-da5681.o(.bss.pwm_control.last_set_temp)
    [Anonymous Symbol]                       0x200020e0   Section        0  lto-llvm-da5681.o(.bss.pwm_control.last_set_temp)
    pwm_control.temp                         0x200020e4   Data           4  lto-llvm-da5681.o(.bss.pwm_control.temp)
    [Anonymous Symbol]                       0x200020e4   Section        0  lto-llvm-da5681.o(.bss.pwm_control.temp)
    s1_adc                                   0x200020e8   Data          48  lto-llvm-da5681.o(.bss.s1_adc)
    [Anonymous Symbol]                       0x200020e8   Section        0  lto-llvm-da5681.o(.bss.s1_adc)
    sFWS2_t                                  0x20002118   Data         628  lto-llvm-da5681.o(.bss.sFWS2_t)
    [Anonymous Symbol]                       0x20002118   Section        0  lto-llvm-da5681.o(.bss.sFWS2_t)
    s_lOldTimestamp                          0x20002390   Data           8  lto-llvm-da5681.o(.bss.s_lOldTimestamp)
    [Anonymous Symbol]                       0x20002390   Section        0  lto-llvm-da5681.o(.bss.s_lOldTimestamp)
    s_lOldTimestampMS                        0x20002398   Data           8  lto-llvm-da5681.o(.bss.s_lOldTimestampMS)
    [Anonymous Symbol]                       0x20002398   Section        0  lto-llvm-da5681.o(.bss.s_lOldTimestampMS)
    s_lOldTimestampUS                        0x200023a0   Data           8  lto-llvm-da5681.o(.bss.s_lOldTimestampUS)
    [Anonymous Symbol]                       0x200023a0   Section        0  lto-llvm-da5681.o(.bss.s_lOldTimestampUS)
    s_lSystemClockCounts                     0x200023a8   Data           8  lto-llvm-da5681.o(.bss.s_lSystemClockCounts)
    [Anonymous Symbol]                       0x200023a8   Section        0  lto-llvm-da5681.o(.bss.s_lSystemClockCounts)
    s_lSystemMS                              0x200023b0   Data           8  lto-llvm-da5681.o(.bss.s_lSystemMS)
    [Anonymous Symbol]                       0x200023b0   Section        0  lto-llvm-da5681.o(.bss.s_lSystemMS)
    s_lSystemUS                              0x200023b8   Data           8  lto-llvm-da5681.o(.bss.s_lSystemUS)
    [Anonymous Symbol]                       0x200023b8   Section        0  lto-llvm-da5681.o(.bss.s_lSystemUS)
    s_wMSResidule                            0x200023c0   Data           4  lto-llvm-da5681.o(.bss.s_wMSResidule)
    [Anonymous Symbol]                       0x200023c0   Section        0  lto-llvm-da5681.o(.bss.s_wMSResidule)
    s_wUSResidule                            0x200023c4   Data           4  lto-llvm-da5681.o(.bss.s_wUSResidule)
    [Anonymous Symbol]                       0x200023c4   Section        0  lto-llvm-da5681.o(.bss.s_wUSResidule)
    show_actual_temp.cal                     0x200023c8   Data           1  lto-llvm-da5681.o(.bss.show_actual_temp.cal)
    [Anonymous Symbol]                       0x200023c8   Section        0  lto-llvm-da5681.o(.bss.show_actual_temp.cal)
    show_channel_state.clean_state           0x200023c9   Data           1  lto-llvm-da5681.o(.bss.show_channel_state.clean_state)
    [Anonymous Symbol]                       0x200023c9   Section        0  lto-llvm-da5681.o(.bss.show_channel_state.clean_state)
    show_curve.curve_refresh_time            0x200023ca   Data           2  lto-llvm-da5681.o(.bss.show_curve.curve_refresh_time)
    [Anonymous Symbol]                       0x200023ca   Section        0  lto-llvm-da5681.o(.bss.show_curve.curve_refresh_time)
    show_curve.first                         0x200023cc   Data           1  lto-llvm-da5681.o(.bss.show_curve.first)
    [Anonymous Symbol]                       0x200023cc   Section        0  lto-llvm-da5681.o(.bss.show_curve.first)
    show_curve.power_curve                   0x200023ce   Data           2  lto-llvm-da5681.o(.bss.show_curve.power_curve)
    [Anonymous Symbol]                       0x200023ce   Section        0  lto-llvm-da5681.o(.bss.show_curve.power_curve)
    show_navigation_bar.in_first             0x200023d0   Data           1  lto-llvm-da5681.o(.bss.show_navigation_bar.in_first)
    [Anonymous Symbol]                       0x200023d0   Section        0  lto-llvm-da5681.o(.bss.show_navigation_bar.in_first)
    show_power_bar.output                    0x200023d4   Data           4  lto-llvm-da5681.o(.bss.show_power_bar.output)
    [Anonymous Symbol]                       0x200023d4   Section        0  lto-llvm-da5681.o(.bss.show_power_bar.output)
    show_set_temp.show_flag                  0x200023d8   Data           1  lto-llvm-da5681.o(.bss.show_set_temp.show_flag)
    [Anonymous Symbol]                       0x200023d8   Section        0  lto-llvm-da5681.o(.bss.show_set_temp.show_flag)
    show_set_temp.state                      0x200023d9   Data           1  lto-llvm-da5681.o(.bss.show_set_temp.state)
    [Anonymous Symbol]                       0x200023d9   Section        0  lto-llvm-da5681.o(.bss.show_set_temp.state)
    sleep_control.first_in                   0x200023da   Data           1  lto-llvm-da5681.o(.bss.sleep_control.first_in)
    [Anonymous Symbol]                       0x200023da   Section        0  lto-llvm-da5681.o(.bss.sleep_control.first_in)
    sleep_control.time_count_ms              0x200023dc   Data           2  lto-llvm-da5681.o(.bss.sleep_control.time_count_ms)
    [Anonymous Symbol]                       0x200023dc   Section        0  lto-llvm-da5681.o(.bss.sleep_control.time_count_ms)
    sleep_control.time_count_s               0x200023de   Data           1  lto-llvm-da5681.o(.bss.sleep_control.time_count_s)
    [Anonymous Symbol]                       0x200023de   Section        0  lto-llvm-da5681.o(.bss.sleep_control.time_count_s)
    sleep_control.wake_up_flag               0x200023df   Data           1  lto-llvm-da5681.o(.bss.sleep_control.wake_up_flag)
    [Anonymous Symbol]                       0x200023df   Section        0  lto-llvm-da5681.o(.bss.sleep_control.wake_up_flag)
    tUart4Buffer                             0x200023e0   Data          36  lto-llvm-da5681.o(.bss.tUart4Buffer)
    [Anonymous Symbol]                       0x200023e0   Section        0  lto-llvm-da5681.o(.bss.tUart4Buffer)
    tUart5Buffer                             0x20002404   Data          36  lto-llvm-da5681.o(.bss.tUart5Buffer)
    [Anonymous Symbol]                       0x20002404   Section        0  lto-llvm-da5681.o(.bss.tUart5Buffer)
    tUsart1Buffer                            0x20002428   Data          36  lto-llvm-da5681.o(.bss.tUsart1Buffer)
    [Anonymous Symbol]                       0x20002428   Section        0  lto-llvm-da5681.o(.bss.tUsart1Buffer)
    tUsart2Buffer                            0x2000244c   Data          36  lto-llvm-da5681.o(.bss.tUsart2Buffer)
    [Anonymous Symbol]                       0x2000244c   Section        0  lto-llvm-da5681.o(.bss.tUsart2Buffer)
    tUsart3Buffer                            0x20002470   Data          36  lto-llvm-da5681.o(.bss.tUsart3Buffer)
    [Anonymous Symbol]                       0x20002470   Section        0  lto-llvm-da5681.o(.bss.tUsart3Buffer)
    timebase_ticks                           0x20002494   Data           4  lto-llvm-da5681.o(.bss.timebase_ticks)
    [Anonymous Symbol]                       0x20002494   Section        0  lto-llvm-da5681.o(.bss.timebase_ticks)
    tmt                                      0x20002498   Data          24  lto-llvm-da5681.o(.bss.tmt)
    [Anonymous Symbol]                       0x20002498   Section        0  lto-llvm-da5681.o(.bss.tmt)
    STACK                                    0x200024b0   Section     1024  startup_at32f415.o(STACK)

    Global Symbols

    Symbol Name                              Value     Ov Type        Size  Object(Section)

    BuildAttributes$$THM_ISAv4$E$P$D$K$B$S$7EM$PE$A:L22UL41UL21$X:L11$S22US41US21$IEEE1$IW$~IW$USESV6$~STKCKD$USESV7$~SHL$OTIME$ROPI$IEEEF$EBA8$MICROLIB$REQ8$PRES8$EABIv2 0x00000000   Number         0  anon$$obj.o ABSOLUTE
    __cxa_finalize                            - Undefined Weak Reference
    __decompress                              - Undefined Weak Reference
    _clock_init                               - Undefined Weak Reference
    _microlib_exit                            - Undefined Weak Reference
    __Vectors_Size                           0x00000170   Number         0  startup_at32f415.o ABSOLUTE
    __Vectors                                0x08004000   Data           4  startup_at32f415.o(RESET)
    __Vectors_End                            0x08004170   Data           0  startup_at32f415.o(RESET)
    __main                                   0x08004171   Thumb Code     0  entry.o(.ARM.Collect$$$$00000000)
    _main_stk                                0x08004171   Thumb Code     0  entry2.o(.ARM.Collect$$$$00000001)
    _main_scatterload                        0x08004175   Thumb Code     0  entry5.o(.ARM.Collect$$$$00000004)
    __main_after_scatterload                 0x08004179   Thumb Code     0  entry5.o(.ARM.Collect$$$$00000004)
    _main_clock                              0x08004179   Thumb Code     0  entry7b.o(.ARM.Collect$$$$00000008)
    _main_cpp_init$empty                     0x08004179   Thumb Code     0  entry8a.o(.ARM.Collect$$$$00000009)
    _main_cpp_init                           0x0800417d   Thumb Code     0  entry8b.o(.ARM.Collect$$$$0000000A)
    _main_init                               0x0800417d   Thumb Code     0  entry9a.o(.ARM.Collect$$$$0000000B)
    __rt_final_cpp                           0x08004185   Thumb Code     0  entry10a.o(.ARM.Collect$$$$0000000D)
    __rt_final_exit                          0x08004185   Thumb Code     0  entry11a.o(.ARM.Collect$$$$0000000F)
    Reset_Handler                            0x08004189   Thumb Code     8  startup_at32f415.o(.text)
    ADC1_IRQHandler                          0x080041a3   Thumb Code     0  startup_at32f415.o(.text)
    CAN1_RX0_IRQHandler                      0x080041a3   Thumb Code     0  startup_at32f415.o(.text)
    CAN1_RX1_IRQHandler                      0x080041a3   Thumb Code     0  startup_at32f415.o(.text)
    CAN1_SE_IRQHandler                       0x080041a3   Thumb Code     0  startup_at32f415.o(.text)
    CAN1_TX_IRQHandler                       0x080041a3   Thumb Code     0  startup_at32f415.o(.text)
    CMP1_IRQHandler                          0x080041a3   Thumb Code     0  startup_at32f415.o(.text)
    CMP2_IRQHandler                          0x080041a3   Thumb Code     0  startup_at32f415.o(.text)
    CRM_IRQHandler                           0x080041a3   Thumb Code     0  startup_at32f415.o(.text)
    DMA1_Channel1_IRQHandler                 0x080041a3   Thumb Code     0  startup_at32f415.o(.text)
    DMA1_Channel2_IRQHandler                 0x080041a3   Thumb Code     0  startup_at32f415.o(.text)
    DMA1_Channel3_IRQHandler                 0x080041a3   Thumb Code     0  startup_at32f415.o(.text)
    DMA1_Channel4_IRQHandler                 0x080041a3   Thumb Code     0  startup_at32f415.o(.text)
    DMA1_Channel5_IRQHandler                 0x080041a3   Thumb Code     0  startup_at32f415.o(.text)
    DMA1_Channel6_IRQHandler                 0x080041a3   Thumb Code     0  startup_at32f415.o(.text)
    DMA1_Channel7_IRQHandler                 0x080041a3   Thumb Code     0  startup_at32f415.o(.text)
    DMA2_Channel1_IRQHandler                 0x080041a3   Thumb Code     0  startup_at32f415.o(.text)
    DMA2_Channel2_IRQHandler                 0x080041a3   Thumb Code     0  startup_at32f415.o(.text)
    DMA2_Channel3_IRQHandler                 0x080041a3   Thumb Code     0  startup_at32f415.o(.text)
    DMA2_Channel4_5_IRQHandler               0x080041a3   Thumb Code     0  startup_at32f415.o(.text)
    DMA2_Channel6_7_IRQHandler               0x080041a3   Thumb Code     0  startup_at32f415.o(.text)
    ERTCAlarm_IRQHandler                     0x080041a3   Thumb Code     0  startup_at32f415.o(.text)
    ERTC_WKUP_IRQHandler                     0x080041a3   Thumb Code     0  startup_at32f415.o(.text)
    EXINT0_IRQHandler                        0x080041a3   Thumb Code     0  startup_at32f415.o(.text)
    EXINT15_10_IRQHandler                    0x080041a3   Thumb Code     0  startup_at32f415.o(.text)
    EXINT1_IRQHandler                        0x080041a3   Thumb Code     0  startup_at32f415.o(.text)
    EXINT2_IRQHandler                        0x080041a3   Thumb Code     0  startup_at32f415.o(.text)
    EXINT3_IRQHandler                        0x080041a3   Thumb Code     0  startup_at32f415.o(.text)
    EXINT4_IRQHandler                        0x080041a3   Thumb Code     0  startup_at32f415.o(.text)
    EXINT9_5_IRQHandler                      0x080041a3   Thumb Code     0  startup_at32f415.o(.text)
    FLASH_IRQHandler                         0x080041a3   Thumb Code     0  startup_at32f415.o(.text)
    I2C1_ERR_IRQHandler                      0x080041a3   Thumb Code     0  startup_at32f415.o(.text)
    I2C1_EVT_IRQHandler                      0x080041a3   Thumb Code     0  startup_at32f415.o(.text)
    I2C2_ERR_IRQHandler                      0x080041a3   Thumb Code     0  startup_at32f415.o(.text)
    I2C2_EVT_IRQHandler                      0x080041a3   Thumb Code     0  startup_at32f415.o(.text)
    OTGFS1_IRQHandler                        0x080041a3   Thumb Code     0  startup_at32f415.o(.text)
    OTGFS1_WKUP_IRQHandler                   0x080041a3   Thumb Code     0  startup_at32f415.o(.text)
    PVM_IRQHandler                           0x080041a3   Thumb Code     0  startup_at32f415.o(.text)
    SDIO1_IRQHandler                         0x080041a3   Thumb Code     0  startup_at32f415.o(.text)
    SPI1_IRQHandler                          0x080041a3   Thumb Code     0  startup_at32f415.o(.text)
    SPI2_IRQHandler                          0x080041a3   Thumb Code     0  startup_at32f415.o(.text)
    TAMP_STAMP_IRQHandler                    0x080041a3   Thumb Code     0  startup_at32f415.o(.text)
    TMR1_BRK_TMR9_IRQHandler                 0x080041a3   Thumb Code     0  startup_at32f415.o(.text)
    TMR1_CH_IRQHandler                       0x080041a3   Thumb Code     0  startup_at32f415.o(.text)
    TMR1_OVF_TMR10_IRQHandler                0x080041a3   Thumb Code     0  startup_at32f415.o(.text)
    TMR1_TRG_HALL_TMR11_IRQHandler           0x080041a3   Thumb Code     0  startup_at32f415.o(.text)
    TMR2_GLOBAL_IRQHandler                   0x080041a3   Thumb Code     0  startup_at32f415.o(.text)
    TMR3_GLOBAL_IRQHandler                   0x080041a3   Thumb Code     0  startup_at32f415.o(.text)
    TMR4_GLOBAL_IRQHandler                   0x080041a3   Thumb Code     0  startup_at32f415.o(.text)
    TMR5_GLOBAL_IRQHandler                   0x080041a3   Thumb Code     0  startup_at32f415.o(.text)
    UART4_IRQHandler                         0x080041a3   Thumb Code     0  startup_at32f415.o(.text)
    UART5_IRQHandler                         0x080041a3   Thumb Code     0  startup_at32f415.o(.text)
    USART2_IRQHandler                        0x080041a3   Thumb Code     0  startup_at32f415.o(.text)
    USART3_IRQHandler                        0x080041a3   Thumb Code     0  startup_at32f415.o(.text)
    WWDT_IRQHandler                          0x080041a3   Thumb Code     0  startup_at32f415.o(.text)
    SysTick_Handler                          0x080041ad   Thumb Code     0  systick_wrapper_gnu.o(.text)
    __ensure_systick_wrapper                 0x080041bf   Thumb Code     0  systick_wrapper_gnu.o(.text)
    __aeabi_uldivmod                         0x080041c9   Thumb Code    98  uldiv.o(.text)
    __I$use$fp                               0x0800422b   Thumb Code     0  iusefp.o(.text)
    __aeabi_dadd                             0x0800422b   Thumb Code   322  dadd.o(.text)
    __aeabi_dsub                             0x0800436d   Thumb Code     6  dadd.o(.text)
    __aeabi_drsub                            0x08004373   Thumb Code     6  dadd.o(.text)
    __aeabi_ddiv                             0x08004379   Thumb Code   222  ddiv.o(.text)
    __scatterload                            0x08004459   Thumb Code    38  init.o(.text)
    __scatterload_rt2                        0x08004459   Thumb Code     0  init.o(.text)
    __aeabi_llsl                             0x08004489   Thumb Code    30  llshl.o(.text)
    _ll_shift_l                              0x08004489   Thumb Code     0  llshl.o(.text)
    __aeabi_llsr                             0x080044a7   Thumb Code    32  llushr.o(.text)
    _ll_ushift_r                             0x080044a7   Thumb Code     0  llushr.o(.text)
    __aeabi_lasr                             0x080044c7   Thumb Code    36  llsshr.o(.text)
    _ll_sshift_r                             0x080044c7   Thumb Code     0  llsshr.o(.text)
    _double_round                            0x080044eb   Thumb Code    30  depilogue.o(.text)
    _double_epilogue                         0x08004509   Thumb Code   156  depilogue.o(.text)
    __aeabi_memset                           0x080045a5   Thumb Code    14  memseta.o(.text)
    __aeabi_memset4                          0x080045a5   Thumb Code     0  memseta.o(.text)
    __aeabi_memset8                          0x080045a5   Thumb Code     0  memseta.o(.text)
    __aeabi_memclr                           0x080045b3   Thumb Code     4  memseta.o(.text)
    __aeabi_memclr4                          0x080045b3   Thumb Code     0  memseta.o(.text)
    __aeabi_memclr8                          0x080045b3   Thumb Code     0  memseta.o(.text)
    _memset$wrapper                          0x080045b7   Thumb Code    18  memseta.o(.text)
    __cpp_initialize__aeabi_                 0x080045c9   Thumb Code    32  cpp_init.o(.text)
    __aeabi_fadd                             0x080045f1   Thumb Code   164  fadd.o(.text)
    __aeabi_fsub                             0x08004695   Thumb Code     6  fadd.o(.text)
    __aeabi_frsub                            0x0800469b   Thumb Code     6  fadd.o(.text)
    __aeabi_fmul                             0x080046a1   Thumb Code   100  fmul.o(.text)
    __aeabi_fdiv                             0x08004705   Thumb Code   124  fdiv.o(.text)
    __aeabi_fcmple                           0x08004781   Thumb Code    28  fcmple.o(.text)
    __aeabi_fcmplt                           0x0800479d   Thumb Code    28  fcmplt.o(.text)
    __aeabi_fcmpge                           0x080047b9   Thumb Code    28  fcmpge.o(.text)
    __aeabi_fcmpgt                           0x080047d5   Thumb Code    28  fcmpgt.o(.text)
    __aeabi_fcmpeq                           0x080047f1   Thumb Code    28  fcmpeq.o(.text)
    __aeabi_i2f                              0x0800480d   Thumb Code    18  fflti.o(.text)
    __aeabi_ui2f                             0x0800481f   Thumb Code    10  ffltui.o(.text)
    __aeabi_f2iz                             0x08004829   Thumb Code    50  ffixi.o(.text)
    __aeabi_f2uiz                            0x0800485b   Thumb Code    40  ffixui.o(.text)
    __aeabi_d2iz                             0x08004883   Thumb Code    62  dfixi.o(.text)
    __aeabi_f2d                              0x080048c1   Thumb Code    38  f2d.o(.text)
    __aeabi_d2f                              0x080048e7   Thumb Code    56  d2f.o(.text)
    _float_round                             0x0800491f   Thumb Code    18  fepilogue.o(.text)
    _float_epilogue                          0x08004931   Thumb Code    92  fepilogue.o(.text)
    BusFault_Handler                         0x08004a51   Thumb Code     4  lto-llvm-da5681.o(.text.BusFault_Handler)
    DebugMon_Handler                         0x08004a55   Thumb Code     2  lto-llvm-da5681.o(.text.DebugMon_Handler)
    HardFault_Handler                        0x080056f5   Thumb Code     4  lto-llvm-da5681.o(.text.HardFault_Handler)
    MemManage_Handler                        0x080074a1   Thumb Code     4  lto-llvm-da5681.o(.text.MemManage_Handler)
    NMI_Handler                              0x080074a5   Thumb Code     2  lto-llvm-da5681.o(.text.NMI_Handler)
    PendSV_Handler                           0x080076b1   Thumb Code     2  lto-llvm-da5681.o(.text.PendSV_Handler)
    SVC_Handler                              0x080077b5   Thumb Code     2  lto-llvm-da5681.o(.text.SVC_Handler)
    $Super$$SysTick_Handler                  0x080077b9   Thumb Code   258  lto-llvm-da5681.o(.text.SysTick_Handler)
    SystemInit                               0x080078bd   Thumb Code   210  lto-llvm-da5681.o(.text.SystemInit)
    USART1_IRQHandler                        0x08007d95   Thumb Code   158  lto-llvm-da5681.o(.text.USART1_IRQHandler)
    UsageFault_Handler                       0x08007ec5   Thumb Code     4  lto-llvm-da5681.o(.text.UsageFault_Handler)
    main                                     0x0800b43d   Thumb Code   346  lto-llvm-da5681.o(.text.main)
    perfc_port_insert_to_system_timer_insert_ovf_handler 0x0800bc9d   Thumb Code   244  lto-llvm-da5681.o(.text.perfc_port_insert_to_system_timer_insert_ovf_handler)
    __scatterload_copy                       0x0800fdc9   Thumb Code    14  handlers.o(i.__scatterload_copy)
    __scatterload_null                       0x0800fdd7   Thumb Code     2  handlers.o(i.__scatterload_null)
    __scatterload_zeroinit                   0x0800fdd9   Thumb Code    14  handlers.o(i.__scatterload_zeroinit)
    EventRecorderInfo                        0x0800fde8   Data          24  lto-llvm-da5681.o(.rodata.EventRecorderInfo)
    Region$$Table$$Base                      0x0801c474   Number         0  anon$$obj.o(Region$$Table)
    Region$$Table$$Limit                     0x0801c494   Number         0  anon$$obj.o(Region$$Table)
    SHT$$INIT_ARRAY$$Base                    0x0801c494   Number         0  lto-llvm-da5681.o(.init_array)
    SHT$$INIT_ARRAY$$Limit                   0x0801c498   Number         0  cpp_init.o(.init_array)
    __initial_sp                             0x200028b0   Data           0  startup_at32f415.o(STACK)



==============================================================================

Memory Map of the image

  Image Entry point : 0x08004171

  Load Region LR_IROM1 (Base: 0x08004000, Size: 0x00018580, Max: 0x00040000, ABSOLUTE)

    Execution Region ER_IROM1 (Exec base: 0x08004000, Load base: 0x08004000, Size: 0x00018498, Max: 0x00040000, ABSOLUTE)

    Exec Addr    Load Addr    Size         Type   Attr      Idx    E Section Name        Object

    0x08004000   0x08004000   0x00000170   Data   RO           30    RESET               startup_at32f415.o
    0x08004170   0x08004170   0x00000000   Code   RO           69  * .ARM.Collect$$$$00000000  mc_w.l(entry.o)
    0x08004170   0x08004170   0x00000004   Code   RO          107    .ARM.Collect$$$$00000001  mc_w.l(entry2.o)
    0x08004174   0x08004174   0x00000004   Code   RO          110    .ARM.Collect$$$$00000004  mc_w.l(entry5.o)
    0x08004178   0x08004178   0x00000000   Code   RO          112    .ARM.Collect$$$$00000008  mc_w.l(entry7b.o)
    0x08004178   0x08004178   0x00000004   Code   RO          113    .ARM.Collect$$$$00000009  mc_w.l(entry8a.o)
    0x0800417c   0x0800417c   0x00000000   Code   RO          114    .ARM.Collect$$$$0000000A  mc_w.l(entry8b.o)
    0x0800417c   0x0800417c   0x00000008   Code   RO          115    .ARM.Collect$$$$0000000B  mc_w.l(entry9a.o)
    0x08004184   0x08004184   0x00000000   Code   RO          117    .ARM.Collect$$$$0000000D  mc_w.l(entry10a.o)
    0x08004184   0x08004184   0x00000000   Code   RO          119    .ARM.Collect$$$$0000000F  mc_w.l(entry11a.o)
    0x08004184   0x08004184   0x00000004   Code   RO          108    .ARM.Collect$$$$00002712  mc_w.l(entry2.o)
    0x08004188   0x08004188   0x00000024   Code   RO           31    .text               startup_at32f415.o
    0x080041ac   0x080041ac   0x0000001c   Code   RO           64    .text               systick_wrapper_gnu.o
    0x080041c8   0x080041c8   0x00000062   Code   RO          133    .text               mc_w.l(uldiv.o)
    0x0800422a   0x0800422a   0x00000000   Code   RO          135    .text               mc_w.l(iusefp.o)
    0x0800422a   0x0800422a   0x0000014e   Code   RO          136    .text               mf_w.l(dadd.o)
    0x08004378   0x08004378   0x000000de   Code   RO          140    .text               mf_w.l(ddiv.o)
    0x08004456   0x08004456   0x00000002   PAD
    0x08004458   0x08004458   0x00000030   Code   RO          146    .text               mc_w.l(init.o)
    0x08004488   0x08004488   0x0000001e   Code   RO          148    .text               mc_w.l(llshl.o)
    0x080044a6   0x080044a6   0x00000020   Code   RO          150    .text               mc_w.l(llushr.o)
    0x080044c6   0x080044c6   0x00000024   Code   RO          152    .text               mc_w.l(llsshr.o)
    0x080044ea   0x080044ea   0x000000ba   Code   RO          154    .text               mf_w.l(depilogue.o)
    0x080045a4   0x080045a4   0x00000024   Code   RO          799    .text               mc_w.l(memseta.o)
    0x080045c8   0x080045c8   0x00000028   Code   RO          804    .text               mc_w.l(cpp_init.o)
    0x080045f0   0x080045f0   0x000000b0   Code   RO          806    .text               mf_w.l(fadd.o)
    0x080046a0   0x080046a0   0x00000064   Code   RO          808    .text               mf_w.l(fmul.o)
    0x08004704   0x08004704   0x0000007c   Code   RO          810    .text               mf_w.l(fdiv.o)
    0x08004780   0x08004780   0x0000001c   Code   RO          812    .text               mf_w.l(fcmple.o)
    0x0800479c   0x0800479c   0x0000001c   Code   RO          814    .text               mf_w.l(fcmplt.o)
    0x080047b8   0x080047b8   0x0000001c   Code   RO          816    .text               mf_w.l(fcmpge.o)
    0x080047d4   0x080047d4   0x0000001c   Code   RO          818    .text               mf_w.l(fcmpgt.o)
    0x080047f0   0x080047f0   0x0000001c   Code   RO          820    .text               mf_w.l(fcmpeq.o)
    0x0800480c   0x0800480c   0x00000012   Code   RO          822    .text               mf_w.l(fflti.o)
    0x0800481e   0x0800481e   0x0000000a   Code   RO          824    .text               mf_w.l(ffltui.o)
    0x08004828   0x08004828   0x00000032   Code   RO          826    .text               mf_w.l(ffixi.o)
    0x0800485a   0x0800485a   0x00000028   Code   RO          828    .text               mf_w.l(ffixui.o)
    0x08004882   0x08004882   0x0000003e   Code   RO          830    .text               mf_w.l(dfixi.o)
    0x080048c0   0x080048c0   0x00000026   Code   RO          832    .text               mf_w.l(f2d.o)
    0x080048e6   0x080048e6   0x00000038   Code   RO          834    .text               mf_w.l(d2f.o)
    0x0800491e   0x0800491e   0x0000006e   Code   RO          840    .text               mf_w.l(fepilogue.o)
    0x0800498c   0x0800498c   0x00000034   Code   RO          573    .text.BSP_UsartInit  lto-llvm-da5681.o
    0x080049c0   0x080049c0   0x0000008e   Code   RO          557    .text.BeepProc      lto-llvm-da5681.o
    0x08004a4e   0x08004a4e   0x00000002   PAD
    0x08004a50   0x08004a50   0x00000004   Code   RO          189    .text.BusFault_Handler  lto-llvm-da5681.o
    0x08004a54   0x08004a54   0x00000002   Code   RO          195    .text.DebugMon_Handler  lto-llvm-da5681.o
    0x08004a56   0x08004a56   0x00000002   PAD
    0x08004a58   0x08004a58   0x00000108   Code   RO          607    .text.DrawProgressBar  lto-llvm-da5681.o
    0x08004b60   0x08004b60   0x00000092   Code   RO          639    .text.EventGetTS    lto-llvm-da5681.o
    0x08004bf2   0x08004bf2   0x00000002   PAD
    0x08004bf4   0x08004bf4   0x000000ee   Code   RO          641    .text.EventRecordItem  lto-llvm-da5681.o
    0x08004ce2   0x08004ce2   0x00000002   PAD
    0x08004ce4   0x08004ce4   0x00000090   Code   RO          637    .text.EventRecorderEnable  lto-llvm-da5681.o
    0x08004d74   0x08004d74   0x000001a2   Code   RO          633    .text.EventRecorderInitialize  lto-llvm-da5681.o
    0x08004f16   0x08004f16   0x00000002   PAD
    0x08004f18   0x08004f18   0x00000044   Code   RO          643    .text.EventRecorderStart  lto-llvm-da5681.o
    0x08004f5c   0x08004f5c   0x00000008   Code   RO          673    .text.EventRecorderTimerGetCount  lto-llvm-da5681.o
    0x08004f64   0x08004f64   0x0000000c   Code   RO          671    .text.EventRecorderTimerGetFreq  lto-llvm-da5681.o
    0x08004f70   0x08004f70   0x00000168   Code   RO          479    .text.FWS2_Init     lto-llvm-da5681.o
    0x080050d8   0x080050d8   0x00000606   Code   RO          469    .text.FlashProc     lto-llvm-da5681.o
    0x080056de   0x080056de   0x00000002   PAD
    0x080056e0   0x080056e0   0x00000012   Code   RO          645    .text.GetRecordIndex  lto-llvm-da5681.o
    0x080056f2   0x080056f2   0x00000002   PAD
    0x080056f4   0x080056f4   0x00000004   Code   RO          185    .text.HardFault_Handler  lto-llvm-da5681.o
    0x080056f8   0x080056f8   0x00000012   Code   RO          653    .text.IncrementRecordsDumped  lto-llvm-da5681.o
    0x0800570a   0x0800570a   0x00000002   PAD
    0x0800570c   0x0800570c   0x00000012   Code   RO          651    .text.IncrementRecordsWritten  lto-llvm-da5681.o
    0x0800571e   0x0800571e   0x00000002   PAD
    0x08005720   0x08005720   0x00000fc0   Code   RO          483    .text.KeyProc       lto-llvm-da5681.o
    0x080066e0   0x080066e0   0x0000004a   Code   RO          623    .text.LCD_Address_Set  lto-llvm-da5681.o
    0x0800672a   0x0800672a   0x00000002   PAD
    0x0800672c   0x0800672c   0x00000022   Code   RO          591    .text.LCD_Clear     lto-llvm-da5681.o
    0x0800674e   0x0800674e   0x00000002   PAD
    0x08006750   0x08006750   0x00000130   Code   RO          595    .text.LCD_DrawLine  lto-llvm-da5681.o
    0x08006880   0x08006880   0x0000002c   Code   RO          593    .text.LCD_DrawPoint  lto-llvm-da5681.o
    0x080068ac   0x080068ac   0x000000b8   Code   RO          589    .text.LCD_Fill      lto-llvm-da5681.o
    0x08006964   0x08006964   0x0000019c   Code   RO          625    .text.LCD_Init      lto-llvm-da5681.o
    0x08006b00   0x08006b00   0x000002a8   Code   RO          597    .text.LCD_ShowChar  lto-llvm-da5681.o
    0x08006da8   0x08006da8   0x0000012c   Code   RO          603    .text.LCD_ShowIntNum  lto-llvm-da5681.o
    0x08006ed4   0x08006ed4   0x00000078   Code   RO          599    .text.LCD_ShowString  lto-llvm-da5681.o
    0x08006f4c   0x08006f4c   0x000001de   Code   RO          613    .text.LCD_Show_Curve  lto-llvm-da5681.o
    0x0800712a   0x0800712a   0x00000002   PAD
    0x0800712c   0x0800712c   0x0000024a   Code   RO          611    .text.LCD_Show_Grid  lto-llvm-da5681.o
    0x08007376   0x08007376   0x00000002   PAD
    0x08007378   0x08007378   0x0000002a   Code   RO          619    .text.LCD_WR_DATA   lto-llvm-da5681.o
    0x080073a2   0x080073a2   0x00000002   PAD
    0x080073a4   0x080073a4   0x00000014   Code   RO          617    .text.LCD_WR_DATA8  lto-llvm-da5681.o
    0x080073b8   0x080073b8   0x0000002c   Code   RO          621    .text.LCD_WR_REG    lto-llvm-da5681.o
    0x080073e4   0x080073e4   0x0000002c   Code   RO          615    .text.LCD_Write_Bus  lto-llvm-da5681.o
    0x08007410   0x08007410   0x0000008e   Code   RO          647    .text.LockRecord    lto-llvm-da5681.o
    0x0800749e   0x0800749e   0x00000002   PAD
    0x080074a0   0x080074a0   0x00000004   Code   RO          187    .text.MemManage_Handler  lto-llvm-da5681.o
    0x080074a4   0x080074a4   0x00000002   Code   RO          183    .text.NMI_Handler   lto-llvm-da5681.o
    0x080074a6   0x080074a6   0x00000002   PAD
    0x080074a8   0x080074a8   0x00000064   Code   RO          179    .text.NVIC_EncodePriority  lto-llvm-da5681.o
    0x0800750c   0x0800750c   0x00000062   Code   RO          333    .text.NVIC_EncodePriority.104  lto-llvm-da5681.o
    0x0800756e   0x0800756e   0x00000002   PAD
    0x08007570   0x08007570   0x0000000e   Code   RO          531    .text.PID_Clear_I   lto-llvm-da5681.o
    0x0800757e   0x0800757e   0x00000002   PAD
    0x08007580   0x08007580   0x00000046   Code   RO          529    .text.PID_Init      lto-llvm-da5681.o
    0x080075c6   0x080075c6   0x00000002   PAD
    0x080075c8   0x080075c8   0x000000e8   Code   RO          527    .text.PID_Position_Calc  lto-llvm-da5681.o
    0x080076b0   0x080076b0   0x00000002   Code   RO          197    .text.PendSV_Handler  lto-llvm-da5681.o
    0x080076b2   0x080076b2   0x00000002   PAD
    0x080076b4   0x080076b4   0x00000100   Code   RO          515    .text.RecvDataFromPC  lto-llvm-da5681.o
    0x080077b4   0x080077b4   0x00000002   Code   RO          193    .text.SVC_Handler   lto-llvm-da5681.o
    0x080077b6   0x080077b6   0x00000002   PAD
    0x080077b8   0x080077b8   0x00000102   Code   RO          199    .text.SysTick_Handler  lto-llvm-da5681.o
    0x080078ba   0x080078ba   0x00000002   PAD
    0x080078bc   0x080078bc   0x000000d2   Code   RO          433    .text.SystemInit    lto-llvm-da5681.o
    0x0800798e   0x0800798e   0x00000002   PAD
    0x08007990   0x08007990   0x00000404   Code   RO          605    .text.TranferPicturetoTFT_LCD  lto-llvm-da5681.o
    0x08007d94   0x08007d94   0x0000009e   Code   RO          581    .text.USART1_IRQHandler  lto-llvm-da5681.o
    0x08007e32   0x08007e32   0x00000002   PAD
    0x08007e34   0x08007e34   0x0000005e   Code   RO          579    .text.USART1_TimeOutCounter  lto-llvm-da5681.o
    0x08007e92   0x08007e92   0x00000002   PAD
    0x08007e94   0x08007e94   0x00000030   Code   RO          649    .text.UnlockRecord  lto-llvm-da5681.o
    0x08007ec4   0x08007ec4   0x00000004   Code   RO          191    .text.UsageFault_Handler  lto-llvm-da5681.o
    0x08007ec8   0x08007ec8   0x00000140   Code   RO          517    .text.WriteDataToPC  lto-llvm-da5681.o
    0x08008008   0x08008008   0x00000032   Code   RO          337    .text.__NVIC_EnableIRQ  lto-llvm-da5681.o
    0x0800803a   0x0800803a   0x00000002   PAD
    0x0800803c   0x0800803c   0x00000010   Code   RO          177    .text.__NVIC_GetPriorityGrouping  lto-llvm-da5681.o
    0x0800804c   0x0800804c   0x00000010   Code   RO          331    .text.__NVIC_GetPriorityGrouping.103  lto-llvm-da5681.o
    0x0800805c   0x0800805c   0x00000042   Code   RO          181    .text.__NVIC_SetPriority  lto-llvm-da5681.o
    0x0800809e   0x0800809e   0x00000002   PAD
    0x080080a0   0x080080a0   0x00000042   Code   RO          335    .text.__NVIC_SetPriority.105  lto-llvm-da5681.o
    0x080080e2   0x080080e2   0x00000002   PAD
    0x080080e4   0x080080e4   0x0000003c   Code   RO          341    .text.__NVIC_SetPriorityGrouping  lto-llvm-da5681.o
    0x08008120   0x08008120   0x00000026   Code   RO          327    .text.__NVIC_SystemReset  lto-llvm-da5681.o
    0x08008146   0x08008146   0x00000002   PAD
    0x08008148   0x08008148   0x000000d6   Code   RO          659    .text.__perf_counter_init  lto-llvm-da5681.o
    0x0800821e   0x0800821e   0x00000002   PAD
    0x08008220   0x08008220   0x0000003a   Code   RO          525    .text.abs_limit     lto-llvm-da5681.o
    0x0800825a   0x0800825a   0x00000002   PAD
    0x0800825c   0x0800825c   0x0000006c   Code   RO          237    .text.adc_base_config  lto-llvm-da5681.o
    0x080082c8   0x080082c8   0x0000001c   Code   RO          235    .text.adc_base_default_para_init  lto-llvm-da5681.o
    0x080082e4   0x080082e4   0x0000001a   Code   RO          239    .text.adc_calibration_init  lto-llvm-da5681.o
    0x080082fe   0x080082fe   0x00000002   PAD
    0x08008300   0x08008300   0x00000030   Code   RO          241    .text.adc_calibration_init_status_get  lto-llvm-da5681.o
    0x08008330   0x08008330   0x0000001a   Code   RO          243    .text.adc_calibration_start  lto-llvm-da5681.o
    0x0800834a   0x0800834a   0x00000002   PAD
    0x0800834c   0x0800834c   0x00000030   Code   RO          245    .text.adc_calibration_status_get  lto-llvm-da5681.o
    0x0800837c   0x0800837c   0x00000024   Code   RO          233    .text.adc_enable    lto-llvm-da5681.o
    0x080083a0   0x080083a0   0x0000003e   Code   RO          257    .text.adc_flag_get  lto-llvm-da5681.o
    0x080083de   0x080083de   0x00000002   PAD
    0x080083e0   0x080083e0   0x00000166   Code   RO          247    .text.adc_ordinary_channel_set  lto-llvm-da5681.o
    0x08008546   0x08008546   0x00000002   PAD
    0x08008548   0x08008548   0x00000016   Code   RO          255    .text.adc_ordinary_conversion_data_get  lto-llvm-da5681.o
    0x0800855e   0x0800855e   0x00000002   PAD
    0x08008560   0x08008560   0x00000080   Code   RO          249    .text.adc_ordinary_conversion_trigger_set  lto-llvm-da5681.o
    0x080085e0   0x080085e0   0x0000002c   Code   RO          251    .text.adc_ordinary_part_mode_enable  lto-llvm-da5681.o
    0x0800860c   0x0800860c   0x0000002c   Code   RO          253    .text.adc_ordinary_software_trigger_enable  lto-llvm-da5681.o
    0x08008638   0x08008638   0x0000006e   Code   RO          657    .text.atomic_cmp_xch_32  lto-llvm-da5681.o
    0x080086a6   0x080086a6   0x00000002   PAD
    0x080086a8   0x080086a8   0x0000002a   Code   RO          655    .text.atomic_inc_32  lto-llvm-da5681.o
    0x080086d2   0x080086d2   0x00000002   PAD
    0x080086d4   0x080086d4   0x0000002a   Code   RO          437    .text.beep_handle   lto-llvm-da5681.o
    0x080086fe   0x080086fe   0x00000002   PAD
    0x08008700   0x08008700   0x00000014   Code   RO          555    .text.beep_off      lto-llvm-da5681.o
    0x08008714   0x08008714   0x00000014   Code   RO          553    .text.beep_on       lto-llvm-da5681.o
    0x08008728   0x08008728   0x000002c0   Code   RO          477    .text.check_data_all  lto-llvm-da5681.o
    0x080089e8   0x080089e8   0x0000012e   Code   RO          505    .text.check_error_state  lto-llvm-da5681.o
    0x08008b16   0x08008b16   0x00000002   PAD
    0x08008b18   0x08008b18   0x00000148   Code   RO          503    .text.check_handle  lto-llvm-da5681.o
    0x08008c60   0x08008c60   0x000000e2   Code   RO          583    .text.convert_data  lto-llvm-da5681.o
    0x08008d42   0x08008d42   0x00000002   PAD
    0x08008d44   0x08008d44   0x0000008c   Code   RO          635    .text.crc16_ccitt   lto-llvm-da5681.o
    0x08008dd0   0x08008dd0   0x00000044   Code   RO          421    .text.crc_block_calculate  lto-llvm-da5681.o
    0x08008e14   0x08008e14   0x00000012   Code   RO          419    .text.crc_data_reset  lto-llvm-da5681.o
    0x08008e26   0x08008e26   0x00000002   PAD
    0x08008e28   0x08008e28   0x00000018   Code   RO          423    .text.crc_init_data_set  lto-llvm-da5681.o
    0x08008e40   0x08008e40   0x00000028   Code   RO          431    .text.crc_poly_size_set  lto-llvm-da5681.o
    0x08008e68   0x08008e68   0x0000001c   Code   RO          429    .text.crc_poly_value_set  lto-llvm-da5681.o
    0x08008e84   0x08008e84   0x00000028   Code   RO          425    .text.crc_reverse_input_data_set  lto-llvm-da5681.o
    0x08008eac   0x08008eac   0x00000028   Code   RO          427    .text.crc_reverse_output_data_set  lto-llvm-da5681.o
    0x08008ed4   0x08008ed4   0x00000036   Code   RO          275    .text.crm_adc_clock_div_set  lto-llvm-da5681.o
    0x08008f0a   0x08008f0a   0x00000002   PAD
    0x08008f0c   0x08008f0c   0x00000028   Code   RO          269    .text.crm_ahb_div_set  lto-llvm-da5681.o
    0x08008f34   0x08008f34   0x00000028   Code   RO          271    .text.crm_apb1_div_set  lto-llvm-da5681.o
    0x08008f5c   0x08008f5c   0x00000028   Code   RO          273    .text.crm_apb2_div_set  lto-llvm-da5681.o
    0x08008f84   0x08008f84   0x00000038   Code   RO          285    .text.crm_auto_step_mode_enable  lto-llvm-da5681.o
    0x08008fbc   0x08008fbc   0x000000a2   Code   RO          267    .text.crm_clock_source_enable  lto-llvm-da5681.o
    0x0800905e   0x0800905e   0x00000002   PAD
    0x08009060   0x08009060   0x00000262   Code   RO          283    .text.crm_clocks_freq_get  lto-llvm-da5681.o
    0x080092c2   0x080092c2   0x00000002   PAD
    0x080092c4   0x080092c4   0x0000003e   Code   RO          261    .text.crm_flag_get  lto-llvm-da5681.o
    0x08009302   0x08009302   0x00000002   PAD
    0x08009304   0x08009304   0x0000005c   Code   RO          263    .text.crm_hext_stable_wait  lto-llvm-da5681.o
    0x08009360   0x08009360   0x00000056   Code   RO          265    .text.crm_periph_clock_enable  lto-llvm-da5681.o
    0x080093b6   0x080093b6   0x00000002   PAD
    0x080093b8   0x080093b8   0x000000ca   Code   RO          277    .text.crm_pll_config2  lto-llvm-da5681.o
    0x08009482   0x08009482   0x00000002   PAD
    0x08009484   0x08009484   0x0000009c   Code   RO          259    .text.crm_reset     lto-llvm-da5681.o
    0x08009520   0x08009520   0x00000048   Code   RO          279    .text.crm_sysclk_switch  lto-llvm-da5681.o
    0x08009568   0x08009568   0x00000010   Code   RO          281    .text.crm_sysclk_switch_status_get  lto-llvm-da5681.o
    0x08009578   0x08009578   0x0000005a   Code   RO          467    .text.data_check_len  lto-llvm-da5681.o
    0x080095d2   0x080095d2   0x00000002   PAD
    0x080095d4   0x080095d4   0x0000004e   Code   RO          669    .text.delay_ms      lto-llvm-da5681.o
    0x08009622   0x08009622   0x00000002   PAD
    0x08009624   0x08009624   0x0000004a   Code   RO          667    .text.delay_us      lto-llvm-da5681.o
    0x0800966e   0x0800966e   0x00000002   PAD
    0x08009670   0x08009670   0x00000008   Code   RO          165    .text.disp_task     lto-llvm-da5681.o
    0x08009678   0x08009678   0x0000006a   Code   RO          439    .text.display_handle  lto-llvm-da5681.o
    0x080096e2   0x080096e2   0x00000002   PAD
    0x080096e4   0x080096e4   0x0000001a   Code   RO          289    .text.dma_channel_enable  lto-llvm-da5681.o
    0x080096fe   0x080096fe   0x00000002   PAD
    0x08009700   0x08009700   0x00000032   Code   RO          295    .text.dma_default_para_init  lto-llvm-da5681.o
    0x08009732   0x08009732   0x00000002   PAD
    0x08009734   0x08009734   0x00000030   Code   RO          293    .text.dma_flag_clear  lto-llvm-da5681.o
    0x08009764   0x08009764   0x00000052   Code   RO          291    .text.dma_flag_get  lto-llvm-da5681.o
    0x080097b6   0x080097b6   0x00000002   PAD
    0x080097b8   0x080097b8   0x000000be   Code   RO          297    .text.dma_init      lto-llvm-da5681.o
    0x08009876   0x08009876   0x00000002   PAD
    0x08009878   0x08009878   0x000000a6   Code   RO          287    .text.dma_reset     lto-llvm-da5681.o
    0x0800991e   0x0800991e   0x00000002   PAD
    0x08009920   0x08009920   0x00000024   Code   RO          159    .text.feed_dog_task  lto-llvm-da5681.o
    0x08009944   0x08009944   0x0000006e   Code   RO          519    .text.filter_init   lto-llvm-da5681.o
    0x080099b2   0x080099b2   0x00000002   PAD
    0x080099b4   0x080099b4   0x00000040   Code   RO          311    .text.flash_halfword_program  lto-llvm-da5681.o
    0x080099f4   0x080099f4   0x00000012   Code   RO          305    .text.flash_lock    lto-llvm-da5681.o
    0x08009a06   0x08009a06   0x00000002   PAD
    0x08009a08   0x08009a08   0x00000068   Code   RO          299    .text.flash_operation_status_get  lto-llvm-da5681.o
    0x08009a70   0x08009a70   0x00000056   Code   RO          301    .text.flash_operation_wait_for  lto-llvm-da5681.o
    0x08009ac6   0x08009ac6   0x00000002   PAD
    0x08009ac8   0x08009ac8   0x00000032   Code   RO          559    .text.flash_read_halfword  lto-llvm-da5681.o
    0x08009afa   0x08009afa   0x00000002   PAD
    0x08009afc   0x08009afc   0x00000048   Code   RO          307    .text.flash_sector_erase  lto-llvm-da5681.o
    0x08009b44   0x08009b44   0x00000008   Code   RO          163    .text.flash_task    lto-llvm-da5681.o
    0x08009b4c   0x08009b4c   0x0000001e   Code   RO          303    .text.flash_unlock  lto-llvm-da5681.o
    0x08009b6a   0x08009b6a   0x00000002   PAD
    0x08009b6c   0x08009b6c   0x0000004c   Code   RO          309    .text.flash_word_program  lto-llvm-da5681.o
    0x08009bb8   0x08009bb8   0x0000002a   Code   RO          521    .text.get_adcval    lto-llvm-da5681.o
    0x08009be2   0x08009be2   0x00000002   PAD
    0x08009be4   0x08009be4   0x000000be   Code   RO          471    .text.get_data_from_a  lto-llvm-da5681.o
    0x08009ca2   0x08009ca2   0x00000002   PAD
    0x08009ca4   0x08009ca4   0x000000be   Code   RO          473    .text.get_data_from_b  lto-llvm-da5681.o
    0x08009d62   0x08009d62   0x00000002   PAD
    0x08009d64   0x08009d64   0x0000002e   Code   RO          489    .text.get_key_ch1   lto-llvm-da5681.o
    0x08009d92   0x08009d92   0x00000002   PAD
    0x08009d94   0x08009d94   0x00000030   Code   RO          493    .text.get_key_ch2   lto-llvm-da5681.o
    0x08009dc4   0x08009dc4   0x0000002e   Code   RO          487    .text.get_key_ch3   lto-llvm-da5681.o
    0x08009df2   0x08009df2   0x00000002   PAD
    0x08009df4   0x08009df4   0x00000030   Code   RO          485    .text.get_key_down  lto-llvm-da5681.o
    0x08009e24   0x08009e24   0x0000002e   Code   RO          491    .text.get_key_set   lto-llvm-da5681.o
    0x08009e52   0x08009e52   0x00000002   PAD
    0x08009e54   0x08009e54   0x00000030   Code   RO          495    .text.get_key_up    lto-llvm-da5681.o
    0x08009e84   0x08009e84   0x00000042   Code   RO          475    .text.get_reset_data  lto-llvm-da5681.o
    0x08009ec6   0x08009ec6   0x00000002   PAD
    0x08009ec8   0x08009ec8   0x00000076   Code   RO          661    .text.get_system_ticks  lto-llvm-da5681.o
    0x08009f3e   0x08009f3e   0x00000002   PAD
    0x08009f40   0x08009f40   0x00000014   Code   RO          321    .text.gpio_bits_reset  lto-llvm-da5681.o
    0x08009f54   0x08009f54   0x00000014   Code   RO          319    .text.gpio_bits_set  lto-llvm-da5681.o
    0x08009f68   0x08009f68   0x00000026   Code   RO          315    .text.gpio_default_para_init  lto-llvm-da5681.o
    0x08009f8e   0x08009f8e   0x00000002   PAD
    0x08009f90   0x08009f90   0x00000144   Code   RO          313    .text.gpio_init     lto-llvm-da5681.o
    0x0800a0d4   0x0800a0d4   0x00000036   Code   RO          317    .text.gpio_input_data_bit_read  lto-llvm-da5681.o
    0x0800a10a   0x0800a10a   0x00000002   PAD
    0x0800a10c   0x0800a10c   0x000000a2   Code   RO          323    .text.gpio_pin_remap_config  lto-llvm-da5681.o
    0x0800a1ae   0x0800a1ae   0x00000002   PAD
    0x0800a1b0   0x0800a1b0   0x00000038   Code   RO          481    .text.iap_command_handle  lto-llvm-da5681.o
    0x0800a1e8   0x0800a1e8   0x00000008   Code   RO          161    .text.iap_task      lto-llvm-da5681.o
    0x0800a1f0   0x0800a1f0   0x000000d6   Code   RO          665    .text.init_cycle_counter  lto-llvm-da5681.o
    0x0800a2c6   0x0800a2c6   0x00000002   PAD
    0x0800a2c8   0x0800a2c8   0x000000f6   Code   RO          561    .text.key_event_check  lto-llvm-da5681.o
    0x0800a3be   0x0800a3be   0x00000002   PAD
    0x0800a3c0   0x0800a3c0   0x00000ff0   Code   RO          499    .text.key_event_handle  lto-llvm-da5681.o
    0x0800b3b0   0x0800b3b0   0x0000008c   Code   RO          497    .text.key_handle    lto-llvm-da5681.o
    0x0800b43c   0x0800b43c   0x0000015a   Code   RO          157    .text.main          lto-llvm-da5681.o
    0x0800b596   0x0800b596   0x00000002   PAD
    0x0800b598   0x0800b598   0x00000096   Code   RO          523    .text.move_average_filter  lto-llvm-da5681.o
    0x0800b62e   0x0800b62e   0x00000002   PAD
    0x0800b630   0x0800b630   0x00000032   Code   RO          601    .text.mypow         lto-llvm-da5681.o
    0x0800b662   0x0800b662   0x00000002   PAD
    0x0800b664   0x0800b664   0x0000027c   Code   RO          455    .text.number_change  lto-llvm-da5681.o
    0x0800b8e0   0x0800b8e0   0x00000036   Code   RO          329    .text.nvic_irq_enable  lto-llvm-da5681.o
    0x0800b916   0x0800b916   0x00000002   PAD
    0x0800b918   0x0800b918   0x00000016   Code   RO          339    .text.nvic_priority_group_config  lto-llvm-da5681.o
    0x0800b92e   0x0800b92e   0x00000002   PAD
    0x0800b930   0x0800b930   0x00000004   Code   RO          325    .text.nvic_system_reset  lto-llvm-da5681.o
    0x0800b934   0x0800b934   0x0000002c   Code   RO          343    .text.nvic_vector_table_set  lto-llvm-da5681.o
    0x0800b960   0x0800b960   0x0000000c   Code   RO          501    .text.output_handle  lto-llvm-da5681.o
    0x0800b96c   0x0800b96c   0x00000008   Code   RO          169    .text.output_task   lto-llvm-da5681.o
    0x0800b974   0x0800b974   0x000002a2   Code   RO          461    .text.page_switch   lto-llvm-da5681.o
    0x0800bc16   0x0800bc16   0x00000002   PAD
    0x0800bc18   0x0800bc18   0x00000030   Code   RO          511    .text.pc_comm_handle  lto-llvm-da5681.o
    0x0800bc48   0x0800bc48   0x0000004a   Code   RO          513    .text.pc_event_handle  lto-llvm-da5681.o
    0x0800bc92   0x0800bc92   0x00000002   PAD
    0x0800bc94   0x0800bc94   0x00000008   Code   RO          167    .text.pc_task       lto-llvm-da5681.o
    0x0800bc9c   0x0800bc9c   0x000000f4   Code   RO          663    .text.perfc_port_insert_to_system_timer_insert_ovf_handler  lto-llvm-da5681.o
    0x0800bd90   0x0800bd90   0x000002c6   Code   RO          507    .text.pwm_control   lto-llvm-da5681.o
    0x0800c056   0x0800c056   0x00000002   PAD
    0x0800c058   0x0800c058   0x00000050   Code   RO          563    .text.queue_init    lto-llvm-da5681.o
    0x0800c0a8   0x0800c0a8   0x00000016   Code   RO          571    .text.queue_isEmpty  lto-llvm-da5681.o
    0x0800c0be   0x0800c0be   0x00000002   PAD
    0x0800c0c0   0x0800c0c0   0x00000022   Code   RO          567    .text.queue_isFull  lto-llvm-da5681.o
    0x0800c0e2   0x0800c0e2   0x00000002   PAD
    0x0800c0e4   0x0800c0e4   0x00000048   Code   RO          569    .text.queue_read    lto-llvm-da5681.o
    0x0800c12c   0x0800c12c   0x0000004a   Code   RO          565    .text.queue_write   lto-llvm-da5681.o
    0x0800c176   0x0800c176   0x00000002   PAD
    0x0800c178   0x0800c178   0x000004b4   Code   RO          445    .text.show_actual_temp  lto-llvm-da5681.o
    0x0800c62c   0x0800c62c   0x000000fc   Code   RO          449    .text.show_cal_temp  lto-llvm-da5681.o
    0x0800c728   0x0800c728   0x000002b6   Code   RO          457    .text.show_channel_state  lto-llvm-da5681.o
    0x0800c9de   0x0800c9de   0x00000002   PAD
    0x0800c9e0   0x0800c9e0   0x000001a4   Code   RO          459    .text.show_channel_value  lto-llvm-da5681.o
    0x0800cb84   0x0800cb84   0x00000100   Code   RO          453    .text.show_curve    lto-llvm-da5681.o
    0x0800cc84   0x0800cc84   0x00000746   Code   RO          463    .text.show_icon     lto-llvm-da5681.o
    0x0800d3ca   0x0800d3ca   0x00000002   PAD
    0x0800d3cc   0x0800d3cc   0x000001fe   Code   RO          465    .text.show_navigation_bar  lto-llvm-da5681.o
    0x0800d5ca   0x0800d5ca   0x00000002   PAD
    0x0800d5cc   0x0800d5cc   0x00000158   Code   RO          447    .text.show_power_bar  lto-llvm-da5681.o
    0x0800d724   0x0800d724   0x000003ea   Code   RO          443    .text.show_set_temp  lto-llvm-da5681.o
    0x0800db0e   0x0800db0e   0x00000002   PAD
    0x0800db10   0x0800db10   0x00000060   Code   RO          451    .text.show_sleep_time  lto-llvm-da5681.o
    0x0800db70   0x0800db70   0x000000cc   Code   RO          441    .text.show_type     lto-llvm-da5681.o
    0x0800dc3c   0x0800dc3c   0x000001ae   Code   RO          509    .text.sleep_control  lto-llvm-da5681.o
    0x0800ddea   0x0800ddea   0x00000002   PAD
    0x0800ddec   0x0800ddec   0x0000006a   Code   RO          549    .text.spi_byte_write  lto-llvm-da5681.o
    0x0800de56   0x0800de56   0x00000002   PAD
    0x0800de58   0x0800de58   0x00000118   Code   RO          551    .text.spi_bytes_read  lto-llvm-da5681.o
    0x0800df70   0x0800df70   0x0000002c   Code   RO          347    .text.spi_default_para_init  lto-llvm-da5681.o
    0x0800df9c   0x0800df9c   0x00000122   Code   RO          585    .text.spi_dma_write_halfwords  lto-llvm-da5681.o
    0x0800e0be   0x0800e0be   0x00000002   PAD
    0x0800e0c0   0x0800e0c0   0x00000024   Code   RO          353    .text.spi_enable    lto-llvm-da5681.o
    0x0800e0e4   0x0800e0e4   0x0000002a   Code   RO          351    .text.spi_frame_bit_num_set  lto-llvm-da5681.o
    0x0800e10e   0x0800e10e   0x00000002   PAD
    0x0800e110   0x0800e110   0x0000000e   Code   RO          361    .text.spi_i2s_data_receive  lto-llvm-da5681.o
    0x0800e11e   0x0800e11e   0x00000002   PAD
    0x0800e120   0x0800e120   0x00000014   Code   RO          359    .text.spi_i2s_data_transmit  lto-llvm-da5681.o
    0x0800e134   0x0800e134   0x0000001a   Code   RO          357    .text.spi_i2s_dma_receiver_enable  lto-llvm-da5681.o
    0x0800e14e   0x0800e14e   0x00000002   PAD
    0x0800e150   0x0800e150   0x00000022   Code   RO          355    .text.spi_i2s_dma_transmitter_enable  lto-llvm-da5681.o
    0x0800e172   0x0800e172   0x00000002   PAD
    0x0800e174   0x0800e174   0x00000030   Code   RO          363    .text.spi_i2s_flag_get  lto-llvm-da5681.o
    0x0800e1a4   0x0800e1a4   0x000001b6   Code   RO          349    .text.spi_init      lto-llvm-da5681.o
    0x0800e35a   0x0800e35a   0x00000002   PAD
    0x0800e35c   0x0800e35c   0x000000ae   Code   RO          587    .text.spi_write_read_byte  lto-llvm-da5681.o
    0x0800e40a   0x0800e40a   0x00000002   PAD
    0x0800e40c   0x0800e40c   0x00000054   Code   RO          547    .text.spiflash_read  lto-llvm-da5681.o
    0x0800e460   0x0800e460   0x00000228   Code   RO          435    .text.system_core_clock_update  lto-llvm-da5681.o
    0x0800e688   0x0800e688   0x0000003a   Code   RO          345    .text.systick_clock_source_config  lto-llvm-da5681.o
    0x0800e6c2   0x0800e6c2   0x00000002   PAD
    0x0800e6c4   0x0800e6c4   0x0000002c   Code   RO          367    .text.tmr_base_init  lto-llvm-da5681.o
    0x0800e6f0   0x0800e6f0   0x00000052   Code   RO          375    .text.tmr_channel_value_set  lto-llvm-da5681.o
    0x0800e742   0x0800e742   0x00000002   PAD
    0x0800e744   0x0800e744   0x00000028   Code   RO          369    .text.tmr_clock_source_div_set  lto-llvm-da5681.o
    0x0800e76c   0x0800e76c   0x00000028   Code   RO          371    .text.tmr_cnt_dir_set  lto-llvm-da5681.o
    0x0800e794   0x0800e794   0x00000020   Code   RO          365    .text.tmr_counter_enable  lto-llvm-da5681.o
    0x0800e7b4   0x0800e7b4   0x00000042   Code   RO          387    .text.tmr_interrupt_enable  lto-llvm-da5681.o
    0x0800e7f6   0x0800e7f6   0x00000002   PAD
    0x0800e7f8   0x0800e7f8   0x00000096   Code   RO          379    .text.tmr_output_channel_buffer_enable  lto-llvm-da5681.o
    0x0800e88e   0x0800e88e   0x00000002   PAD
    0x0800e890   0x0800e890   0x00000220   Code   RO          373    .text.tmr_output_channel_config  lto-llvm-da5681.o
    0x0800eab0   0x0800eab0   0x00000096   Code   RO          381    .text.tmr_output_channel_immediately_set  lto-llvm-da5681.o
    0x0800eb46   0x0800eb46   0x00000002   PAD
    0x0800eb48   0x0800eb48   0x00000028   Code   RO          377    .text.tmr_period_buffer_enable  lto-llvm-da5681.o
    0x0800eb70   0x0800eb70   0x00000028   Code   RO          383    .text.tmr_primary_mode_select  lto-llvm-da5681.o
    0x0800eb98   0x0800eb98   0x00000028   Code   RO          385    .text.tmr_sub_sync_mode_set  lto-llvm-da5681.o
    0x0800ebc0   0x0800ebc0   0x00000088   Code   RO          539    .text.tmt_create    lto-llvm-da5681.o
    0x0800ec48   0x0800ec48   0x0000012c   Code   RO          541    .text.tmt_delete    lto-llvm-da5681.o
    0x0800ed74   0x0800ed74   0x00000076   Code   RO          533    .text.tmt_init      lto-llvm-da5681.o
    0x0800edea   0x0800edea   0x00000002   PAD
    0x0800edec   0x0800edec   0x000000b2   Code   RO          535    .text.tmt_run       lto-llvm-da5681.o
    0x0800ee9e   0x0800ee9e   0x00000002   PAD
    0x0800eea0   0x0800eea0   0x00000086   Code   RO          545    .text.tmt_run_ctrl  lto-llvm-da5681.o
    0x0800ef26   0x0800ef26   0x00000002   PAD
    0x0800ef28   0x0800ef28   0x00000098   Code   RO          543    .text.tmt_time_ctrl  lto-llvm-da5681.o
    0x0800efc0   0x0800efc0   0x0000006a   Code   RO          537    .text.tmt_update_tick  lto-llvm-da5681.o
    0x0800f02a   0x0800f02a   0x00000002   PAD
    0x0800f02c   0x0800f02c   0x00000016   Code   RO          403    .text.usart_data_receive  lto-llvm-da5681.o
    0x0800f042   0x0800f042   0x00000002   PAD
    0x0800f044   0x0800f044   0x00000018   Code   RO          401    .text.usart_data_transmit  lto-llvm-da5681.o
    0x0800f05c   0x0800f05c   0x0000002c   Code   RO          393    .text.usart_enable  lto-llvm-da5681.o
    0x0800f088   0x0800f088   0x00000032   Code   RO          409    .text.usart_flag_clear  lto-llvm-da5681.o
    0x0800f0ba   0x0800f0ba   0x00000002   PAD
    0x0800f0bc   0x0800f0bc   0x00000032   Code   RO          407    .text.usart_flag_get  lto-llvm-da5681.o
    0x0800f0ee   0x0800f0ee   0x00000002   PAD
    0x0800f0f0   0x0800f0f0   0x0000009a   Code   RO          405    .text.usart_hardware_flow_control_set  lto-llvm-da5681.o
    0x0800f18a   0x0800f18a   0x00000002   PAD
    0x0800f18c   0x0800f18c   0x000000d4   Code   RO          389    .text.usart_init    lto-llvm-da5681.o
    0x0800f260   0x0800f260   0x00000054   Code   RO          399    .text.usart_interrupt_enable  lto-llvm-da5681.o
    0x0800f2b4   0x0800f2b4   0x00000078   Code   RO          391    .text.usart_parity_selection_config  lto-llvm-da5681.o
    0x0800f32c   0x0800f32c   0x000000e4   Code   RO          577    .text.usart_receiveData  lto-llvm-da5681.o
    0x0800f410   0x0800f410   0x0000002c   Code   RO          397    .text.usart_receiver_enable  lto-llvm-da5681.o
    0x0800f43c   0x0800f43c   0x00000110   Code   RO          575    .text.usart_sendData  lto-llvm-da5681.o
    0x0800f54c   0x0800f54c   0x0000002c   Code   RO          395    .text.usart_transmitter_enable  lto-llvm-da5681.o
    0x0800f578   0x0800f578   0x000000a4   Code   RO          609    .text.voltage_to_y  lto-llvm-da5681.o
    0x0800f61c   0x0800f61c   0x00000010   Code   RO          411    .text.wdt_counter_reload  lto-llvm-da5681.o
    0x0800f62c   0x0800f62c   0x00000020   Code   RO          415    .text.wdt_divider_set  lto-llvm-da5681.o
    0x0800f64c   0x0800f64c   0x00000032   Code   RO          417    .text.wdt_register_write_enable  lto-llvm-da5681.o
    0x0800f67e   0x0800f67e   0x00000002   PAD
    0x0800f680   0x0800f680   0x0000001a   Code   RO          413    .text.wdt_reload_value_set  lto-llvm-da5681.o
    0x0800f69a   0x0800f69a   0x00000002   PAD
    0x0800f69c   0x0800f69c   0x00000082   Code   RO          211    .text.wk_adc1_init  lto-llvm-da5681.o
    0x0800f71e   0x0800f71e   0x00000002   PAD
    0x0800f720   0x0800f720   0x0000001c   Code   RO          231    .text.wk_crc_init   lto-llvm-da5681.o
    0x0800f73c   0x0800f73c   0x00000008   Code   RO          213    .text.wk_debug_config  lto-llvm-da5681.o
    0x0800f744   0x0800f744   0x00000034   Code   RO          205    .text.wk_delay_ms   lto-llvm-da5681.o
    0x0800f778   0x0800f778   0x00000048   Code   RO          225    .text.wk_dma1_channel1_init  lto-llvm-da5681.o
    0x0800f7c0   0x0800f7c0   0x0000002c   Code   RO          227    .text.wk_dma_channel_config  lto-llvm-da5681.o
    0x0800f7ec   0x0800f7ec   0x000000f6   Code   RO          229    .text.wk_gpio_config  lto-llvm-da5681.o
    0x0800f8e2   0x0800f8e2   0x00000002   PAD
    0x0800f8e4   0x0800f8e4   0x00000098   Code   RO          175    .text.wk_nvic_config  lto-llvm-da5681.o
    0x0800f97c   0x0800f97c   0x00000080   Code   RO          173    .text.wk_periph_clock_config  lto-llvm-da5681.o
    0x0800f9fc   0x0800f9fc   0x000000bc   Code   RO          215    .text.wk_spi1_init  lto-llvm-da5681.o
    0x0800fab8   0x0800fab8   0x000000c2   Code   RO          217    .text.wk_spi2_init  lto-llvm-da5681.o
    0x0800fb7a   0x0800fb7a   0x00000002   PAD
    0x0800fb7c   0x0800fb7c   0x0000009e   Code   RO          171    .text.wk_system_clock_config  lto-llvm-da5681.o
    0x0800fc1a   0x0800fc1a   0x00000002   PAD
    0x0800fc1c   0x0800fc1c   0x0000000c   Code   RO          203    .text.wk_timebase_get  lto-llvm-da5681.o
    0x0800fc28   0x0800fc28   0x00000008   Code   RO          209    .text.wk_timebase_handler  lto-llvm-da5681.o
    0x0800fc30   0x0800fc30   0x00000010   Code   RO          201    .text.wk_timebase_increase  lto-llvm-da5681.o
    0x0800fc40   0x0800fc40   0x00000054   Code   RO          207    .text.wk_timebase_init  lto-llvm-da5681.o
    0x0800fc94   0x0800fc94   0x0000008e   Code   RO          219    .text.wk_tmr2_init  lto-llvm-da5681.o
    0x0800fd22   0x0800fd22   0x00000002   PAD
    0x0800fd24   0x0800fd24   0x0000008e   Code   RO          221    .text.wk_usart1_init  lto-llvm-da5681.o
    0x0800fdb2   0x0800fdb2   0x00000002   PAD
    0x0800fdb4   0x0800fdb4   0x00000014   Code   RO          223    .text.wk_wdt_init   lto-llvm-da5681.o
    0x0800fdc8   0x0800fdc8   0x0000000e   Code   RO          844    i.__scatterload_copy  mc_w.l(handlers.o)
    0x0800fdd6   0x0800fdd6   0x00000002   Code   RO          845    i.__scatterload_null  mc_w.l(handlers.o)
    0x0800fdd8   0x0800fdd8   0x0000000e   Code   RO          846    i.__scatterload_zeroinit  mc_w.l(handlers.o)
    0x0800fde6   0x0800fde6   0x00000002   PAD
    0x0800fde8   0x0800fde8   0x00000018   Data   RO          777    .rodata.EventRecorderInfo  lto-llvm-da5681.o
    0x0800fe00   0x0800fe00   0x00000474   Data   RO          765    .rodata.ascii_1206  lto-llvm-da5681.o
    0x08010274   0x08010274   0x00006180   Data   RO          771    .rodata.ascii_12060  lto-llvm-da5681.o
    0x080163f4   0x080163f4   0x000005f0   Data   RO          766    .rodata.ascii_1608  lto-llvm-da5681.o
    0x080169e4   0x080169e4   0x000011d0   Data   RO          767    .rodata.ascii_2412  lto-llvm-da5681.o
    0x08017bb4   0x08017bb4   0x000017c0   Data   RO          768    .rodata.ascii_3216  lto-llvm-da5681.o
    0x08019374   0x08019374   0x000016c0   Data   RO          769    .rodata.ascii_5628  lto-llvm-da5681.o
    0x0801aa34   0x0801aa34   0x00001a00   Data   RO          770    .rodata.ascii_6432  lto-llvm-da5681.o
    0x0801c434   0x0801c434   0x00000010   Data   RO          683    .rodata.cst16       lto-llvm-da5681.o
    0x0801c444   0x0801c444   0x00000010   Data   RO          682    .rodata.cst8        lto-llvm-da5681.o
    0x0801c454   0x0801c454   0x0000001e   Data   RO          702    .rodata.str1.1      lto-llvm-da5681.o
    0x0801c472   0x0801c472   0x00000002   PAD
    0x0801c474   0x0801c474   0x00000020   Data   RO          843    Region$$Table       anon$$obj.o
    0x0801c494   0x0801c494   0x00000004   Data   RO          778    .init_array         lto-llvm-da5681.o
    0x0801c498   0x0801c494   0x00000000   Data   RO          802    .init_array         mc_w.l(cpp_init.o)


    Execution Region RW_IRAM1 (Exec base: 0x20000000, Load base: 0x0801c4c0, Size: 0x000028b0, Max: 0x00008000, ABSOLUTE)

    Exec Addr    Load Addr    Size         Type   Attr      Idx    E Section Name        Object

    0x20000000   0x0801c4c0   0x00000001   Data   RW          734    .data.EVENT         lto-llvm-da5681.o
    0x20000001   0x0801c4c1   0x00000001   Data   RW          716    .data.FlashProc.last_display_lock_state  lto-llvm-da5681.o
    0x20000002   0x0801c4c2   0x00000001   Data   RW          715    .data.FlashProc.last_speak_state  lto-llvm-da5681.o
    0x20000003   0x0801c4c3   0x00000001   Data   RW          678    .data.SysTick_Handler.beep_run_time  lto-llvm-da5681.o
    0x20000004   0x0801c4c4   0x00000001   Data   RW          680    .data.SysTick_Handler.beep_warning_time  lto-llvm-da5681.o
    0x20000005   0x0801c4c5   0x00000001   Data   RW          679    .data.SysTick_Handler.key_run_time  lto-llvm-da5681.o
    0x20000006   0x0801c4c6   0x00000001   Data   RW          677    .data.SysTick_Handler.pid_run_time  lto-llvm-da5681.o
    0x20000007   0x0801c4c7   0x00000001   PAD
    0x20000008   0x0801c4c8   0x00000004   Data   RW          791    .data.SystemCoreClock  lto-llvm-da5681.o
    0x2000000c   0x0801c4cc   0x00000004   Data   RW          693    .data.actual_temp_1.2  lto-llvm-da5681.o
    0x20000010   0x0801c4d0   0x00000004   Data   RW          694    .data.actual_temp_3.2  lto-llvm-da5681.o
    0x20000014   0x0801c4d4   0x00000004   Data   RW          692    .data.cal_temp_1.2  lto-llvm-da5681.o
    0x20000018   0x0801c4d8   0x00000004   Data   RW          695    .data.ch1_set_temp_1.2  lto-llvm-da5681.o
    0x2000001c   0x0801c4dc   0x00000004   Data   RW          696    .data.ch2_set_temp_1.2  lto-llvm-da5681.o
    0x20000020   0x0801c4e0   0x00000004   Data   RW          697    .data.ch3_set_temp_1.2  lto-llvm-da5681.o
    0x20000024   0x0801c4e4   0x00000001   Data   RW          757    .data.key_event_check.key_event  lto-llvm-da5681.o
    0x20000025   0x0801c4e5   0x00000003   PAD
    0x20000028   0x0801c4e8   0x00000060   Data   RW          727    .data.keys          lto-llvm-da5681.o
    0x20000088   0x0801c548   0x00000002   Data   RW          699    .data.page_switch.show_reset_time  lto-llvm-da5681.o
    0x2000008a   0x0801c54a   0x00000001   Data   RW          745    .data.pc_event      lto-llvm-da5681.o
    0x2000008b   0x0801c54b   0x00000001   Data   RW          736    .data.pwm_control.last_handle_type  lto-llvm-da5681.o
    0x2000008c   0x0801c54c   0x00000004   Data   RW          783    .data.s_wMSUnit     lto-llvm-da5681.o
    0x20000090   0x0801c550   0x00000004   Data   RW          786    .data.s_wUSUnit     lto-llvm-da5681.o
    0x20000094   0x0801c554   0x00000010   Data   RW          755    .data.sbeep         lto-llvm-da5681.o
    0x200000a4   0x0801c564   0x00000004   Data   RW          690    .data.set_temp_1.2  lto-llvm-da5681.o
    0x200000a8   0x0801c568   0x00000004   Data   RW          691    .data.set_temp_3.2  lto-llvm-da5681.o
    0x200000ac   0x0801c56c   0x00000001   Data   RW          708    .data.show_power_bar.refesh_time  lto-llvm-da5681.o
    0x200000ad   0x0801c56d   0x00000001   PAD
    0x200000ae   0x0801c56e   0x00000002   Data   RW          704    .data.show_set_temp.time  lto-llvm-da5681.o
    0x200000b0   0x0801c570   0x00000010   PAD
    0x200000c0        -       0x00000001   Zero   RW          756    .bss.BeepProc.s_BeepStartTime  lto-llvm-da5681.o
    0x200000c1   0x0801c570   0x00000001   PAD
    0x200000c2        -       0x00000002   Zero   RW          724    .bss.FlashProc.a_ver  lto-llvm-da5681.o
    0x200000c4        -       0x00000002   Zero   RW          725    .bss.FlashProc.b_ver  lto-llvm-da5681.o
    0x200000c6        -       0x00000001   Zero   RW          711    .bss.FlashProc.first_start_flag  lto-llvm-da5681.o
    0x200000c7        -       0x00000001   Zero   RW          723    .bss.FlashProc.flash_count  lto-llvm-da5681.o
    0x200000c8        -       0x00000002   Zero   RW          722    .bss.FlashProc.flash_version  lto-llvm-da5681.o
    0x200000ca        -       0x00000002   Zero   RW          718    .bss.FlashProc.last_ch1_set_temp  lto-llvm-da5681.o
    0x200000cc        -       0x00000002   Zero   RW          719    .bss.FlashProc.last_ch2_set_temp  lto-llvm-da5681.o
    0x200000ce        -       0x00000002   Zero   RW          720    .bss.FlashProc.last_ch3_set_temp  lto-llvm-da5681.o
    0x200000d0        -       0x00000002   Zero   RW          712    .bss.FlashProc.last_direct_set_temp  lto-llvm-da5681.o
    0x200000d2        -       0x00000002   Zero   RW          713    .bss.FlashProc.last_set_direct_cal_temp  lto-llvm-da5681.o
    0x200000d4        -       0x00000001   Zero   RW          717    .bss.FlashProc.last_set_sleep_time  lto-llvm-da5681.o
    0x200000d5        -       0x00000001   Zero   RW          721    .bss.FlashProc.last_show_mode  lto-llvm-da5681.o
    0x200000d6        -       0x00000001   Zero   RW          714    .bss.FlashProc.last_temp_uint  lto-llvm-da5681.o
    0x200000d7        -       0x00000001   Zero   RW          710    .bss.FlashProc.sflash.0  lto-llvm-da5681.o
    0x200000d8        -       0x00000001   Zero   RW          726    .bss.KeyProc.set_done  lto-llvm-da5681.o
    0x200000d9   0x0801c570   0x00000001   PAD
    0x200000da        -       0x00000002   Zero   RW          774    .bss.LCD_Show_Curve.power_input_data  lto-llvm-da5681.o
    0x200000dc        -       0x00000002   Zero   RW          773    .bss.LCD_Show_Curve.temp_input_data  lto-llvm-da5681.o
    0x200000de        -       0x00001000   Zero   RW          772    .bss.TranferPicturetoTFT_LCD.Read_data  lto-llvm-da5681.o
    0x200010de   0x0801c570   0x00000002   PAD
    0x200010e0        -       0x00000004   Zero   RW          749    .bss.WriteDataToPC.crc_value  lto-llvm-da5681.o
    0x200010e4        -       0x00000001   Zero   RW          700    .bss.actual_refesh_time  lto-llvm-da5681.o
    0x200010e5        -       0x00000400   Zero   RW          759    .bss.chUsart1RxBuffer  lto-llvm-da5681.o
    0x200014e5        -       0x00000400   Zero   RW          760    .bss.chUsart1TxBuffer  lto-llvm-da5681.o
    0x200018e5        -       0x00000001   Zero   RW          744    .bss.check_handle.no_sleep_times  lto-llvm-da5681.o
    0x200018e6        -       0x00000001   Zero   RW          743    .bss.check_handle.sleep_times  lto-llvm-da5681.o
    0x200018e7        -       0x00000001   Zero   RW          684    .bss.display_handle.display_run  lto-llvm-da5681.o
    0x200018e8        -       0x00000001   Zero   RW          675    .bss.feed_dog_task.first_in  lto-llvm-da5681.o
    0x200018e9   0x0801c570   0x00000007   PAD
    0x200018f0        -       0x00000008   Zero   RW          780    .bss.g_lLastTimeStamp  lto-llvm-da5681.o
    0x200018f8        -       0x00000004   Zero   RW          779    .bss.g_nOffset      lto-llvm-da5681.o
    0x200018fc        -       0x00000001   Zero   RW          748    .bss.iap_flag       lto-llvm-da5681.o
    0x200018fd        -       0x00000001   Zero   RW          728    .bss.key_ch1        lto-llvm-da5681.o
    0x200018fe        -       0x00000001   Zero   RW          729    .bss.key_ch2        lto-llvm-da5681.o
    0x200018ff        -       0x00000001   Zero   RW          730    .bss.key_ch3        lto-llvm-da5681.o
    0x20001900        -       0x00000001   Zero   RW          732    .bss.key_down       lto-llvm-da5681.o
    0x20001901        -       0x00000001   Zero   RW          735    .bss.key_event_handle.delay_time  lto-llvm-da5681.o
    0x20001902        -       0x00000001   Zero   RW          733    .bss.key_set        lto-llvm-da5681.o
    0x20001903        -       0x00000001   Zero   RW          731    .bss.key_up         lto-llvm-da5681.o
    0x20001904        -       0x00000001   Zero   RW          701    .bss.last_output    lto-llvm-da5681.o
    0x20001905   0x0801c570   0x0000003b   PAD
    0x20001940        -       0x000004a4   Zero   RW          776    .bss.noinit         lto-llvm-da5681.o
    0x20001de4        -       0x00000001   Zero   RW          689    .bss.number_change.first_in  lto-llvm-da5681.o
    0x20001de5   0x0801c570   0x00000003   PAD
    0x20001de8        -       0x00000088   Zero   RW          753    .bss.object         lto-llvm-da5681.o
    0x20001e70        -       0x00000001   Zero   RW          698    .bss.page_switch.first_in  lto-llvm-da5681.o
    0x20001e71        -       0x00000001   Zero   RW          746    .bss.pc_comm_handle.time  lto-llvm-da5681.o
    0x20001e72   0x0801c570   0x00000002   PAD
    0x20001e74        -       0x00000214   Zero   RW          747    .bss.pc_data        lto-llvm-da5681.o
    0x20002088        -       0x0000002c   Zero   RW          751    .bss.pid_210        lto-llvm-da5681.o
    0x200020b4        -       0x0000002c   Zero   RW          752    .bss.pid_245        lto-llvm-da5681.o
    0x200020e0        -       0x00000004   Zero   RW          737    .bss.pwm_control.last_set_temp  lto-llvm-da5681.o
    0x200020e4        -       0x00000004   Zero   RW          738    .bss.pwm_control.temp  lto-llvm-da5681.o
    0x200020e8        -       0x00000030   Zero   RW          750    .bss.s1_adc         lto-llvm-da5681.o
    0x20002118        -       0x00000274   Zero   RW          775    .bss.sFWS2_t        lto-llvm-da5681.o
    0x2000238c   0x0801c570   0x00000004   PAD
    0x20002390        -       0x00000008   Zero   RW          788    .bss.s_lOldTimestamp  lto-llvm-da5681.o
    0x20002398        -       0x00000008   Zero   RW          790    .bss.s_lOldTimestampMS  lto-llvm-da5681.o
    0x200023a0        -       0x00000008   Zero   RW          789    .bss.s_lOldTimestampUS  lto-llvm-da5681.o
    0x200023a8        -       0x00000008   Zero   RW          781    .bss.s_lSystemClockCounts  lto-llvm-da5681.o
    0x200023b0        -       0x00000008   Zero   RW          784    .bss.s_lSystemMS    lto-llvm-da5681.o
    0x200023b8        -       0x00000008   Zero   RW          787    .bss.s_lSystemUS    lto-llvm-da5681.o
    0x200023c0        -       0x00000004   Zero   RW          782    .bss.s_wMSResidule  lto-llvm-da5681.o
    0x200023c4        -       0x00000004   Zero   RW          785    .bss.s_wUSResidule  lto-llvm-da5681.o
    0x200023c8        -       0x00000001   Zero   RW          706    .bss.show_actual_temp.cal  lto-llvm-da5681.o
    0x200023c9        -       0x00000001   Zero   RW          709    .bss.show_channel_state.clean_state  lto-llvm-da5681.o
    0x200023ca        -       0x00000002   Zero   RW          688    .bss.show_curve.curve_refresh_time  lto-llvm-da5681.o
    0x200023cc        -       0x00000001   Zero   RW          686    .bss.show_curve.first  lto-llvm-da5681.o
    0x200023cd   0x0801c570   0x00000001   PAD
    0x200023ce        -       0x00000002   Zero   RW          687    .bss.show_curve.power_curve  lto-llvm-da5681.o
    0x200023d0        -       0x00000001   Zero   RW          685    .bss.show_navigation_bar.in_first  lto-llvm-da5681.o
    0x200023d1   0x0801c570   0x00000003   PAD
    0x200023d4        -       0x00000004   Zero   RW          707    .bss.show_power_bar.output  lto-llvm-da5681.o
    0x200023d8        -       0x00000001   Zero   RW          705    .bss.show_set_temp.show_flag  lto-llvm-da5681.o
    0x200023d9        -       0x00000001   Zero   RW          703    .bss.show_set_temp.state  lto-llvm-da5681.o
    0x200023da        -       0x00000001   Zero   RW          740    .bss.sleep_control.first_in  lto-llvm-da5681.o
    0x200023db   0x0801c570   0x00000001   PAD
    0x200023dc        -       0x00000002   Zero   RW          741    .bss.sleep_control.time_count_ms  lto-llvm-da5681.o
    0x200023de        -       0x00000001   Zero   RW          742    .bss.sleep_control.time_count_s  lto-llvm-da5681.o
    0x200023df        -       0x00000001   Zero   RW          739    .bss.sleep_control.wake_up_flag  lto-llvm-da5681.o
    0x200023e0        -       0x00000024   Zero   RW          763    .bss.tUart4Buffer   lto-llvm-da5681.o
    0x20002404        -       0x00000024   Zero   RW          764    .bss.tUart5Buffer   lto-llvm-da5681.o
    0x20002428        -       0x00000024   Zero   RW          758    .bss.tUsart1Buffer  lto-llvm-da5681.o
    0x2000244c        -       0x00000024   Zero   RW          761    .bss.tUsart2Buffer  lto-llvm-da5681.o
    0x20002470        -       0x00000024   Zero   RW          762    .bss.tUsart3Buffer  lto-llvm-da5681.o
    0x20002494        -       0x00000004   Zero   RW          681    .bss.timebase_ticks  lto-llvm-da5681.o
    0x20002498        -       0x00000018   Zero   RW          754    .bss.tmt            lto-llvm-da5681.o
    0x200024b0        -       0x00000400   Zero   RW           28    STACK               startup_at32f415.o


==============================================================================

Image component sizes


      Code (inc. data)   RO Data    RW Data    ZI Data      Debug   Object Name

     45900        262      50830        171       9116     198375   lto-llvm-da5681.o
        36          8        368          0       1024        812   startup_at32f415.o
        28          8          0          0          0        500   systick_wrapper_gnu.o

    ----------------------------------------------------------------------
     46204        278      51232        176      10240     199687   Object Totals
         0          0         32          0          0          0   (incl. Generated)
       240          0          2          5        100          0   (incl. Padding)

    ----------------------------------------------------------------------

      Code (inc. data)   RO Data    RW Data    ZI Data      Debug   Library Member Name

        40          8          0          0          0         80   cpp_init.o
         0          0          0          0          0          0   entry.o
         0          0          0          0          0          0   entry10a.o
         0          0          0          0          0          0   entry11a.o
         8          4          0          0          0          0   entry2.o
         4          0          0          0          0          0   entry5.o
         0          0          0          0          0          0   entry7b.o
         4          0          0          0          0          0   entry8a.o
         0          0          0          0          0          0   entry8b.o
         8          4          0          0          0          0   entry9a.o
        30          0          0          0          0          0   handlers.o
        48         10          0          0          0         68   init.o
         0          0          0          0          0          0   iusefp.o
        30          0          0          0          0         68   llshl.o
        36          0          0          0          0         68   llsshr.o
        32          0          0          0          0         68   llushr.o
        36          0          0          0          0        108   memseta.o
        98          0          0          0          0         92   uldiv.o
        56          0          0          0          0         88   d2f.o
       334          0          0          0          0        148   dadd.o
       222          0          0          0          0        100   ddiv.o
       186          0          0          0          0        176   depilogue.o
        62          0          0          0          0         80   dfixi.o
        38          0          0          0          0         68   f2d.o
       176          0          0          0          0        140   fadd.o
        28          0          0          0          0         68   fcmpeq.o
        28          0          0          0          0         68   fcmpge.o
        28          0          0          0          0         68   fcmpgt.o
        28          0          0          0          0         68   fcmple.o
        28          0          0          0          0         68   fcmplt.o
       124          0          0          0          0         88   fdiv.o
       110          0          0          0          0        168   fepilogue.o
        50          0          0          0          0         68   ffixi.o
        40          0          0          0          0         68   ffixui.o
        18          0          0          0          0         68   fflti.o
        10          0          0          0          0         68   ffltui.o
       100          0          0          0          0         76   fmul.o

    ----------------------------------------------------------------------
      2044         26          0          0          0       2296   Library Totals
         4          0          0          0          0          0   (incl. Padding)

    ----------------------------------------------------------------------

      Code (inc. data)   RO Data    RW Data    ZI Data      Debug   Library Name

       374         26          0          0          0        552   mc_w.l
      1666          0          0          0          0       1744   mf_w.l

    ----------------------------------------------------------------------
      2044         26          0          0          0       2296   Library Totals

    ----------------------------------------------------------------------

==============================================================================


      Code (inc. data)   RO Data    RW Data    ZI Data      Debug   

     48248        304      51232        176      10240     200939   Grand Totals
     48248        304      51232        176      10240     200939   ELF Image Totals
     48248        304      51232        176          0          0   ROM Totals

==============================================================================

    Total RO  Size (Code + RO Data)                99480 (  97.15kB)
    Total RW  Size (RW Data + ZI Data)             10416 (  10.17kB)
    Total ROM Size (Code + RO Data + RW Data)      99656 (  97.32kB)

==============================================================================

